09:44:39 **** Build of project br0101_bsp ****
make -k all 
libgen -hw ../microblaze_hw_platform/system.xml\
	       -lp C:/edk_user_repository/MyProcessorIPLib\
	       -pe microblaze_0 \
	       -log libgen.log \
	       system.mss
libgen
Xilinx EDK 14.7 Build EDK_P.20131013
Copyright (c) 1995-2012 Xilinx, Inc.  All rights reserved.

Command Line: libgen -hw ../microblaze_hw_platform/system.xml -lp
C:/edk_user_repository/MyProcessorIPLib -pe microblaze_0 -log libgen.log
system.mss 


Staging source files.
Running DRCs.
Running generate.
Running post_generate.
Running include - 'make -s include "COMPILER=mb-gcc" "ARCHIVER=mb-ar"
"COMPILER_FLAGS=-mno-xl-soft-mul -mxl-barrel-shift -mxl-pattern-compare
-mcpu=v8.50.c  -O2 -c" "EXTRA_COMPILER_FLAGS=-g -ffunction-sections
-fdata-sections"'.

Running libs - 'make -s libs "COMPILER=mb-gcc" "ARCHIVER=mb-ar"
"COMPILER_FLAGS=-mno-xl-soft-mul -mxl-barrel-shift -mxl-pattern-compare
-mcpu=v8.50.c  -O2 -c" "EXTRA_COMPILER_FLAGS=-g -ffunction-sections
-fdata-sections"'.
Compiling common
Compiling standalone
Compiling bram
Compiling uartlite
Compiling plb_dac
Compiling intc
Compiling cpu
Running execs_generate.
Finished building libraries
09:45:08 **** Build of configuration Debug for project br0101 ****
make all 
Building file: ../src/helloworld.c
Invoking: MicroBlaze gcc compiler
mb-gcc -Wall -O0 -g3 -c -fmessage-length=0 -I../../br0101_bsp/microblaze_0/include -mxl-barrel-shift -mxl-pattern-compare -mcpu=v8.50.c -mno-xl-soft-mul -Wl,--no-relax -ffunction-sections -fdata-sections -MMD -MP -MF"src/helloworld.d" -MT"src/helloworld.d" -o "src/helloworld.o" "../src/helloworld.c"
Finished building: ../src/helloworld.c
 
Building file: ../src/platform.c
Invoking: MicroBlaze gcc compiler
mb-gcc -Wall -O0 -g3 -c -fmessage-length=0 -I../../br0101_bsp/microblaze_0/include -mxl-barrel-shift -mxl-pattern-compare -mcpu=v8.50.c -mno-xl-soft-mul -Wl,--no-relax -ffunction-sections -fdata-sections -MMD -MP -MF"src/platform.d" -MT"src/platform.d" -o "src/platform.o" "../src/platform.c"
Finished building: ../src/platform.c
 
Building target: br0101.elf
Invoking: MicroBlaze gcc linker
mb-gcc -Wl,-T -Wl,../src/lscript.ld -L../../br0101_bsp/microblaze_0/lib -mxl-barrel-shift -mxl-pattern-compare -mcpu=v8.50.c -mno-xl-soft-mul -Wl,--no-relax -Wl,--gc-sections -o "br0101.elf"  ./src/helloworld.o ./src/platform.o   -Wl,--start-group,-lxil,-lgcc,-lc,--end-group
Finished building target: br0101.elf
 
Invoking: MicroBlaze Print Size
mb-size br0101.elf  |tee "br0101.elf.size"
   text	   data	    bss	    dec	    hex	filename
   2430	    308	   2084	   4822	   12d6	br0101.elf
Finished building: br0101.elf.size
 
Invoking: Xilinx ELF Check
elfcheck br0101.elf -hw ../../microblaze_hw_platform/system.xml -pe microblaze_0  |tee "br0101.elf.elfcheck"
elfcheck
Xilinx EDK 14.7 Build EDK_P.20131013
Copyright (c) 1995-2012 Xilinx, Inc.  All rights reserved.

Command Line: elfcheck -hw ../../microblaze_hw_platform/system.xml -pe
microblaze_0 br0101.elf 

ELF file	: br0101.elf
elfcheck passed.
Finished building: br0101.elf.elfcheck
 
10:01:56 **** Auto Build of configuration Debug for project br0101 ****
make all 
Building file: ../src/helloworld.c
Invoking: MicroBlaze gcc compiler
mb-gcc -Wall -O0 -g3 -c -fmessage-length=0 -I../../br0101_bsp/microblaze_0/include -mxl-barrel-shift -mxl-pattern-compare -mcpu=v8.50.c -mno-xl-soft-mul -Wl,--no-relax -ffunction-sections -fdata-sections -MMD -MP -MF"src/helloworld.d" -MT"src/helloworld.d" -o "src/helloworld.o" "../src/helloworld.c"
Finished building: ../src/helloworld.c
 
Building target: br0101.elf
Invoking: MicroBlaze gcc linker
mb-gcc -Wl,-T -Wl,../src/lscript.ld -L../../br0101_bsp/microblaze_0/lib -mxl-barrel-shift -mxl-pattern-compare -mcpu=v8.50.c -mno-xl-soft-mul -Wl,--no-relax -Wl,--gc-sections -o "br0101.elf"  ./src/helloworld.o ./src/platform.o   -Wl,--start-group,-lxil,-lgcc,-lc,--end-group
Finished building target: br0101.elf
 
Invoking: MicroBlaze Print Size
mb-size br0101.elf  |tee "br0101.elf.size"
   text	   data	    bss	    dec	    hex	filename
   5570	    312	   2086	   7968	   1f20	br0101.elf
Finished building: br0101.elf.size
 
Invoking: Xilinx ELF Check
elfcheck br0101.elf -hw ../../microblaze_hw_platform/system.xml -pe microblaze_0  |tee "br0101.elf.elfcheck"
elfcheck
Xilinx EDK 14.7 Build EDK_P.20131013
Copyright (c) 1995-2012 Xilinx, Inc.  All rights reserved.

Command Line: elfcheck -hw ../../microblaze_hw_platform/system.xml -pe
microblaze_0 br0101.elf 

ELF file	: br0101.elf
elfcheck passed.
Finished building: br0101.elf.elfcheck
 
13:33:05 **** Build of project br0101_bsp ****
make -k all 
'Finished building libraries'
13:33:07 **** Clean-only build of configuration Debug for project br0101 ****
make clean 
rm -rf  ./src/helloworld.o ./src/platform.o  ./src/helloworld.d ./src/platform.d  br0101.elf.size  br0101.elf.elfcheck  br0101.elf
' '
13:33:07 **** Build of configuration Debug for project br0101 ****
make all 
'Building file: ../src/helloworld.c'
'Invoking: MicroBlaze gcc compiler'
mb-gcc -Wall -O0 -g3 -c -fmessage-length=0 -I../../br0101_bsp/microblaze_0/include -mxl-barrel-shift -mxl-pattern-compare -mcpu=v8.50.c -mno-xl-soft-mul -Wl,--no-relax -ffunction-sections -fdata-sections -MMD -MP -MF"src/helloworld.d" -MT"src/helloworld.d" -o "src/helloworld.o" "../src/helloworld.c"
'Finished building: ../src/helloworld.c'
' '
'Building file: ../src/platform.c'
'Invoking: MicroBlaze gcc compiler'
mb-gcc -Wall -O0 -g3 -c -fmessage-length=0 -I../../br0101_bsp/microblaze_0/include -mxl-barrel-shift -mxl-pattern-compare -mcpu=v8.50.c -mno-xl-soft-mul -Wl,--no-relax -ffunction-sections -fdata-sections -MMD -MP -MF"src/platform.d" -MT"src/platform.d" -o "src/platform.o" "../src/platform.c"
'Finished building: ../src/platform.c'
' '
'Building target: br0101.elf'
'Invoking: MicroBlaze gcc linker'
mb-gcc -Wl,-T -Wl,../src/lscript.ld -L../../br0101_bsp/microblaze_0/lib -mxl-barrel-shift -mxl-pattern-compare -mcpu=v8.50.c -mno-xl-soft-mul -Wl,--no-relax -Wl,--gc-sections -o "br0101.elf"  ./src/helloworld.o ./src/platform.o   -Wl,--start-group,-lxil,-lgcc,-lc,--end-group
'Finished building target: br0101.elf'
' '
'Invoking: MicroBlaze Print Size'
mb-size br0101.elf  |tee "br0101.elf.size"
   text	   data	    bss	    dec	    hex	filename
   5570	    312	   2086	   7968	   1f20	br0101.elf
'Finished building: br0101.elf.size'
' '
'Invoking: Xilinx ELF Check'
elfcheck br0101.elf -hw ../../microblaze_hw_platform/system.xml -pe microblaze_0  |tee "br0101.elf.elfcheck"
elfcheck
Xilinx EDK 14.7 Build EDK_P.20131013
Copyright (c) 1995-2012 Xilinx, Inc.  All rights reserved.

Command Line: elfcheck -hw ../../microblaze_hw_platform/system.xml -pe
microblaze_0 br0101.elf 

ELF file	: br0101.elf
elfcheck passed.
'Finished building: br0101.elf.elfcheck'
' '
13:34:33 **** Auto Build of configuration Debug for project br0101 ****
make all 
'Building file: ../src/helloworld.c'
'Invoking: MicroBlaze gcc compiler'
mb-gcc -Wall -O0 -g3 -c -fmessage-length=0 -I../../br0101_bsp/microblaze_0/include -mxl-barrel-shift -mxl-pattern-compare -mcpu=v8.50.c -mno-xl-soft-mul -Wl,--no-relax -ffunction-sections -fdata-sections -MMD -MP -MF"src/helloworld.d" -MT"src/helloworld.d" -o "src/helloworld.o" "../src/helloworld.c"
'Finished building: ../src/helloworld.c'
' '
'Building target: br0101.elf'
'Invoking: MicroBlaze gcc linker'
mb-gcc -Wl,-T -Wl,../src/lscript.ld -L../../br0101_bsp/microblaze_0/lib -mxl-barrel-shift -mxl-pattern-compare -mcpu=v8.50.c -mno-xl-soft-mul -Wl,--no-relax -Wl,--gc-sections -o "br0101.elf"  ./src/helloworld.o ./src/platform.o   -Wl,--start-group,-lxil,-lgcc,-lc,--end-group
'Finished building target: br0101.elf'
' '
'Invoking: MicroBlaze Print Size'
mb-size br0101.elf  |tee "br0101.elf.size"
   text	   data	    bss	    dec	    hex	filename
   5570	    312	   2086	   7968	   1f20	br0101.elf
'Finished building: br0101.elf.size'
' '
'Invoking: Xilinx ELF Check'
elfcheck br0101.elf -hw ../../microblaze_hw_platform/system.xml -pe microblaze_0  |tee "br0101.elf.elfcheck"
elfcheck
Xilinx EDK 14.7 Build EDK_P.20131013
Copyright (c) 1995-2012 Xilinx, Inc.  All rights reserved.

Command Line: elfcheck -hw ../../microblaze_hw_platform/system.xml -pe
microblaze_0 br0101.elf 

ELF file	: br0101.elf
elfcheck passed.
'Finished building: br0101.elf.elfcheck'
' '
13:35:09 **** Auto Build of configuration Debug for project br0101 ****
make all 
'Building file: ../src/helloworld.c'
'Invoking: MicroBlaze gcc compiler'
mb-gcc -Wall -O0 -g3 -c -fmessage-length=0 -I../../br0101_bsp/microblaze_0/include -mxl-barrel-shift -mxl-pattern-compare -mcpu=v8.50.c -mno-xl-soft-mul -Wl,--no-relax -ffunction-sections -fdata-sections -MMD -MP -MF"src/helloworld.d" -MT"src/helloworld.d" -o "src/helloworld.o" "../src/helloworld.c"
'Finished building: ../src/helloworld.c'
' '
'Building target: br0101.elf'
'Invoking: MicroBlaze gcc linker'
mb-gcc -Wl,-T -Wl,../src/lscript.ld -L../../br0101_bsp/microblaze_0/lib -mxl-barrel-shift -mxl-pattern-compare -mcpu=v8.50.c -mno-xl-soft-mul -Wl,--no-relax -Wl,--gc-sections -o "br0101.elf"  ./src/helloworld.o ./src/platform.o   -Wl,--start-group,-lxil,-lgcc,-lc,--end-group
'Finished building target: br0101.elf'
' '
'Invoking: MicroBlaze Print Size'
mb-size br0101.elf  |tee "br0101.elf.size"
   text	   data	    bss	    dec	    hex	filename
   5570	    312	   2086	   7968	   1f20	br0101.elf
'Finished building: br0101.elf.size'
' '
'Invoking: Xilinx ELF Check'
elfcheck br0101.elf -hw ../../microblaze_hw_platform/system.xml -pe microblaze_0  |tee "br0101.elf.elfcheck"
elfcheck
Xilinx EDK 14.7 Build EDK_P.20131013
Copyright (c) 1995-2012 Xilinx, Inc.  All rights reserved.

Command Line: elfcheck -hw ../../microblaze_hw_platform/system.xml -pe
microblaze_0 br0101.elf 

ELF file	: br0101.elf
elfcheck passed.
'Finished building: br0101.elf.elfcheck'
' '
13:43:00 **** Auto Build of project br0101_bsp ****
make -k all 
'Finished building libraries'
13:43:42 **** Auto Build of configuration Debug for project br0101 ****
make all 
'Building file: ../src/helloworld.c'
'Invoking: MicroBlaze gcc compiler'
mb-gcc -Wall -O0 -g3 -c -fmessage-length=0 -I../../br0101_bsp/microblaze_0/include -mxl-barrel-shift -mxl-pattern-compare -mcpu=v8.50.c -mno-xl-soft-mul -Wl,--no-relax -ffunction-sections -fdata-sections -MMD -MP -MF"src/helloworld.d" -MT"src/helloworld.d" -o "src/helloworld.o" "../src/helloworld.c"
'Finished building: ../src/helloworld.c'
' '
'Building target: br0101.elf'
'Invoking: MicroBlaze gcc linker'
mb-gcc -Wl,-T -Wl,../src/lscript.ld -L../../br0101_bsp/microblaze_0/lib -mxl-barrel-shift -mxl-pattern-compare -mcpu=v8.50.c -mno-xl-soft-mul -Wl,--no-relax -Wl,--gc-sections -o "br0101.elf"  ./src/helloworld.o ./src/platform.o   -Wl,--start-group,-lxil,-lgcc,-lc,--end-group
'Finished building target: br0101.elf'
' '
'Invoking: MicroBlaze Print Size'
mb-size br0101.elf  |tee "br0101.elf.size"
   text	   data	    bss	    dec	    hex	filename
   5570	    312	   2086	   7968	   1f20	br0101.elf
'Finished building: br0101.elf.size'
' '
'Invoking: Xilinx ELF Check'
elfcheck br0101.elf -hw ../../microblaze_hw_platform/system.xml -pe microblaze_0  |tee "br0101.elf.elfcheck"
elfcheck
Xilinx EDK 14.7 Build EDK_P.20131013
Copyright (c) 1995-2012 Xilinx, Inc.  All rights reserved.

Command Line: elfcheck -hw ../../microblaze_hw_platform/system.xml -pe
microblaze_0 br0101.elf 

ELF file	: br0101.elf
elfcheck passed.
'Finished building: br0101.elf.elfcheck'
' '
13:44:13 **** Auto Build of project br0101_bsp ****
make -k all 
'Finished building libraries'
13:44:33 **** Auto Build of configuration Debug for project br0101 ****
make all 
'Building file: ../src/helloworld.c'
'Invoking: MicroBlaze gcc compiler'
mb-gcc -Wall -O0 -g3 -c -fmessage-length=0 -I../../br0101_bsp/microblaze_0/include -mxl-barrel-shift -mxl-pattern-compare -mcpu=v8.50.c -mno-xl-soft-mul -Wl,--no-relax -ffunction-sections -fdata-sections -MMD -MP -MF"src/helloworld.d" -MT"src/helloworld.d" -o "src/helloworld.o" "../src/helloworld.c"
'Finished building: ../src/helloworld.c'
' '
'Building target: br0101.elf'
'Invoking: MicroBlaze gcc linker'
mb-gcc -Wl,-T -Wl,../src/lscript.ld -L../../br0101_bsp/microblaze_0/lib -mxl-barrel-shift -mxl-pattern-compare -mcpu=v8.50.c -mno-xl-soft-mul -Wl,--no-relax -Wl,--gc-sections -o "br0101.elf"  ./src/helloworld.o ./src/platform.o   -Wl,--start-group,-lxil,-lgcc,-lc,--end-group
'Finished building target: br0101.elf'
' '
'Invoking: MicroBlaze Print Size'
mb-size br0101.elf  |tee "br0101.elf.size"
   text	   data	    bss	    dec	    hex	filename
   5570	    312	   2086	   7968	   1f20	br0101.elf
'Finished building: br0101.elf.size'
' '
'Invoking: Xilinx ELF Check'
elfcheck br0101.elf -hw ../../microblaze_hw_platform/system.xml -pe microblaze_0  |tee "br0101.elf.elfcheck"
elfcheck
Xilinx EDK 14.7 Build EDK_P.20131013
Copyright (c) 1995-2012 Xilinx, Inc.  All rights reserved.

Command Line: elfcheck -hw ../../microblaze_hw_platform/system.xml -pe
microblaze_0 br0101.elf 

ELF file	: br0101.elf
elfcheck passed.
'Finished building: br0101.elf.elfcheck'
' '
13:44:51 **** Auto Build of project br0101_bsp ****
make -k all 
'Finished building libraries'
13:49:29 **** Auto Build of configuration Debug for project br0101 ****
make all 
'Building file: ../src/helloworld.c'
'Invoking: MicroBlaze gcc compiler'
mb-gcc -Wall -O0 -g3 -c -fmessage-length=0 -I../../br0101_bsp/microblaze_0/include -mxl-barrel-shift -mxl-pattern-compare -mcpu=v8.50.c -mno-xl-soft-mul -Wl,--no-relax -ffunction-sections -fdata-sections -MMD -MP -MF"src/helloworld.d" -MT"src/helloworld.d" -o "src/helloworld.o" "../src/helloworld.c"
'Finished building: ../src/helloworld.c'
' '
'Building target: br0101.elf'
'Invoking: MicroBlaze gcc linker'
mb-gcc -Wl,-T -Wl,../src/lscript.ld -L../../br0101_bsp/microblaze_0/lib -mxl-barrel-shift -mxl-pattern-compare -mcpu=v8.50.c -mno-xl-soft-mul -Wl,--no-relax -Wl,--gc-sections -o "br0101.elf"  ./src/helloworld.o ./src/platform.o   -Wl,--start-group,-lxil,-lgcc,-lc,--end-group
'Finished building target: br0101.elf'
' '
'Invoking: MicroBlaze Print Size'
mb-size br0101.elf  |tee "br0101.elf.size"
   text	   data	    bss	    dec	    hex	filename
   5682	    312	   2086	   8080	   1f90	br0101.elf
'Finished building: br0101.elf.size'
' '
'Invoking: Xilinx ELF Check'
elfcheck br0101.elf -hw ../../microblaze_hw_platform/system.xml -pe microblaze_0  |tee "br0101.elf.elfcheck"
elfcheck
Xilinx EDK 14.7 Build EDK_P.20131013
Copyright (c) 1995-2012 Xilinx, Inc.  All rights reserved.

Command Line: elfcheck -hw ../../microblaze_hw_platform/system.xml -pe
microblaze_0 br0101.elf 

ELF file	: br0101.elf
elfcheck passed.
'Finished building: br0101.elf.elfcheck'
' '
13:49:47 **** Auto Build of project br0101_bsp ****
make -k all 
'Finished building libraries'
13:50:42 **** Auto Build of configuration Debug for project br0101 ****
make all 
'Building file: ../src/helloworld.c'
'Invoking: MicroBlaze gcc compiler'
mb-gcc -Wall -O0 -g3 -c -fmessage-length=0 -I../../br0101_bsp/microblaze_0/include -mxl-barrel-shift -mxl-pattern-compare -mcpu=v8.50.c -mno-xl-soft-mul -Wl,--no-relax -ffunction-sections -fdata-sections -MMD -MP -MF"src/helloworld.d" -MT"src/helloworld.d" -o "src/helloworld.o" "../src/helloworld.c"
'Finished building: ../src/helloworld.c'
' '
'Building target: br0101.elf'
'Invoking: MicroBlaze gcc linker'
mb-gcc -Wl,-T -Wl,../src/lscript.ld -L../../br0101_bsp/microblaze_0/lib -mxl-barrel-shift -mxl-pattern-compare -mcpu=v8.50.c -mno-xl-soft-mul -Wl,--no-relax -Wl,--gc-sections -o "br0101.elf"  ./src/helloworld.o ./src/platform.o   -Wl,--start-group,-lxil,-lgcc,-lc,--end-group
'Finished building target: br0101.elf'
' '
'Invoking: MicroBlaze Print Size'
mb-size br0101.elf  |tee "br0101.elf.size"
   text	   data	    bss	    dec	    hex	filename
   5682	    312	   2086	   8080	   1f90	br0101.elf
'Finished building: br0101.elf.size'
' '
'Invoking: Xilinx ELF Check'
elfcheck br0101.elf -hw ../../microblaze_hw_platform/system.xml -pe microblaze_0  |tee "br0101.elf.elfcheck"
elfcheck
Xilinx EDK 14.7 Build EDK_P.20131013
Copyright (c) 1995-2012 Xilinx, Inc.  All rights reserved.

Command Line: elfcheck -hw ../../microblaze_hw_platform/system.xml -pe
microblaze_0 br0101.elf 

ELF file	: br0101.elf
elfcheck passed.
'Finished building: br0101.elf.elfcheck'
' '
13:51:01 **** Auto Build of project br0101_bsp ****
make -k all 
'Finished building libraries'
13:53:37 **** Auto Build of configuration Debug for project br0101 ****
make all 
'Building file: ../src/helloworld.c'
'Invoking: MicroBlaze gcc compiler'
mb-gcc -Wall -O0 -g3 -c -fmessage-length=0 -I../../br0101_bsp/microblaze_0/include -mxl-barrel-shift -mxl-pattern-compare -mcpu=v8.50.c -mno-xl-soft-mul -Wl,--no-relax -ffunction-sections -fdata-sections -MMD -MP -MF"src/helloworld.d" -MT"src/helloworld.d" -o "src/helloworld.o" "../src/helloworld.c"
'Finished building: ../src/helloworld.c'
' '
'Building target: br0101.elf'
'Invoking: MicroBlaze gcc linker'
mb-gcc -Wl,-T -Wl,../src/lscript.ld -L../../br0101_bsp/microblaze_0/lib -mxl-barrel-shift -mxl-pattern-compare -mcpu=v8.50.c -mno-xl-soft-mul -Wl,--no-relax -Wl,--gc-sections -o "br0101.elf"  ./src/helloworld.o ./src/platform.o   -Wl,--start-group,-lxil,-lgcc,-lc,--end-group
'Finished building target: br0101.elf'
' '
'Invoking: MicroBlaze Print Size'
mb-size br0101.elf  |tee "br0101.elf.size"
   text	   data	    bss	    dec	    hex	filename
   5682	    312	   2086	   8080	   1f90	br0101.elf
'Finished building: br0101.elf.size'
' '
'Invoking: Xilinx ELF Check'
elfcheck br0101.elf -hw ../../microblaze_hw_platform/system.xml -pe microblaze_0  |tee "br0101.elf.elfcheck"
elfcheck
Xilinx EDK 14.7 Build EDK_P.20131013
Copyright (c) 1995-2012 Xilinx, Inc.  All rights reserved.

Command Line: elfcheck -hw ../../microblaze_hw_platform/system.xml -pe
microblaze_0 br0101.elf 

ELF file	: br0101.elf
elfcheck passed.
'Finished building: br0101.elf.elfcheck'
' '
13:54:07 **** Auto Build of project br0101_bsp ****
make -k all 
'Finished building libraries'
13:56:48 **** Auto Build of configuration Debug for project br0101 ****
make all 
'Building file: ../src/helloworld.c'
'Invoking: MicroBlaze gcc compiler'
mb-gcc -Wall -O0 -g3 -c -fmessage-length=0 -I../../br0101_bsp/microblaze_0/include -mxl-barrel-shift -mxl-pattern-compare -mcpu=v8.50.c -mno-xl-soft-mul -Wl,--no-relax -ffunction-sections -fdata-sections -MMD -MP -MF"src/helloworld.d" -MT"src/helloworld.d" -o "src/helloworld.o" "../src/helloworld.c"
'Finished building: ../src/helloworld.c'
' '
'Building target: br0101.elf'
'Invoking: MicroBlaze gcc linker'
mb-gcc -Wl,-T -Wl,../src/lscript.ld -L../../br0101_bsp/microblaze_0/lib -mxl-barrel-shift -mxl-pattern-compare -mcpu=v8.50.c -mno-xl-soft-mul -Wl,--no-relax -Wl,--gc-sections -o "br0101.elf"  ./src/helloworld.o ./src/platform.o   -Wl,--start-group,-lxil,-lgcc,-lc,--end-group
'Finished building target: br0101.elf'
' '
'Invoking: MicroBlaze Print Size'
mb-size br0101.elf  |tee "br0101.elf.size"
   text	   data	    bss	    dec	    hex	filename
   5682	    312	   2086	   8080	   1f90	br0101.elf
'Finished building: br0101.elf.size'
' '
'Invoking: Xilinx ELF Check'
elfcheck br0101.elf -hw ../../microblaze_hw_platform/system.xml -pe microblaze_0  |tee "br0101.elf.elfcheck"
elfcheck
Xilinx EDK 14.7 Build EDK_P.20131013
Copyright (c) 1995-2012 Xilinx, Inc.  All rights reserved.

Command Line: elfcheck -hw ../../microblaze_hw_platform/system.xml -pe
microblaze_0 br0101.elf 

ELF file	: br0101.elf
elfcheck passed.
'Finished building: br0101.elf.elfcheck'
' '
13:57:03 **** Auto Build of project br0101_bsp ****
make -k all 
'Finished building libraries'
13:58:48 **** Auto Build of configuration Debug for project br0101 ****
make all 
'Building file: ../src/helloworld.c'
'Invoking: MicroBlaze gcc compiler'
mb-gcc -Wall -O0 -g3 -c -fmessage-length=0 -I../../br0101_bsp/microblaze_0/include -mxl-barrel-shift -mxl-pattern-compare -mcpu=v8.50.c -mno-xl-soft-mul -Wl,--no-relax -ffunction-sections -fdata-sections -MMD -MP -MF"src/helloworld.d" -MT"src/helloworld.d" -o "src/helloworld.o" "../src/helloworld.c"
../src/helloworld.c: In function 'main':
../src/helloworld.c:44:16: warning: unused variable 'i' [-Wunused-variable]
'Finished building: ../src/helloworld.c'
' '
'Building target: br0101.elf'
'Invoking: MicroBlaze gcc linker'
mb-gcc -Wl,-T -Wl,../src/lscript.ld -L../../br0101_bsp/microblaze_0/lib -mxl-barrel-shift -mxl-pattern-compare -mcpu=v8.50.c -mno-xl-soft-mul -Wl,--no-relax -Wl,--gc-sections -o "br0101.elf"  ./src/helloworld.o ./src/platform.o   -Wl,--start-group,-lxil,-lgcc,-lc,--end-group
'Finished building target: br0101.elf'
' '
'Invoking: MicroBlaze Print Size'
mb-size br0101.elf  |tee "br0101.elf.size"
   text	   data	    bss	    dec	    hex	filename
   5610	    312	   2086	   8008	   1f48	br0101.elf
'Finished building: br0101.elf.size'
' '
'Invoking: Xilinx ELF Check'
elfcheck br0101.elf -hw ../../microblaze_hw_platform/system.xml -pe microblaze_0  |tee "br0101.elf.elfcheck"
elfcheck
Xilinx EDK 14.7 Build EDK_P.20131013
Copyright (c) 1995-2012 Xilinx, Inc.  All rights reserved.

Command Line: elfcheck -hw ../../microblaze_hw_platform/system.xml -pe
microblaze_0 br0101.elf 

ELF file	: br0101.elf
elfcheck passed.
'Finished building: br0101.elf.elfcheck'
' '
13:59:04 **** Auto Build of project br0101_bsp ****
make -k all 
'Finished building libraries'
14:15:24 **** Incremental Build of configuration Debug for project br0101 ****
make all 
make: Nothing to be done for `all'.
14:18:25 **** Auto Build of configuration Debug for project br0101 ****
make all 
'Building file: ../src/helloworld.c'
'Invoking: MicroBlaze gcc compiler'
mb-gcc -Wall -O0 -g3 -c -fmessage-length=0 -I../../br0101_bsp/microblaze_0/include -mxl-barrel-shift -mxl-pattern-compare -mcpu=v8.50.c -mno-xl-soft-mul -Wl,--no-relax -ffunction-sections -fdata-sections -MMD -MP -MF"src/helloworld.d" -MT"src/helloworld.d" -o "src/helloworld.o" "../src/helloworld.c"
../src/helloworld.c: In function 'main':
../src/helloworld.c:81:6: warning: suggest parentheses around comparison in operand of '&' [-Wparentheses]
'Finished building: ../src/helloworld.c'
' '
'Building target: br0101.elf'
'Invoking: MicroBlaze gcc linker'
mb-gcc -Wl,-T -Wl,../src/lscript.ld -L../../br0101_bsp/microblaze_0/lib -mxl-barrel-shift -mxl-pattern-compare -mcpu=v8.50.c -mno-xl-soft-mul -Wl,--no-relax -Wl,--gc-sections -o "br0101.elf"  ./src/helloworld.o ./src/platform.o   -Wl,--start-group,-lxil,-lgcc,-lc,--end-group
'Finished building target: br0101.elf'
' '
'Invoking: MicroBlaze Print Size'
mb-size br0101.elf  |tee "br0101.elf.size"
   text	   data	    bss	    dec	    hex	filename
   5942	    312	   2080	   8334	   208e	br0101.elf
'Finished building: br0101.elf.size'
' '
'Invoking: Xilinx ELF Check'
elfcheck br0101.elf -hw ../../microblaze_hw_platform/system.xml -pe microblaze_0  |tee "br0101.elf.elfcheck"
elfcheck
Xilinx EDK 14.7 Build EDK_P.20131013
Copyright (c) 1995-2012 Xilinx, Inc.  All rights reserved.

Command Line: elfcheck -hw ../../microblaze_hw_platform/system.xml -pe
microblaze_0 br0101.elf 

ELF file	: br0101.elf
elfcheck passed.
'Finished building: br0101.elf.elfcheck'
' '
14:18:41 **** Auto Build of project br0101_bsp ****
make -k all 
'Finished building libraries'
14:19:47 **** Auto Build of configuration Debug for project br0101 ****
make all 
'Building file: ../src/helloworld.c'
'Invoking: MicroBlaze gcc compiler'
mb-gcc -Wall -O0 -g3 -c -fmessage-length=0 -I../../br0101_bsp/microblaze_0/include -mxl-barrel-shift -mxl-pattern-compare -mcpu=v8.50.c -mno-xl-soft-mul -Wl,--no-relax -ffunction-sections -fdata-sections -MMD -MP -MF"src/helloworld.d" -MT"src/helloworld.d" -o "src/helloworld.o" "../src/helloworld.c"
../src/helloworld.c: In function 'main':
../src/helloworld.c:81:6: warning: suggest parentheses around comparison in operand of '&' [-Wparentheses]
'Finished building: ../src/helloworld.c'
' '
'Building target: br0101.elf'
'Invoking: MicroBlaze gcc linker'
mb-gcc -Wl,-T -Wl,../src/lscript.ld -L../../br0101_bsp/microblaze_0/lib -mxl-barrel-shift -mxl-pattern-compare -mcpu=v8.50.c -mno-xl-soft-mul -Wl,--no-relax -Wl,--gc-sections -o "br0101.elf"  ./src/helloworld.o ./src/platform.o   -Wl,--start-group,-lxil,-lgcc,-lc,--end-group
'Finished building target: br0101.elf'
' '
'Invoking: MicroBlaze Print Size'
mb-size br0101.elf  |tee "br0101.elf.size"
   text	   data	    bss	    dec	    hex	filename
   5978	    312	   2086	   8376	   20b8	br0101.elf
'Finished building: br0101.elf.size'
' '
'Invoking: Xilinx ELF Check'
elfcheck br0101.elf -hw ../../microblaze_hw_platform/system.xml -pe microblaze_0  |tee "br0101.elf.elfcheck"
elfcheck
Xilinx EDK 14.7 Build EDK_P.20131013
Copyright (c) 1995-2012 Xilinx, Inc.  All rights reserved.

Command Line: elfcheck -hw ../../microblaze_hw_platform/system.xml -pe
microblaze_0 br0101.elf 

ELF file	: br0101.elf
elfcheck passed.
'Finished building: br0101.elf.elfcheck'
' '
14:19:53 **** Auto Build of configuration Debug for project br0101 ****
make all 
'Building file: ../src/helloworld.c'
'Invoking: MicroBlaze gcc compiler'
mb-gcc -Wall -O0 -g3 -c -fmessage-length=0 -I../../br0101_bsp/microblaze_0/include -mxl-barrel-shift -mxl-pattern-compare -mcpu=v8.50.c -mno-xl-soft-mul -Wl,--no-relax -ffunction-sections -fdata-sections -MMD -MP -MF"src/helloworld.d" -MT"src/helloworld.d" -o "src/helloworld.o" "../src/helloworld.c"
../src/helloworld.c: In function 'main':
../src/helloworld.c:81:6: warning: suggest parentheses around comparison in operand of '&' [-Wparentheses]
'Finished building: ../src/helloworld.c'
' '
'Building target: br0101.elf'
'Invoking: MicroBlaze gcc linker'
mb-gcc -Wl,-T -Wl,../src/lscript.ld -L../../br0101_bsp/microblaze_0/lib -mxl-barrel-shift -mxl-pattern-compare -mcpu=v8.50.c -mno-xl-soft-mul -Wl,--no-relax -Wl,--gc-sections -o "br0101.elf"  ./src/helloworld.o ./src/platform.o   -Wl,--start-group,-lxil,-lgcc,-lc,--end-group
'Finished building target: br0101.elf'
' '
'Invoking: MicroBlaze Print Size'
mb-size br0101.elf  |tee "br0101.elf.size"
   text	   data	    bss	    dec	    hex	filename
   6014	    312	   2080	   8406	   20d6	br0101.elf
'Finished building: br0101.elf.size'
' '
'Invoking: Xilinx ELF Check'
elfcheck br0101.elf -hw ../../microblaze_hw_platform/system.xml -pe microblaze_0  |tee "br0101.elf.elfcheck"
elfcheck
Xilinx EDK 14.7 Build EDK_P.20131013
Copyright (c) 1995-2012 Xilinx, Inc.  All rights reserved.

Command Line: elfcheck -hw ../../microblaze_hw_platform/system.xml -pe
microblaze_0 br0101.elf 

ELF file	: br0101.elf
elfcheck passed.
'Finished building: br0101.elf.elfcheck'
' '
14:20:15 **** Auto Build of project br0101_bsp ****
make -k all 
'Finished building libraries'
14:32:22 **** Auto Build of configuration Debug for project br0101 ****
make all 
'Building file: ../src/helloworld.c'
'Invoking: MicroBlaze gcc compiler'
mb-gcc -Wall -O0 -g3 -c -fmessage-length=0 -I../../br0101_bsp/microblaze_0/include -mxl-barrel-shift -mxl-pattern-compare -mcpu=v8.50.c -mno-xl-soft-mul -Wl,--no-relax -ffunction-sections -fdata-sections -MMD -MP -MF"src/helloworld.d" -MT"src/helloworld.d" -o "src/helloworld.o" "../src/helloworld.c"
../src/helloworld.c: In function 'main':
../src/helloworld.c:81:6: warning: suggest parentheses around comparison in operand of '&' [-Wparentheses]
'Finished building: ../src/helloworld.c'
' '
'Building target: br0101.elf'
'Invoking: MicroBlaze gcc linker'
mb-gcc -Wl,-T -Wl,../src/lscript.ld -L../../br0101_bsp/microblaze_0/lib -mxl-barrel-shift -mxl-pattern-compare -mcpu=v8.50.c -mno-xl-soft-mul -Wl,--no-relax -Wl,--gc-sections -o "br0101.elf"  ./src/helloworld.o ./src/platform.o   -Wl,--start-group,-lxil,-lgcc,-lc,--end-group
'Finished building target: br0101.elf'
' '
'Invoking: MicroBlaze Print Size'
mb-size br0101.elf  |tee "br0101.elf.size"
   text	   data	    bss	    dec	    hex	filename
   6094	    312	   2080	   8486	   2126	br0101.elf
'Finished building: br0101.elf.size'
' '
'Invoking: Xilinx ELF Check'
elfcheck br0101.elf -hw ../../microblaze_hw_platform/system.xml -pe microblaze_0  |tee "br0101.elf.elfcheck"
elfcheck
Xilinx EDK 14.7 Build EDK_P.20131013
Copyright (c) 1995-2012 Xilinx, Inc.  All rights reserved.

Command Line: elfcheck -hw ../../microblaze_hw_platform/system.xml -pe
microblaze_0 br0101.elf 

ELF file	: br0101.elf
elfcheck passed.
'Finished building: br0101.elf.elfcheck'
' '
14:32:38 **** Auto Build of project br0101_bsp ****
make -k all 
'Finished building libraries'
14:34:15 **** Auto Build of configuration Debug for project br0101 ****
make all 
'Building file: ../src/helloworld.c'
'Invoking: MicroBlaze gcc compiler'
mb-gcc -Wall -O0 -g3 -c -fmessage-length=0 -I../../br0101_bsp/microblaze_0/include -mxl-barrel-shift -mxl-pattern-compare -mcpu=v8.50.c -mno-xl-soft-mul -Wl,--no-relax -ffunction-sections -fdata-sections -MMD -MP -MF"src/helloworld.d" -MT"src/helloworld.d" -o "src/helloworld.o" "../src/helloworld.c"
../src/helloworld.c: In function 'main':
../src/helloworld.c:81:6: warning: suggest parentheses around comparison in operand of '&' [-Wparentheses]
'Finished building: ../src/helloworld.c'
' '
'Building target: br0101.elf'
'Invoking: MicroBlaze gcc linker'
mb-gcc -Wl,-T -Wl,../src/lscript.ld -L../../br0101_bsp/microblaze_0/lib -mxl-barrel-shift -mxl-pattern-compare -mcpu=v8.50.c -mno-xl-soft-mul -Wl,--no-relax -Wl,--gc-sections -o "br0101.elf"  ./src/helloworld.o ./src/platform.o   -Wl,--start-group,-lxil,-lgcc,-lc,--end-group
'Finished building target: br0101.elf'
' '
'Invoking: MicroBlaze Print Size'
mb-size br0101.elf  |tee "br0101.elf.size"
   text	   data	    bss	    dec	    hex	filename
   6030	    312	   2080	   8422	   20e6	br0101.elf
'Finished building: br0101.elf.size'
' '
'Invoking: Xilinx ELF Check'
elfcheck br0101.elf -hw ../../microblaze_hw_platform/system.xml -pe microblaze_0  |tee "br0101.elf.elfcheck"
elfcheck
Xilinx EDK 14.7 Build EDK_P.20131013
Copyright (c) 1995-2012 Xilinx, Inc.  All rights reserved.

Command Line: elfcheck -hw ../../microblaze_hw_platform/system.xml -pe
microblaze_0 br0101.elf 

ELF file	: br0101.elf
elfcheck passed.
'Finished building: br0101.elf.elfcheck'
' '
14:34:30 **** Auto Build of project br0101_bsp ****
make -k all 
'Finished building libraries'
14:37:53 **** Auto Build of configuration Debug for project br0101 ****
make all 
'Building file: ../src/helloworld.c'
'Invoking: MicroBlaze gcc compiler'
mb-gcc -Wall -O0 -g3 -c -fmessage-length=0 -I../../br0101_bsp/microblaze_0/include -mxl-barrel-shift -mxl-pattern-compare -mcpu=v8.50.c -mno-xl-soft-mul -Wl,--no-relax -ffunction-sections -fdata-sections -MMD -MP -MF"src/helloworld.d" -MT"src/helloworld.d" -o "src/helloworld.o" "../src/helloworld.c"
../src/helloworld.c: In function 'main':
../src/helloworld.c:81:6: warning: suggest parentheses around comparison in operand of '&' [-Wparentheses]
'Finished building: ../src/helloworld.c'
' '
'Building target: br0101.elf'
'Invoking: MicroBlaze gcc linker'
mb-gcc -Wl,-T -Wl,../src/lscript.ld -L../../br0101_bsp/microblaze_0/lib -mxl-barrel-shift -mxl-pattern-compare -mcpu=v8.50.c -mno-xl-soft-mul -Wl,--no-relax -Wl,--gc-sections -o "br0101.elf"  ./src/helloworld.o ./src/platform.o   -Wl,--start-group,-lxil,-lgcc,-lc,--end-group
'Finished building target: br0101.elf'
' '
'Invoking: MicroBlaze Print Size'
mb-size br0101.elf  |tee "br0101.elf.size"
   text	   data	    bss	    dec	    hex	filename
   6030	    312	   2080	   8422	   20e6	br0101.elf
'Finished building: br0101.elf.size'
' '
'Invoking: Xilinx ELF Check'
elfcheck br0101.elf -hw ../../microblaze_hw_platform/system.xml -pe microblaze_0  |tee "br0101.elf.elfcheck"
elfcheck
Xilinx EDK 14.7 Build EDK_P.20131013
Copyright (c) 1995-2012 Xilinx, Inc.  All rights reserved.

Command Line: elfcheck -hw ../../microblaze_hw_platform/system.xml -pe
microblaze_0 br0101.elf 

ELF file	: br0101.elf
elfcheck passed.
'Finished building: br0101.elf.elfcheck'
' '
14:38:40 **** Auto Build of configuration Debug for project br0101 ****
make all 
'Building file: ../src/helloworld.c'
'Invoking: MicroBlaze gcc compiler'
mb-gcc -Wall -O0 -g3 -c -fmessage-length=0 -I../../br0101_bsp/microblaze_0/include -mxl-barrel-shift -mxl-pattern-compare -mcpu=v8.50.c -mno-xl-soft-mul -Wl,--no-relax -ffunction-sections -fdata-sections -MMD -MP -MF"src/helloworld.d" -MT"src/helloworld.d" -o "src/helloworld.o" "../src/helloworld.c"
../src/helloworld.c: In function 'main':
../src/helloworld.c:81:6: warning: suggest parentheses around comparison in operand of '&' [-Wparentheses]
'Finished building: ../src/helloworld.c'
' '
'Building target: br0101.elf'
'Invoking: MicroBlaze gcc linker'
mb-gcc -Wl,-T -Wl,../src/lscript.ld -L../../br0101_bsp/microblaze_0/lib -mxl-barrel-shift -mxl-pattern-compare -mcpu=v8.50.c -mno-xl-soft-mul -Wl,--no-relax -Wl,--gc-sections -o "br0101.elf"  ./src/helloworld.o ./src/platform.o   -Wl,--start-group,-lxil,-lgcc,-lc,--end-group
'Finished building target: br0101.elf'
' '
'Invoking: MicroBlaze Print Size'
mb-size br0101.elf  |tee "br0101.elf.size"
   text	   data	    bss	    dec	    hex	filename
   6142	    312	   2080	   8534	   2156	br0101.elf
'Finished building: br0101.elf.size'
' '
'Invoking: Xilinx ELF Check'
elfcheck br0101.elf -hw ../../microblaze_hw_platform/system.xml -pe microblaze_0  |tee "br0101.elf.elfcheck"
elfcheck
Xilinx EDK 14.7 Build EDK_P.20131013
Copyright (c) 1995-2012 Xilinx, Inc.  All rights reserved.

Command Line: elfcheck -hw ../../microblaze_hw_platform/system.xml -pe
microblaze_0 br0101.elf 

ELF file	: br0101.elf
elfcheck passed.
'Finished building: br0101.elf.elfcheck'
' '
14:38:55 **** Auto Build of project br0101_bsp ****
make -k all 
'Finished building libraries'
14:39:43 **** Auto Build of configuration Debug for project br0101 ****
make all 
'Building file: ../src/helloworld.c'
'Invoking: MicroBlaze gcc compiler'
mb-gcc -Wall -O0 -g3 -c -fmessage-length=0 -I../../br0101_bsp/microblaze_0/include -mxl-barrel-shift -mxl-pattern-compare -mcpu=v8.50.c -mno-xl-soft-mul -Wl,--no-relax -ffunction-sections -fdata-sections -MMD -MP -MF"src/helloworld.d" -MT"src/helloworld.d" -o "src/helloworld.o" "../src/helloworld.c"
../src/helloworld.c: In function 'main':
../src/helloworld.c:81:6: warning: suggest parentheses around comparison in operand of '&' [-Wparentheses]
'Finished building: ../src/helloworld.c'
' '
'Building target: br0101.elf'
'Invoking: MicroBlaze gcc linker'
mb-gcc -Wl,-T -Wl,../src/lscript.ld -L../../br0101_bsp/microblaze_0/lib -mxl-barrel-shift -mxl-pattern-compare -mcpu=v8.50.c -mno-xl-soft-mul -Wl,--no-relax -Wl,--gc-sections -o "br0101.elf"  ./src/helloworld.o ./src/platform.o   -Wl,--start-group,-lxil,-lgcc,-lc,--end-group
'Finished building target: br0101.elf'
' '
'Invoking: MicroBlaze Print Size'
mb-size br0101.elf  |tee "br0101.elf.size"
   text	   data	    bss	    dec	    hex	filename
   6150	    312	   2080	   8542	   215e	br0101.elf
'Finished building: br0101.elf.size'
' '
'Invoking: Xilinx ELF Check'
elfcheck br0101.elf -hw ../../microblaze_hw_platform/system.xml -pe microblaze_0  |tee "br0101.elf.elfcheck"
elfcheck
Xilinx EDK 14.7 Build EDK_P.20131013
Copyright (c) 1995-2012 Xilinx, Inc.  All rights reserved.

Command Line: elfcheck -hw ../../microblaze_hw_platform/system.xml -pe
microblaze_0 br0101.elf 

ELF file	: br0101.elf
elfcheck passed.
'Finished building: br0101.elf.elfcheck'
' '
14:39:58 **** Auto Build of project br0101_bsp ****
make -k all 
'Finished building libraries'
14:44:13 **** Auto Build of configuration Debug for project br0101 ****
make all 
'Building file: ../src/helloworld.c'
'Invoking: MicroBlaze gcc compiler'
mb-gcc -Wall -O0 -g3 -c -fmessage-length=0 -I../../br0101_bsp/microblaze_0/include -mxl-barrel-shift -mxl-pattern-compare -mcpu=v8.50.c -mno-xl-soft-mul -Wl,--no-relax -ffunction-sections -fdata-sections -MMD -MP -MF"src/helloworld.d" -MT"src/helloworld.d" -o "src/helloworld.o" "../src/helloworld.c"
../src/helloworld.c: In function 'main':
../src/helloworld.c:81:6: warning: suggest parentheses around comparison in operand of '&' [-Wparentheses]
'Finished building: ../src/helloworld.c'
' '
'Building target: br0101.elf'
'Invoking: MicroBlaze gcc linker'
mb-gcc -Wl,-T -Wl,../src/lscript.ld -L../../br0101_bsp/microblaze_0/lib -mxl-barrel-shift -mxl-pattern-compare -mcpu=v8.50.c -mno-xl-soft-mul -Wl,--no-relax -Wl,--gc-sections -o "br0101.elf"  ./src/helloworld.o ./src/platform.o   -Wl,--start-group,-lxil,-lgcc,-lc,--end-group
'Finished building target: br0101.elf'
' '
'Invoking: MicroBlaze Print Size'
mb-size br0101.elf  |tee "br0101.elf.size"
   text	   data	    bss	    dec	    hex	filename
   6150	    312	   2080	   8542	   215e	br0101.elf
'Finished building: br0101.elf.size'
' '
'Invoking: Xilinx ELF Check'
elfcheck br0101.elf -hw ../../microblaze_hw_platform/system.xml -pe microblaze_0  |tee "br0101.elf.elfcheck"
elfcheck
Xilinx EDK 14.7 Build EDK_P.20131013
Copyright (c) 1995-2012 Xilinx, Inc.  All rights reserved.

Command Line: elfcheck -hw ../../microblaze_hw_platform/system.xml -pe
microblaze_0 br0101.elf 

ELF file	: br0101.elf
elfcheck passed.
'Finished building: br0101.elf.elfcheck'
' '
14:44:31 **** Auto Build of project br0101_bsp ****
make -k all 
'Finished building libraries'
14:45:41 **** Auto Build of configuration Debug for project br0101 ****
make all 
'Building file: ../src/helloworld.c'
'Invoking: MicroBlaze gcc compiler'
mb-gcc -Wall -O0 -g3 -c -fmessage-length=0 -I../../br0101_bsp/microblaze_0/include -mxl-barrel-shift -mxl-pattern-compare -mcpu=v8.50.c -mno-xl-soft-mul -Wl,--no-relax -ffunction-sections -fdata-sections -MMD -MP -MF"src/helloworld.d" -MT"src/helloworld.d" -o "src/helloworld.o" "../src/helloworld.c"
../src/helloworld.c: In function 'main':
../src/helloworld.c:81:6: warning: suggest parentheses around comparison in operand of '&' [-Wparentheses]
'Finished building: ../src/helloworld.c'
' '
'Building target: br0101.elf'
'Invoking: MicroBlaze gcc linker'
mb-gcc -Wl,-T -Wl,../src/lscript.ld -L../../br0101_bsp/microblaze_0/lib -mxl-barrel-shift -mxl-pattern-compare -mcpu=v8.50.c -mno-xl-soft-mul -Wl,--no-relax -Wl,--gc-sections -o "br0101.elf"  ./src/helloworld.o ./src/platform.o   -Wl,--start-group,-lxil,-lgcc,-lc,--end-group
'Finished building target: br0101.elf'
' '
'Invoking: MicroBlaze Print Size'
mb-size br0101.elf  |tee "br0101.elf.size"
   text	   data	    bss	    dec	    hex	filename
   6150	    312	   2080	   8542	   215e	br0101.elf
'Finished building: br0101.elf.size'
' '
'Invoking: Xilinx ELF Check'
elfcheck br0101.elf -hw ../../microblaze_hw_platform/system.xml -pe microblaze_0  |tee "br0101.elf.elfcheck"
elfcheck
Xilinx EDK 14.7 Build EDK_P.20131013
Copyright (c) 1995-2012 Xilinx, Inc.  All rights reserved.

Command Line: elfcheck -hw ../../microblaze_hw_platform/system.xml -pe
microblaze_0 br0101.elf 

ELF file	: br0101.elf
elfcheck passed.
'Finished building: br0101.elf.elfcheck'
' '
14:46:03 **** Auto Build of project br0101_bsp ****
make -k all 
'Finished building libraries'
14:53:47 **** Auto Build of configuration Debug for project br0101 ****
make all 
'Building file: ../src/helloworld.c'
'Invoking: MicroBlaze gcc compiler'
mb-gcc -Wall -O0 -g3 -c -fmessage-length=0 -I../../br0101_bsp/microblaze_0/include -mxl-barrel-shift -mxl-pattern-compare -mcpu=v8.50.c -mno-xl-soft-mul -Wl,--no-relax -ffunction-sections -fdata-sections -MMD -MP -MF"src/helloworld.d" -MT"src/helloworld.d" -o "src/helloworld.o" "../src/helloworld.c"
../src/helloworld.c: In function 'main':
../src/helloworld.c:44:16: warning: unused variable 'i' [-Wunused-variable]
'Finished building: ../src/helloworld.c'
' '
'Building target: br0101.elf'
'Invoking: MicroBlaze gcc linker'
mb-gcc -Wl,-T -Wl,../src/lscript.ld -L../../br0101_bsp/microblaze_0/lib -mxl-barrel-shift -mxl-pattern-compare -mcpu=v8.50.c -mno-xl-soft-mul -Wl,--no-relax -Wl,--gc-sections -o "br0101.elf"  ./src/helloworld.o ./src/platform.o   -Wl,--start-group,-lxil,-lgcc,-lc,--end-group
'Finished building target: br0101.elf'
' '
'Invoking: MicroBlaze Print Size'
mb-size br0101.elf  |tee "br0101.elf.size"
   text	   data	    bss	    dec	    hex	filename
   5770	    312	   2086	   8168	   1fe8	br0101.elf
'Finished building: br0101.elf.size'
' '
'Invoking: Xilinx ELF Check'
elfcheck br0101.elf -hw ../../microblaze_hw_platform/system.xml -pe microblaze_0  |tee "br0101.elf.elfcheck"
elfcheck
Xilinx EDK 14.7 Build EDK_P.20131013
Copyright (c) 1995-2012 Xilinx, Inc.  All rights reserved.

Command Line: elfcheck -hw ../../microblaze_hw_platform/system.xml -pe
microblaze_0 br0101.elf 

ELF file	: br0101.elf
elfcheck passed.
'Finished building: br0101.elf.elfcheck'
' '
14:54:05 **** Auto Build of project br0101_bsp ****
make -k all 
'Finished building libraries'
14:56:46 **** Auto Build of configuration Debug for project br0101 ****
make all 
'Building file: ../src/helloworld.c'
'Invoking: MicroBlaze gcc compiler'
mb-gcc -Wall -O0 -g3 -c -fmessage-length=0 -I../../br0101_bsp/microblaze_0/include -mxl-barrel-shift -mxl-pattern-compare -mcpu=v8.50.c -mno-xl-soft-mul -Wl,--no-relax -ffunction-sections -fdata-sections -MMD -MP -MF"src/helloworld.d" -MT"src/helloworld.d" -o "src/helloworld.o" "../src/helloworld.c"
'Finished building: ../src/helloworld.c'
' '
'Building target: br0101.elf'
'Invoking: MicroBlaze gcc linker'
mb-gcc -Wl,-T -Wl,../src/lscript.ld -L../../br0101_bsp/microblaze_0/lib -mxl-barrel-shift -mxl-pattern-compare -mcpu=v8.50.c -mno-xl-soft-mul -Wl,--no-relax -Wl,--gc-sections -o "br0101.elf"  ./src/helloworld.o ./src/platform.o   -Wl,--start-group,-lxil,-lgcc,-lc,--end-group
'Finished building target: br0101.elf'
' '
'Invoking: MicroBlaze Print Size'
mb-size br0101.elf  |tee "br0101.elf.size"
   text	   data	    bss	    dec	    hex	filename
   5906	    312	   2086	   8304	   2070	br0101.elf
'Finished building: br0101.elf.size'
' '
'Invoking: Xilinx ELF Check'
elfcheck br0101.elf -hw ../../microblaze_hw_platform/system.xml -pe microblaze_0  |tee "br0101.elf.elfcheck"
elfcheck
Xilinx EDK 14.7 Build EDK_P.20131013
Copyright (c) 1995-2012 Xilinx, Inc.  All rights reserved.

Command Line: elfcheck -hw ../../microblaze_hw_platform/system.xml -pe
microblaze_0 br0101.elf 

ELF file	: br0101.elf
elfcheck passed.
'Finished building: br0101.elf.elfcheck'
' '
14:57:00 **** Auto Build of project br0101_bsp ****
make -k all 
'Finished building libraries'
15:01:36 **** Auto Build of configuration Debug for project br0101 ****
make all 
'Building file: ../src/helloworld.c'
'Invoking: MicroBlaze gcc compiler'
mb-gcc -Wall -O0 -g3 -c -fmessage-length=0 -I../../br0101_bsp/microblaze_0/include -mxl-barrel-shift -mxl-pattern-compare -mcpu=v8.50.c -mno-xl-soft-mul -Wl,--no-relax -ffunction-sections -fdata-sections -MMD -MP -MF"src/helloworld.d" -MT"src/helloworld.d" -o "src/helloworld.o" "../src/helloworld.c"
'Finished building: ../src/helloworld.c'
' '
'Building target: br0101.elf'
'Invoking: MicroBlaze gcc linker'
mb-gcc -Wl,-T -Wl,../src/lscript.ld -L../../br0101_bsp/microblaze_0/lib -mxl-barrel-shift -mxl-pattern-compare -mcpu=v8.50.c -mno-xl-soft-mul -Wl,--no-relax -Wl,--gc-sections -o "br0101.elf"  ./src/helloworld.o ./src/platform.o   -Wl,--start-group,-lxil,-lgcc,-lc,--end-group
'Finished building target: br0101.elf'
' '
'Invoking: MicroBlaze Print Size'
mb-size br0101.elf  |tee "br0101.elf.size"
   text	   data	    bss	    dec	    hex	filename
   5906	    312	   2086	   8304	   2070	br0101.elf
'Finished building: br0101.elf.size'
' '
'Invoking: Xilinx ELF Check'
elfcheck br0101.elf -hw ../../microblaze_hw_platform/system.xml -pe microblaze_0  |tee "br0101.elf.elfcheck"
elfcheck
Xilinx EDK 14.7 Build EDK_P.20131013
Copyright (c) 1995-2012 Xilinx, Inc.  All rights reserved.

Command Line: elfcheck -hw ../../microblaze_hw_platform/system.xml -pe
microblaze_0 br0101.elf 

ELF file	: br0101.elf
elfcheck passed.
'Finished building: br0101.elf.elfcheck'
' '
15:01:57 **** Auto Build of project br0101_bsp ****
make -k all 
'Finished building libraries'
15:10:03 **** Auto Build of configuration Debug for project br0101 ****
make all 
'Building file: ../src/helloworld.c'
'Invoking: MicroBlaze gcc compiler'
mb-gcc -Wall -O0 -g3 -c -fmessage-length=0 -I../../br0101_bsp/microblaze_0/include -mxl-barrel-shift -mxl-pattern-compare -mcpu=v8.50.c -mno-xl-soft-mul -Wl,--no-relax -ffunction-sections -fdata-sections -MMD -MP -MF"src/helloworld.d" -MT"src/helloworld.d" -o "src/helloworld.o" "../src/helloworld.c"
'Finished building: ../src/helloworld.c'
' '
'Building target: br0101.elf'
'Invoking: MicroBlaze gcc linker'
mb-gcc -Wl,-T -Wl,../src/lscript.ld -L../../br0101_bsp/microblaze_0/lib -mxl-barrel-shift -mxl-pattern-compare -mcpu=v8.50.c -mno-xl-soft-mul -Wl,--no-relax -Wl,--gc-sections -o "br0101.elf"  ./src/helloworld.o ./src/platform.o   -Wl,--start-group,-lxil,-lgcc,-lc,--end-group
'Finished building target: br0101.elf'
' '
'Invoking: MicroBlaze Print Size'
mb-size br0101.elf  |tee "br0101.elf.size"
   text	   data	    bss	    dec	    hex	filename
   6042	    312	   2086	   8440	   20f8	br0101.elf
'Finished building: br0101.elf.size'
' '
'Invoking: Xilinx ELF Check'
elfcheck br0101.elf -hw ../../microblaze_hw_platform/system.xml -pe microblaze_0  |tee "br0101.elf.elfcheck"
elfcheck
Xilinx EDK 14.7 Build EDK_P.20131013
Copyright (c) 1995-2012 Xilinx, Inc.  All rights reserved.

Command Line: elfcheck -hw ../../microblaze_hw_platform/system.xml -pe
microblaze_0 br0101.elf 

ELF file	: br0101.elf
elfcheck passed.
'Finished building: br0101.elf.elfcheck'
' '
15:10:21 **** Auto Build of project br0101_bsp ****
make -k all 
'Finished building libraries'
15:11:35 **** Auto Build of configuration Debug for project br0101 ****
make all 
'Building file: ../src/helloworld.c'
'Invoking: MicroBlaze gcc compiler'
mb-gcc -Wall -O0 -g3 -c -fmessage-length=0 -I../../br0101_bsp/microblaze_0/include -mxl-barrel-shift -mxl-pattern-compare -mcpu=v8.50.c -mno-xl-soft-mul -Wl,--no-relax -ffunction-sections -fdata-sections -MMD -MP -MF"src/helloworld.d" -MT"src/helloworld.d" -o "src/helloworld.o" "../src/helloworld.c"
'Finished building: ../src/helloworld.c'
' '
'Building target: br0101.elf'
'Invoking: MicroBlaze gcc linker'
mb-gcc -Wl,-T -Wl,../src/lscript.ld -L../../br0101_bsp/microblaze_0/lib -mxl-barrel-shift -mxl-pattern-compare -mcpu=v8.50.c -mno-xl-soft-mul -Wl,--no-relax -Wl,--gc-sections -o "br0101.elf"  ./src/helloworld.o ./src/platform.o   -Wl,--start-group,-lxil,-lgcc,-lc,--end-group
'Finished building target: br0101.elf'
' '
'Invoking: MicroBlaze Print Size'
mb-size br0101.elf  |tee "br0101.elf.size"
   text	   data	    bss	    dec	    hex	filename
   6042	    312	   2086	   8440	   20f8	br0101.elf
'Finished building: br0101.elf.size'
' '
'Invoking: Xilinx ELF Check'
elfcheck br0101.elf -hw ../../microblaze_hw_platform/system.xml -pe microblaze_0  |tee "br0101.elf.elfcheck"
elfcheck
Xilinx EDK 14.7 Build EDK_P.20131013
Copyright (c) 1995-2012 Xilinx, Inc.  All rights reserved.

Command Line: elfcheck -hw ../../microblaze_hw_platform/system.xml -pe
microblaze_0 br0101.elf 

ELF file	: br0101.elf
elfcheck passed.
'Finished building: br0101.elf.elfcheck'
' '
15:12:16 **** Auto Build of project br0101_bsp ****
make -k all 
'Finished building libraries'
15:12:47 **** Auto Build of configuration Debug for project br0101 ****
make all 
'Building file: ../src/helloworld.c'
'Invoking: MicroBlaze gcc compiler'
mb-gcc -Wall -O0 -g3 -c -fmessage-length=0 -I../../br0101_bsp/microblaze_0/include -mxl-barrel-shift -mxl-pattern-compare -mcpu=v8.50.c -mno-xl-soft-mul -Wl,--no-relax -ffunction-sections -fdata-sections -MMD -MP -MF"src/helloworld.d" -MT"src/helloworld.d" -o "src/helloworld.o" "../src/helloworld.c"
'Finished building: ../src/helloworld.c'
' '
'Building target: br0101.elf'
'Invoking: MicroBlaze gcc linker'
mb-gcc -Wl,-T -Wl,../src/lscript.ld -L../../br0101_bsp/microblaze_0/lib -mxl-barrel-shift -mxl-pattern-compare -mcpu=v8.50.c -mno-xl-soft-mul -Wl,--no-relax -Wl,--gc-sections -o "br0101.elf"  ./src/helloworld.o ./src/platform.o   -Wl,--start-group,-lxil,-lgcc,-lc,--end-group
'Finished building target: br0101.elf'
' '
'Invoking: MicroBlaze Print Size'
mb-size br0101.elf  |tee "br0101.elf.size"
   text	   data	    bss	    dec	    hex	filename
   6042	    312	   2086	   8440	   20f8	br0101.elf
'Finished building: br0101.elf.size'
' '
'Invoking: Xilinx ELF Check'
elfcheck br0101.elf -hw ../../microblaze_hw_platform/system.xml -pe microblaze_0  |tee "br0101.elf.elfcheck"
elfcheck
Xilinx EDK 14.7 Build EDK_P.20131013
Copyright (c) 1995-2012 Xilinx, Inc.  All rights reserved.

Command Line: elfcheck -hw ../../microblaze_hw_platform/system.xml -pe
microblaze_0 br0101.elf 

ELF file	: br0101.elf
elfcheck passed.
'Finished building: br0101.elf.elfcheck'
' '
15:13:05 **** Auto Build of project br0101_bsp ****
make -k all 
'Finished building libraries'
15:16:07 **** Auto Build of configuration Debug for project br0101 ****
make all 
'Building file: ../src/helloworld.c'
'Invoking: MicroBlaze gcc compiler'
mb-gcc -Wall -O0 -g3 -c -fmessage-length=0 -I../../br0101_bsp/microblaze_0/include -mxl-barrel-shift -mxl-pattern-compare -mcpu=v8.50.c -mno-xl-soft-mul -Wl,--no-relax -ffunction-sections -fdata-sections -MMD -MP -MF"src/helloworld.d" -MT"src/helloworld.d" -o "src/helloworld.o" "../src/helloworld.c"
'Finished building: ../src/helloworld.c'
' '
'Building target: br0101.elf'
'Invoking: MicroBlaze gcc linker'
mb-gcc -Wl,-T -Wl,../src/lscript.ld -L../../br0101_bsp/microblaze_0/lib -mxl-barrel-shift -mxl-pattern-compare -mcpu=v8.50.c -mno-xl-soft-mul -Wl,--no-relax -Wl,--gc-sections -o "br0101.elf"  ./src/helloworld.o ./src/platform.o   -Wl,--start-group,-lxil,-lgcc,-lc,--end-group
'Finished building target: br0101.elf'
' '
'Invoking: MicroBlaze Print Size'
mb-size br0101.elf  |tee "br0101.elf.size"
   text	   data	    bss	    dec	    hex	filename
   6170	    312	   2086	   8568	   2178	br0101.elf
'Finished building: br0101.elf.size'
' '
'Invoking: Xilinx ELF Check'
elfcheck br0101.elf -hw ../../microblaze_hw_platform/system.xml -pe microblaze_0  |tee "br0101.elf.elfcheck"
elfcheck
Xilinx EDK 14.7 Build EDK_P.20131013
Copyright (c) 1995-2012 Xilinx, Inc.  All rights reserved.

Command Line: elfcheck -hw ../../microblaze_hw_platform/system.xml -pe
microblaze_0 br0101.elf 

ELF file	: br0101.elf
elfcheck passed.
'Finished building: br0101.elf.elfcheck'
' '
15:16:39 **** Auto Build of project br0101_bsp ****
make -k all 
'Finished building libraries'
15:19:21 **** Auto Build of configuration Debug for project br0101 ****
make all 
'Building file: ../src/helloworld.c'
'Invoking: MicroBlaze gcc compiler'
mb-gcc -Wall -O0 -g3 -c -fmessage-length=0 -I../../br0101_bsp/microblaze_0/include -mxl-barrel-shift -mxl-pattern-compare -mcpu=v8.50.c -mno-xl-soft-mul -Wl,--no-relax -ffunction-sections -fdata-sections -MMD -MP -MF"src/helloworld.d" -MT"src/helloworld.d" -o "src/helloworld.o" "../src/helloworld.c"
'Finished building: ../src/helloworld.c'
' '
'Building target: br0101.elf'
'Invoking: MicroBlaze gcc linker'
mb-gcc -Wl,-T -Wl,../src/lscript.ld -L../../br0101_bsp/microblaze_0/lib -mxl-barrel-shift -mxl-pattern-compare -mcpu=v8.50.c -mno-xl-soft-mul -Wl,--no-relax -Wl,--gc-sections -o "br0101.elf"  ./src/helloworld.o ./src/platform.o   -Wl,--start-group,-lxil,-lgcc,-lc,--end-group
'Finished building target: br0101.elf'
' '
'Invoking: MicroBlaze Print Size'
mb-size br0101.elf  |tee "br0101.elf.size"
   text	   data	    bss	    dec	    hex	filename
   6170	    312	   2086	   8568	   2178	br0101.elf
'Finished building: br0101.elf.size'
' '
'Invoking: Xilinx ELF Check'
elfcheck br0101.elf -hw ../../microblaze_hw_platform/system.xml -pe microblaze_0  |tee "br0101.elf.elfcheck"
elfcheck
Xilinx EDK 14.7 Build EDK_P.20131013
Copyright (c) 1995-2012 Xilinx, Inc.  All rights reserved.

Command Line: elfcheck -hw ../../microblaze_hw_platform/system.xml -pe
microblaze_0 br0101.elf 

ELF file	: br0101.elf
elfcheck passed.
'Finished building: br0101.elf.elfcheck'
' '
15:19:45 **** Auto Build of project br0101_bsp ****
make -k all 
'Finished building libraries'
15:23:44 **** Auto Build of configuration Debug for project br0101 ****
make all 
'Building file: ../src/helloworld.c'
'Invoking: MicroBlaze gcc compiler'
mb-gcc -Wall -O0 -g3 -c -fmessage-length=0 -I../../br0101_bsp/microblaze_0/include -mxl-barrel-shift -mxl-pattern-compare -mcpu=v8.50.c -mno-xl-soft-mul -Wl,--no-relax -ffunction-sections -fdata-sections -MMD -MP -MF"src/helloworld.d" -MT"src/helloworld.d" -o "src/helloworld.o" "../src/helloworld.c"
'Finished building: ../src/helloworld.c'
' '
'Building target: br0101.elf'
'Invoking: MicroBlaze gcc linker'
mb-gcc -Wl,-T -Wl,../src/lscript.ld -L../../br0101_bsp/microblaze_0/lib -mxl-barrel-shift -mxl-pattern-compare -mcpu=v8.50.c -mno-xl-soft-mul -Wl,--no-relax -Wl,--gc-sections -o "br0101.elf"  ./src/helloworld.o ./src/platform.o   -Wl,--start-group,-lxil,-lgcc,-lc,--end-group
'Finished building target: br0101.elf'
' '
'Invoking: MicroBlaze Print Size'
mb-size br0101.elf  |tee "br0101.elf.size"
   text	   data	    bss	    dec	    hex	filename
   6170	    312	   2086	   8568	   2178	br0101.elf
'Finished building: br0101.elf.size'
' '
'Invoking: Xilinx ELF Check'
elfcheck br0101.elf -hw ../../microblaze_hw_platform/system.xml -pe microblaze_0  |tee "br0101.elf.elfcheck"
elfcheck
Xilinx EDK 14.7 Build EDK_P.20131013
Copyright (c) 1995-2012 Xilinx, Inc.  All rights reserved.

Command Line: elfcheck -hw ../../microblaze_hw_platform/system.xml -pe
microblaze_0 br0101.elf 

ELF file	: br0101.elf
elfcheck passed.
'Finished building: br0101.elf.elfcheck'
' '
15:24:01 **** Auto Build of project br0101_bsp ****
make -k all 
'Finished building libraries'
15:33:37 **** Auto Build of configuration Debug for project br0101 ****
make all 
'Building file: ../src/helloworld.c'
'Invoking: MicroBlaze gcc compiler'
mb-gcc -Wall -O0 -g3 -c -fmessage-length=0 -I../../br0101_bsp/microblaze_0/include -mxl-barrel-shift -mxl-pattern-compare -mcpu=v8.50.c -mno-xl-soft-mul -Wl,--no-relax -ffunction-sections -fdata-sections -MMD -MP -MF"src/helloworld.d" -MT"src/helloworld.d" -o "src/helloworld.o" "../src/helloworld.c"
'Finished building: ../src/helloworld.c'
' '
'Building target: br0101.elf'
'Invoking: MicroBlaze gcc linker'
mb-gcc -Wl,-T -Wl,../src/lscript.ld -L../../br0101_bsp/microblaze_0/lib -mxl-barrel-shift -mxl-pattern-compare -mcpu=v8.50.c -mno-xl-soft-mul -Wl,--no-relax -Wl,--gc-sections -o "br0101.elf"  ./src/helloworld.o ./src/platform.o   -Wl,--start-group,-lxil,-lgcc,-lc,--end-group
'Finished building target: br0101.elf'
' '
'Invoking: MicroBlaze Print Size'
mb-size br0101.elf  |tee "br0101.elf.size"
   text	   data	    bss	    dec	    hex	filename
   6210	    312	   2086	   8608	   21a0	br0101.elf
'Finished building: br0101.elf.size'
' '
'Invoking: Xilinx ELF Check'
elfcheck br0101.elf -hw ../../microblaze_hw_platform/system.xml -pe microblaze_0  |tee "br0101.elf.elfcheck"
elfcheck
Xilinx EDK 14.7 Build EDK_P.20131013
Copyright (c) 1995-2012 Xilinx, Inc.  All rights reserved.

Command Line: elfcheck -hw ../../microblaze_hw_platform/system.xml -pe
microblaze_0 br0101.elf 

ELF file	: br0101.elf
elfcheck passed.
'Finished building: br0101.elf.elfcheck'
' '
15:33:56 **** Auto Build of project br0101_bsp ****
make -k all 
'Finished building libraries'
15:36:31 **** Auto Build of configuration Debug for project br0101 ****
make all 
'Building file: ../src/helloworld.c'
'Invoking: MicroBlaze gcc compiler'
mb-gcc -Wall -O0 -g3 -c -fmessage-length=0 -I../../br0101_bsp/microblaze_0/include -mxl-barrel-shift -mxl-pattern-compare -mcpu=v8.50.c -mno-xl-soft-mul -Wl,--no-relax -ffunction-sections -fdata-sections -MMD -MP -MF"src/helloworld.d" -MT"src/helloworld.d" -o "src/helloworld.o" "../src/helloworld.c"
'Finished building: ../src/helloworld.c'
' '
'Building target: br0101.elf'
'Invoking: MicroBlaze gcc linker'
mb-gcc -Wl,-T -Wl,../src/lscript.ld -L../../br0101_bsp/microblaze_0/lib -mxl-barrel-shift -mxl-pattern-compare -mcpu=v8.50.c -mno-xl-soft-mul -Wl,--no-relax -Wl,--gc-sections -o "br0101.elf"  ./src/helloworld.o ./src/platform.o   -Wl,--start-group,-lxil,-lgcc,-lc,--end-group
'Finished building target: br0101.elf'
' '
'Invoking: MicroBlaze Print Size'
mb-size br0101.elf  |tee "br0101.elf.size"
   text	   data	    bss	    dec	    hex	filename
   6210	    312	   2086	   8608	   21a0	br0101.elf
'Finished building: br0101.elf.size'
' '
'Invoking: Xilinx ELF Check'
elfcheck br0101.elf -hw ../../microblaze_hw_platform/system.xml -pe microblaze_0  |tee "br0101.elf.elfcheck"
elfcheck
Xilinx EDK 14.7 Build EDK_P.20131013
Copyright (c) 1995-2012 Xilinx, Inc.  All rights reserved.

Command Line: elfcheck -hw ../../microblaze_hw_platform/system.xml -pe
microblaze_0 br0101.elf 

ELF file	: br0101.elf
elfcheck passed.
'Finished building: br0101.elf.elfcheck'
' '
15:36:46 **** Auto Build of project br0101_bsp ****
make -k all 
'Finished building libraries'
15:37:03 **** Auto Build of configuration Debug for project br0101 ****
make all 
'Building file: ../src/helloworld.c'
'Invoking: MicroBlaze gcc compiler'
mb-gcc -Wall -O0 -g3 -c -fmessage-length=0 -I../../br0101_bsp/microblaze_0/include -mxl-barrel-shift -mxl-pattern-compare -mcpu=v8.50.c -mno-xl-soft-mul -Wl,--no-relax -ffunction-sections -fdata-sections -MMD -MP -MF"src/helloworld.d" -MT"src/helloworld.d" -o "src/helloworld.o" "../src/helloworld.c"
'Finished building: ../src/helloworld.c'
' '
'Building target: br0101.elf'
'Invoking: MicroBlaze gcc linker'
mb-gcc -Wl,-T -Wl,../src/lscript.ld -L../../br0101_bsp/microblaze_0/lib -mxl-barrel-shift -mxl-pattern-compare -mcpu=v8.50.c -mno-xl-soft-mul -Wl,--no-relax -Wl,--gc-sections -o "br0101.elf"  ./src/helloworld.o ./src/platform.o   -Wl,--start-group,-lxil,-lgcc,-lc,--end-group
'Finished building target: br0101.elf'
' '
'Invoking: MicroBlaze Print Size'
mb-size br0101.elf  |tee "br0101.elf.size"
   text	   data	    bss	    dec	    hex	filename
   6210	    312	   2086	   8608	   21a0	br0101.elf
'Finished building: br0101.elf.size'
' '
'Invoking: Xilinx ELF Check'
elfcheck br0101.elf -hw ../../microblaze_hw_platform/system.xml -pe microblaze_0  |tee "br0101.elf.elfcheck"
elfcheck
Xilinx EDK 14.7 Build EDK_P.20131013
Copyright (c) 1995-2012 Xilinx, Inc.  All rights reserved.

Command Line: elfcheck -hw ../../microblaze_hw_platform/system.xml -pe
microblaze_0 br0101.elf 

ELF file	: br0101.elf
elfcheck passed.
'Finished building: br0101.elf.elfcheck'
' '
15:37:17 **** Auto Build of project br0101_bsp ****
make -k all 
'Finished building libraries'
15:38:47 **** Auto Build of configuration Debug for project br0101 ****
make all 
'Building file: ../src/helloworld.c'
'Invoking: MicroBlaze gcc compiler'
mb-gcc -Wall -O0 -g3 -c -fmessage-length=0 -I../../br0101_bsp/microblaze_0/include -mxl-barrel-shift -mxl-pattern-compare -mcpu=v8.50.c -mno-xl-soft-mul -Wl,--no-relax -ffunction-sections -fdata-sections -MMD -MP -MF"src/helloworld.d" -MT"src/helloworld.d" -o "src/helloworld.o" "../src/helloworld.c"
'Finished building: ../src/helloworld.c'
' '
'Building target: br0101.elf'
'Invoking: MicroBlaze gcc linker'
mb-gcc -Wl,-T -Wl,../src/lscript.ld -L../../br0101_bsp/microblaze_0/lib -mxl-barrel-shift -mxl-pattern-compare -mcpu=v8.50.c -mno-xl-soft-mul -Wl,--no-relax -Wl,--gc-sections -o "br0101.elf"  ./src/helloworld.o ./src/platform.o   -Wl,--start-group,-lxil,-lgcc,-lc,--end-group
'Finished building target: br0101.elf'
' '
'Invoking: MicroBlaze Print Size'
mb-size br0101.elf  |tee "br0101.elf.size"
   text	   data	    bss	    dec	    hex	filename
   6202	    312	   2086	   8600	   2198	br0101.elf
'Finished building: br0101.elf.size'
' '
'Invoking: Xilinx ELF Check'
elfcheck br0101.elf -hw ../../microblaze_hw_platform/system.xml -pe microblaze_0  |tee "br0101.elf.elfcheck"
elfcheck
Xilinx EDK 14.7 Build EDK_P.20131013
Copyright (c) 1995-2012 Xilinx, Inc.  All rights reserved.

Command Line: elfcheck -hw ../../microblaze_hw_platform/system.xml -pe
microblaze_0 br0101.elf 

ELF file	: br0101.elf
elfcheck passed.
'Finished building: br0101.elf.elfcheck'
' '
15:39:03 **** Auto Build of project br0101_bsp ****
make -k all 
'Finished building libraries'
15:40:07 **** Auto Build of project br0101_bsp ****
make -k all 
'Finished building libraries'
15:41:47 **** Auto Build of configuration Debug for project br0101 ****
make all 
'Building file: ../src/helloworld.c'
'Invoking: MicroBlaze gcc compiler'
mb-gcc -Wall -O0 -g3 -c -fmessage-length=0 -I../../br0101_bsp/microblaze_0/include -mxl-barrel-shift -mxl-pattern-compare -mcpu=v8.50.c -mno-xl-soft-mul -Wl,--no-relax -ffunction-sections -fdata-sections -MMD -MP -MF"src/helloworld.d" -MT"src/helloworld.d" -o "src/helloworld.o" "../src/helloworld.c"
'Finished building: ../src/helloworld.c'
' '
'Building target: br0101.elf'
'Invoking: MicroBlaze gcc linker'
mb-gcc -Wl,-T -Wl,../src/lscript.ld -L../../br0101_bsp/microblaze_0/lib -mxl-barrel-shift -mxl-pattern-compare -mcpu=v8.50.c -mno-xl-soft-mul -Wl,--no-relax -Wl,--gc-sections -o "br0101.elf"  ./src/helloworld.o ./src/platform.o   -Wl,--start-group,-lxil,-lgcc,-lc,--end-group
'Finished building target: br0101.elf'
' '
'Invoking: MicroBlaze Print Size'
mb-size br0101.elf  |tee "br0101.elf.size"
   text	   data	    bss	    dec	    hex	filename
   6034	    312	   2086	   8432	   20f0	br0101.elf
'Finished building: br0101.elf.size'
' '
'Invoking: Xilinx ELF Check'
elfcheck br0101.elf -hw ../../microblaze_hw_platform/system.xml -pe microblaze_0  |tee "br0101.elf.elfcheck"
elfcheck
Xilinx EDK 14.7 Build EDK_P.20131013
Copyright (c) 1995-2012 Xilinx, Inc.  All rights reserved.

Command Line: elfcheck -hw ../../microblaze_hw_platform/system.xml -pe
microblaze_0 br0101.elf 

ELF file	: br0101.elf
elfcheck passed.
'Finished building: br0101.elf.elfcheck'
' '
15:42:03 **** Auto Build of project br0101_bsp ****
make -k all 
'Finished building libraries'
15:46:27 **** Auto Build of configuration Debug for project br0101 ****
make all 
'Building file: ../src/helloworld.c'
'Invoking: MicroBlaze gcc compiler'
mb-gcc -Wall -O0 -g3 -c -fmessage-length=0 -I../../br0101_bsp/microblaze_0/include -mxl-barrel-shift -mxl-pattern-compare -mcpu=v8.50.c -mno-xl-soft-mul -Wl,--no-relax -ffunction-sections -fdata-sections -MMD -MP -MF"src/helloworld.d" -MT"src/helloworld.d" -o "src/helloworld.o" "../src/helloworld.c"
'Finished building: ../src/helloworld.c'
' '
'Building target: br0101.elf'
'Invoking: MicroBlaze gcc linker'
mb-gcc -Wl,-T -Wl,../src/lscript.ld -L../../br0101_bsp/microblaze_0/lib -mxl-barrel-shift -mxl-pattern-compare -mcpu=v8.50.c -mno-xl-soft-mul -Wl,--no-relax -Wl,--gc-sections -o "br0101.elf"  ./src/helloworld.o ./src/platform.o   -Wl,--start-group,-lxil,-lgcc,-lc,--end-group
'Finished building target: br0101.elf'
' '
'Invoking: MicroBlaze Print Size'
mb-size br0101.elf  |tee "br0101.elf.size"
   text	   data	    bss	    dec	    hex	filename
   6042	    312	   2086	   8440	   20f8	br0101.elf
'Finished building: br0101.elf.size'
' '
'Invoking: Xilinx ELF Check'
elfcheck br0101.elf -hw ../../microblaze_hw_platform/system.xml -pe microblaze_0  |tee "br0101.elf.elfcheck"
elfcheck
Xilinx EDK 14.7 Build EDK_P.20131013
Copyright (c) 1995-2012 Xilinx, Inc.  All rights reserved.

Command Line: elfcheck -hw ../../microblaze_hw_platform/system.xml -pe
microblaze_0 br0101.elf 

ELF file	: br0101.elf
elfcheck passed.
'Finished building: br0101.elf.elfcheck'
' '
15:46:47 **** Auto Build of project br0101_bsp ****
make -k all 
'Finished building libraries'
15:47:06 **** Auto Build of configuration Debug for project br0101 ****
make all 
'Building file: ../src/helloworld.c'
'Invoking: MicroBlaze gcc compiler'
mb-gcc -Wall -O0 -g3 -c -fmessage-length=0 -I../../br0101_bsp/microblaze_0/include -mxl-barrel-shift -mxl-pattern-compare -mcpu=v8.50.c -mno-xl-soft-mul -Wl,--no-relax -ffunction-sections -fdata-sections -MMD -MP -MF"src/helloworld.d" -MT"src/helloworld.d" -o "src/helloworld.o" "../src/helloworld.c"
'Finished building: ../src/helloworld.c'
' '
'Building target: br0101.elf'
'Invoking: MicroBlaze gcc linker'
mb-gcc -Wl,-T -Wl,../src/lscript.ld -L../../br0101_bsp/microblaze_0/lib -mxl-barrel-shift -mxl-pattern-compare -mcpu=v8.50.c -mno-xl-soft-mul -Wl,--no-relax -Wl,--gc-sections -o "br0101.elf"  ./src/helloworld.o ./src/platform.o   -Wl,--start-group,-lxil,-lgcc,-lc,--end-group
'Finished building target: br0101.elf'
' '
'Invoking: MicroBlaze Print Size'
mb-size br0101.elf  |tee "br0101.elf.size"
   text	   data	    bss	    dec	    hex	filename
   6042	    312	   2086	   8440	   20f8	br0101.elf
'Finished building: br0101.elf.size'
' '
'Invoking: Xilinx ELF Check'
elfcheck br0101.elf -hw ../../microblaze_hw_platform/system.xml -pe microblaze_0  |tee "br0101.elf.elfcheck"
elfcheck
Xilinx EDK 14.7 Build EDK_P.20131013
Copyright (c) 1995-2012 Xilinx, Inc.  All rights reserved.

Command Line: elfcheck -hw ../../microblaze_hw_platform/system.xml -pe
microblaze_0 br0101.elf 

ELF file	: br0101.elf
elfcheck passed.
'Finished building: br0101.elf.elfcheck'
' '
15:47:20 **** Auto Build of project br0101_bsp ****
make -k all 
'Finished building libraries'
15:48:45 **** Auto Build of configuration Debug for project br0101 ****
make all 
'Building file: ../src/helloworld.c'
'Invoking: MicroBlaze gcc compiler'
mb-gcc -Wall -O0 -g3 -c -fmessage-length=0 -I../../br0101_bsp/microblaze_0/include -mxl-barrel-shift -mxl-pattern-compare -mcpu=v8.50.c -mno-xl-soft-mul -Wl,--no-relax -ffunction-sections -fdata-sections -MMD -MP -MF"src/helloworld.d" -MT"src/helloworld.d" -o "src/helloworld.o" "../src/helloworld.c"
'Finished building: ../src/helloworld.c'
' '
'Building target: br0101.elf'
'Invoking: MicroBlaze gcc linker'
mb-gcc -Wl,-T -Wl,../src/lscript.ld -L../../br0101_bsp/microblaze_0/lib -mxl-barrel-shift -mxl-pattern-compare -mcpu=v8.50.c -mno-xl-soft-mul -Wl,--no-relax -Wl,--gc-sections -o "br0101.elf"  ./src/helloworld.o ./src/platform.o   -Wl,--start-group,-lxil,-lgcc,-lc,--end-group
'Finished building target: br0101.elf'
' '
'Invoking: MicroBlaze Print Size'
mb-size br0101.elf  |tee "br0101.elf.size"
   text	   data	    bss	    dec	    hex	filename
   6050	    312	   2086	   8448	   2100	br0101.elf
'Finished building: br0101.elf.size'
' '
'Invoking: Xilinx ELF Check'
elfcheck br0101.elf -hw ../../microblaze_hw_platform/system.xml -pe microblaze_0  |tee "br0101.elf.elfcheck"
elfcheck
Xilinx EDK 14.7 Build EDK_P.20131013
Copyright (c) 1995-2012 Xilinx, Inc.  All rights reserved.

Command Line: elfcheck -hw ../../microblaze_hw_platform/system.xml -pe
microblaze_0 br0101.elf 

ELF file	: br0101.elf
elfcheck passed.
'Finished building: br0101.elf.elfcheck'
' '
15:50:16 **** Auto Build of project br0101_bsp ****
make -k all 
'Finished building libraries'
15:54:09 **** Auto Build of configuration Debug for project br0101 ****
make all 
'Building file: ../src/helloworld.c'
'Invoking: MicroBlaze gcc compiler'
mb-gcc -Wall -O0 -g3 -c -fmessage-length=0 -I../../br0101_bsp/microblaze_0/include -mxl-barrel-shift -mxl-pattern-compare -mcpu=v8.50.c -mno-xl-soft-mul -Wl,--no-relax -ffunction-sections -fdata-sections -MMD -MP -MF"src/helloworld.d" -MT"src/helloworld.d" -o "src/helloworld.o" "../src/helloworld.c"
'Finished building: ../src/helloworld.c'
' '
'Building target: br0101.elf'
'Invoking: MicroBlaze gcc linker'
mb-gcc -Wl,-T -Wl,../src/lscript.ld -L../../br0101_bsp/microblaze_0/lib -mxl-barrel-shift -mxl-pattern-compare -mcpu=v8.50.c -mno-xl-soft-mul -Wl,--no-relax -Wl,--gc-sections -o "br0101.elf"  ./src/helloworld.o ./src/platform.o   -Wl,--start-group,-lxil,-lgcc,-lc,--end-group
'Finished building target: br0101.elf'
' '
'Invoking: MicroBlaze Print Size'
mb-size br0101.elf  |tee "br0101.elf.size"
   text	   data	    bss	    dec	    hex	filename
   6050	    312	   2086	   8448	   2100	br0101.elf
'Finished building: br0101.elf.size'
' '
'Invoking: Xilinx ELF Check'
elfcheck br0101.elf -hw ../../microblaze_hw_platform/system.xml -pe microblaze_0  |tee "br0101.elf.elfcheck"
elfcheck
Xilinx EDK 14.7 Build EDK_P.20131013
Copyright (c) 1995-2012 Xilinx, Inc.  All rights reserved.

Command Line: elfcheck -hw ../../microblaze_hw_platform/system.xml -pe
microblaze_0 br0101.elf 

ELF file	: br0101.elf
elfcheck passed.
'Finished building: br0101.elf.elfcheck'
' '
15:54:28 **** Auto Build of project br0101_bsp ****
make -k all 
'Finished building libraries'
16:02:40 **** Auto Build of configuration Debug for project br0101 ****
make all 
'Building file: ../src/helloworld.c'
'Invoking: MicroBlaze gcc compiler'
mb-gcc -Wall -O0 -g3 -c -fmessage-length=0 -I../../br0101_bsp/microblaze_0/include -mxl-barrel-shift -mxl-pattern-compare -mcpu=v8.50.c -mno-xl-soft-mul -Wl,--no-relax -ffunction-sections -fdata-sections -MMD -MP -MF"src/helloworld.d" -MT"src/helloworld.d" -o "src/helloworld.o" "../src/helloworld.c"
'Finished building: ../src/helloworld.c'
' '
'Building target: br0101.elf'
'Invoking: MicroBlaze gcc linker'
mb-gcc -Wl,-T -Wl,../src/lscript.ld -L../../br0101_bsp/microblaze_0/lib -mxl-barrel-shift -mxl-pattern-compare -mcpu=v8.50.c -mno-xl-soft-mul -Wl,--no-relax -Wl,--gc-sections -o "br0101.elf"  ./src/helloworld.o ./src/platform.o   -Wl,--start-group,-lxil,-lgcc,-lc,--end-group
'Finished building target: br0101.elf'
' '
'Invoking: MicroBlaze Print Size'
mb-size br0101.elf  |tee "br0101.elf.size"
   text	   data	    bss	    dec	    hex	filename
   6178	    312	   2086	   8576	   2180	br0101.elf
'Finished building: br0101.elf.size'
' '
'Invoking: Xilinx ELF Check'
elfcheck br0101.elf -hw ../../microblaze_hw_platform/system.xml -pe microblaze_0  |tee "br0101.elf.elfcheck"
elfcheck
Xilinx EDK 14.7 Build EDK_P.20131013
Copyright (c) 1995-2012 Xilinx, Inc.  All rights reserved.

Command Line: elfcheck -hw ../../microblaze_hw_platform/system.xml -pe
microblaze_0 br0101.elf 

ELF file	: br0101.elf
elfcheck passed.
'Finished building: br0101.elf.elfcheck'
' '
16:03:14 **** Auto Build of project br0101_bsp ****
make -k all 
'Finished building libraries'
16:08:28 **** Auto Build of configuration Debug for project br0101 ****
make all 
'Building file: ../src/helloworld.c'
'Invoking: MicroBlaze gcc compiler'
mb-gcc -Wall -O0 -g3 -c -fmessage-length=0 -I../../br0101_bsp/microblaze_0/include -mxl-barrel-shift -mxl-pattern-compare -mcpu=v8.50.c -mno-xl-soft-mul -Wl,--no-relax -ffunction-sections -fdata-sections -MMD -MP -MF"src/helloworld.d" -MT"src/helloworld.d" -o "src/helloworld.o" "../src/helloworld.c"
'Finished building: ../src/helloworld.c'
' '
'Building target: br0101.elf'
'Invoking: MicroBlaze gcc linker'
mb-gcc -Wl,-T -Wl,../src/lscript.ld -L../../br0101_bsp/microblaze_0/lib -mxl-barrel-shift -mxl-pattern-compare -mcpu=v8.50.c -mno-xl-soft-mul -Wl,--no-relax -Wl,--gc-sections -o "br0101.elf"  ./src/helloworld.o ./src/platform.o   -Wl,--start-group,-lxil,-lgcc,-lc,--end-group
'Finished building target: br0101.elf'
' '
'Invoking: MicroBlaze Print Size'
mb-size br0101.elf  |tee "br0101.elf.size"
   text	   data	    bss	    dec	    hex	filename
   6178	    312	   2086	   8576	   2180	br0101.elf
'Finished building: br0101.elf.size'
' '
'Invoking: Xilinx ELF Check'
elfcheck br0101.elf -hw ../../microblaze_hw_platform/system.xml -pe microblaze_0  |tee "br0101.elf.elfcheck"
elfcheck
Xilinx EDK 14.7 Build EDK_P.20131013
Copyright (c) 1995-2012 Xilinx, Inc.  All rights reserved.

Command Line: elfcheck -hw ../../microblaze_hw_platform/system.xml -pe
microblaze_0 br0101.elf 

ELF file	: br0101.elf
elfcheck passed.
'Finished building: br0101.elf.elfcheck'
' '
16:08:43 **** Auto Build of project br0101_bsp ****
make -k all 
'Finished building libraries'
16:11:01 **** Auto Build of configuration Debug for project br0101 ****
make all 
'Building file: ../src/helloworld.c'
'Invoking: MicroBlaze gcc compiler'
mb-gcc -Wall -O0 -g3 -c -fmessage-length=0 -I../../br0101_bsp/microblaze_0/include -mxl-barrel-shift -mxl-pattern-compare -mcpu=v8.50.c -mno-xl-soft-mul -Wl,--no-relax -ffunction-sections -fdata-sections -MMD -MP -MF"src/helloworld.d" -MT"src/helloworld.d" -o "src/helloworld.o" "../src/helloworld.c"
'Finished building: ../src/helloworld.c'
' '
'Building target: br0101.elf'
'Invoking: MicroBlaze gcc linker'
mb-gcc -Wl,-T -Wl,../src/lscript.ld -L../../br0101_bsp/microblaze_0/lib -mxl-barrel-shift -mxl-pattern-compare -mcpu=v8.50.c -mno-xl-soft-mul -Wl,--no-relax -Wl,--gc-sections -o "br0101.elf"  ./src/helloworld.o ./src/platform.o   -Wl,--start-group,-lxil,-lgcc,-lc,--end-group
'Finished building target: br0101.elf'
' '
'Invoking: MicroBlaze Print Size'
mb-size br0101.elf  |tee "br0101.elf.size"
   text	   data	    bss	    dec	    hex	filename
   6178	    312	   2086	   8576	   2180	br0101.elf
'Finished building: br0101.elf.size'
' '
'Invoking: Xilinx ELF Check'
elfcheck br0101.elf -hw ../../microblaze_hw_platform/system.xml -pe microblaze_0  |tee "br0101.elf.elfcheck"
elfcheck
Xilinx EDK 14.7 Build EDK_P.20131013
Copyright (c) 1995-2012 Xilinx, Inc.  All rights reserved.

Command Line: elfcheck -hw ../../microblaze_hw_platform/system.xml -pe
microblaze_0 br0101.elf 

ELF file	: br0101.elf
elfcheck passed.
'Finished building: br0101.elf.elfcheck'
' '
16:11:15 **** Auto Build of project br0101_bsp ****
make -k all 
'Finished building libraries'
16:20:15 **** Auto Build of configuration Debug for project br0101 ****
make all 
'Building file: ../src/helloworld.c'
'Invoking: MicroBlaze gcc compiler'
mb-gcc -Wall -O0 -g3 -c -fmessage-length=0 -I../../br0101_bsp/microblaze_0/include -mxl-barrel-shift -mxl-pattern-compare -mcpu=v8.50.c -mno-xl-soft-mul -Wl,--no-relax -ffunction-sections -fdata-sections -MMD -MP -MF"src/helloworld.d" -MT"src/helloworld.d" -o "src/helloworld.o" "../src/helloworld.c"
'Finished building: ../src/helloworld.c'
' '
'Building target: br0101.elf'
'Invoking: MicroBlaze gcc linker'
mb-gcc -Wl,-T -Wl,../src/lscript.ld -L../../br0101_bsp/microblaze_0/lib -mxl-barrel-shift -mxl-pattern-compare -mcpu=v8.50.c -mno-xl-soft-mul -Wl,--no-relax -Wl,--gc-sections -o "br0101.elf"  ./src/helloworld.o ./src/platform.o   -Wl,--start-group,-lxil,-lgcc,-lc,--end-group
'Finished building target: br0101.elf'
' '
'Invoking: MicroBlaze Print Size'
mb-size br0101.elf  |tee "br0101.elf.size"
   text	   data	    bss	    dec	    hex	filename
   6218	    312	   2086	   8616	   21a8	br0101.elf
'Finished building: br0101.elf.size'
' '
'Invoking: Xilinx ELF Check'
elfcheck br0101.elf -hw ../../microblaze_hw_platform/system.xml -pe microblaze_0  |tee "br0101.elf.elfcheck"
elfcheck
Xilinx EDK 14.7 Build EDK_P.20131013
Copyright (c) 1995-2012 Xilinx, Inc.  All rights reserved.

Command Line: elfcheck -hw ../../microblaze_hw_platform/system.xml -pe
microblaze_0 br0101.elf 

ELF file	: br0101.elf
elfcheck passed.
'Finished building: br0101.elf.elfcheck'
' '
16:21:38 **** Auto Build of project br0101_bsp ****
make -k all 
'Finished building libraries'
16:29:33 **** Auto Build of configuration Debug for project br0101 ****
make all 
'Building file: ../src/helloworld.c'
'Invoking: MicroBlaze gcc compiler'
mb-gcc -Wall -O0 -g3 -c -fmessage-length=0 -I../../br0101_bsp/microblaze_0/include -mxl-barrel-shift -mxl-pattern-compare -mcpu=v8.50.c -mno-xl-soft-mul -Wl,--no-relax -ffunction-sections -fdata-sections -MMD -MP -MF"src/helloworld.d" -MT"src/helloworld.d" -o "src/helloworld.o" "../src/helloworld.c"
'Finished building: ../src/helloworld.c'
' '
'Building target: br0101.elf'
'Invoking: MicroBlaze gcc linker'
mb-gcc -Wl,-T -Wl,../src/lscript.ld -L../../br0101_bsp/microblaze_0/lib -mxl-barrel-shift -mxl-pattern-compare -mcpu=v8.50.c -mno-xl-soft-mul -Wl,--no-relax -Wl,--gc-sections -o "br0101.elf"  ./src/helloworld.o ./src/platform.o   -Wl,--start-group,-lxil,-lgcc,-lc,--end-group
'Finished building target: br0101.elf'
' '
'Invoking: MicroBlaze Print Size'
mb-size br0101.elf  |tee "br0101.elf.size"
   text	   data	    bss	    dec	    hex	filename
   6354	    312	   2086	   8752	   2230	br0101.elf
'Finished building: br0101.elf.size'
' '
'Invoking: Xilinx ELF Check'
elfcheck br0101.elf -hw ../../microblaze_hw_platform/system.xml -pe microblaze_0  |tee "br0101.elf.elfcheck"
elfcheck
Xilinx EDK 14.7 Build EDK_P.20131013
Copyright (c) 1995-2012 Xilinx, Inc.  All rights reserved.

Command Line: elfcheck -hw ../../microblaze_hw_platform/system.xml -pe
microblaze_0 br0101.elf 

ELF file	: br0101.elf
elfcheck passed.
'Finished building: br0101.elf.elfcheck'
' '
16:29:49 **** Auto Build of project br0101_bsp ****
make -k all 
'Finished building libraries'
16:30:58 **** Auto Build of configuration Debug for project br0101 ****
make all 
'Building file: ../src/helloworld.c'
'Invoking: MicroBlaze gcc compiler'
mb-gcc -Wall -O0 -g3 -c -fmessage-length=0 -I../../br0101_bsp/microblaze_0/include -mxl-barrel-shift -mxl-pattern-compare -mcpu=v8.50.c -mno-xl-soft-mul -Wl,--no-relax -ffunction-sections -fdata-sections -MMD -MP -MF"src/helloworld.d" -MT"src/helloworld.d" -o "src/helloworld.o" "../src/helloworld.c"
'Finished building: ../src/helloworld.c'
' '
'Building target: br0101.elf'
'Invoking: MicroBlaze gcc linker'
mb-gcc -Wl,-T -Wl,../src/lscript.ld -L../../br0101_bsp/microblaze_0/lib -mxl-barrel-shift -mxl-pattern-compare -mcpu=v8.50.c -mno-xl-soft-mul -Wl,--no-relax -Wl,--gc-sections -o "br0101.elf"  ./src/helloworld.o ./src/platform.o   -Wl,--start-group,-lxil,-lgcc,-lc,--end-group
'Finished building target: br0101.elf'
' '
'Invoking: MicroBlaze Print Size'
mb-size br0101.elf  |tee "br0101.elf.size"
   text	   data	    bss	    dec	    hex	filename
   6362	    312	   2086	   8760	   2238	br0101.elf
'Finished building: br0101.elf.size'
' '
'Invoking: Xilinx ELF Check'
elfcheck br0101.elf -hw ../../microblaze_hw_platform/system.xml -pe microblaze_0  |tee "br0101.elf.elfcheck"
elfcheck
Xilinx EDK 14.7 Build EDK_P.20131013
Copyright (c) 1995-2012 Xilinx, Inc.  All rights reserved.

Command Line: elfcheck -hw ../../microblaze_hw_platform/system.xml -pe
microblaze_0 br0101.elf 

ELF file	: br0101.elf
elfcheck passed.
'Finished building: br0101.elf.elfcheck'
' '
16:31:15 **** Auto Build of configuration Debug for project br0101 ****
make all 
'Building file: ../src/helloworld.c'
'Invoking: MicroBlaze gcc compiler'
mb-gcc -Wall -O0 -g3 -c -fmessage-length=0 -I../../br0101_bsp/microblaze_0/include -mxl-barrel-shift -mxl-pattern-compare -mcpu=v8.50.c -mno-xl-soft-mul -Wl,--no-relax -ffunction-sections -fdata-sections -MMD -MP -MF"src/helloworld.d" -MT"src/helloworld.d" -o "src/helloworld.o" "../src/helloworld.c"
'Finished building: ../src/helloworld.c'
' '
'Building target: br0101.elf'
'Invoking: MicroBlaze gcc linker'
mb-gcc -Wl,-T -Wl,../src/lscript.ld -L../../br0101_bsp/microblaze_0/lib -mxl-barrel-shift -mxl-pattern-compare -mcpu=v8.50.c -mno-xl-soft-mul -Wl,--no-relax -Wl,--gc-sections -o "br0101.elf"  ./src/helloworld.o ./src/platform.o   -Wl,--start-group,-lxil,-lgcc,-lc,--end-group
'Finished building target: br0101.elf'
' '
'Invoking: MicroBlaze Print Size'
mb-size br0101.elf  |tee "br0101.elf.size"
   text	   data	    bss	    dec	    hex	filename
   6362	    312	   2086	   8760	   2238	br0101.elf
'Finished building: br0101.elf.size'
' '
'Invoking: Xilinx ELF Check'
elfcheck br0101.elf -hw ../../microblaze_hw_platform/system.xml -pe microblaze_0  |tee "br0101.elf.elfcheck"
elfcheck
Xilinx EDK 14.7 Build EDK_P.20131013
Copyright (c) 1995-2012 Xilinx, Inc.  All rights reserved.

Command Line: elfcheck -hw ../../microblaze_hw_platform/system.xml -pe
microblaze_0 br0101.elf 

ELF file	: br0101.elf
elfcheck passed.
'Finished building: br0101.elf.elfcheck'
' '
16:31:29 **** Auto Build of project br0101_bsp ****
make -k all 
'Finished building libraries'
16:32:20 **** Auto Build of configuration Debug for project br0101 ****
make all 
'Building file: ../src/helloworld.c'
'Invoking: MicroBlaze gcc compiler'
mb-gcc -Wall -O0 -g3 -c -fmessage-length=0 -I../../br0101_bsp/microblaze_0/include -mxl-barrel-shift -mxl-pattern-compare -mcpu=v8.50.c -mno-xl-soft-mul -Wl,--no-relax -ffunction-sections -fdata-sections -MMD -MP -MF"src/helloworld.d" -MT"src/helloworld.d" -o "src/helloworld.o" "../src/helloworld.c"
../src/helloworld.c: In function 'main':
../src/helloworld.c:44:16: warning: unused variable 'i' [-Wunused-variable]
'Finished building: ../src/helloworld.c'
' '
'Building target: br0101.elf'
'Invoking: MicroBlaze gcc linker'
mb-gcc -Wl,-T -Wl,../src/lscript.ld -L../../br0101_bsp/microblaze_0/lib -mxl-barrel-shift -mxl-pattern-compare -mcpu=v8.50.c -mno-xl-soft-mul -Wl,--no-relax -Wl,--gc-sections -o "br0101.elf"  ./src/helloworld.o ./src/platform.o   -Wl,--start-group,-lxil,-lgcc,-lc,--end-group
'Finished building target: br0101.elf'
' '
'Invoking: MicroBlaze Print Size'
mb-size br0101.elf  |tee "br0101.elf.size"
   text	   data	    bss	    dec	    hex	filename
   5554	    312	   2086	   7952	   1f10	br0101.elf
'Finished building: br0101.elf.size'
' '
'Invoking: Xilinx ELF Check'
elfcheck br0101.elf -hw ../../microblaze_hw_platform/system.xml -pe microblaze_0  |tee "br0101.elf.elfcheck"
elfcheck
Xilinx EDK 14.7 Build EDK_P.20131013
Copyright (c) 1995-2012 Xilinx, Inc.  All rights reserved.

Command Line: elfcheck -hw ../../microblaze_hw_platform/system.xml -pe
microblaze_0 br0101.elf 

ELF file	: br0101.elf
elfcheck passed.
'Finished building: br0101.elf.elfcheck'
' '
16:32:57 **** Auto Build of project br0101_bsp ****
make -k all 
'Finished building libraries'
16:33:57 **** Auto Build of configuration Debug for project br0101 ****
make all 
'Building file: ../src/helloworld.c'
'Invoking: MicroBlaze gcc compiler'
mb-gcc -Wall -O0 -g3 -c -fmessage-length=0 -I../../br0101_bsp/microblaze_0/include -mxl-barrel-shift -mxl-pattern-compare -mcpu=v8.50.c -mno-xl-soft-mul -Wl,--no-relax -ffunction-sections -fdata-sections -MMD -MP -MF"src/helloworld.d" -MT"src/helloworld.d" -o "src/helloworld.o" "../src/helloworld.c"
../src/helloworld.c: In function 'main':
../src/helloworld.c:44:16: warning: unused variable 'i' [-Wunused-variable]
'Finished building: ../src/helloworld.c'
' '
'Building target: br0101.elf'
'Invoking: MicroBlaze gcc linker'
mb-gcc -Wl,-T -Wl,../src/lscript.ld -L../../br0101_bsp/microblaze_0/lib -mxl-barrel-shift -mxl-pattern-compare -mcpu=v8.50.c -mno-xl-soft-mul -Wl,--no-relax -Wl,--gc-sections -o "br0101.elf"  ./src/helloworld.o ./src/platform.o   -Wl,--start-group,-lxil,-lgcc,-lc,--end-group
'Finished building target: br0101.elf'
' '
'Invoking: MicroBlaze Print Size'
mb-size br0101.elf  |tee "br0101.elf.size"
   text	   data	    bss	    dec	    hex	filename
   5594	    312	   2086	   7992	   1f38	br0101.elf
'Finished building: br0101.elf.size'
' '
'Invoking: Xilinx ELF Check'
elfcheck br0101.elf -hw ../../microblaze_hw_platform/system.xml -pe microblaze_0  |tee "br0101.elf.elfcheck"
elfcheck
Xilinx EDK 14.7 Build EDK_P.20131013
Copyright (c) 1995-2012 Xilinx, Inc.  All rights reserved.

Command Line: elfcheck -hw ../../microblaze_hw_platform/system.xml -pe
microblaze_0 br0101.elf 

ELF file	: br0101.elf
elfcheck passed.
'Finished building: br0101.elf.elfcheck'
' '
16:34:11 **** Auto Build of project br0101_bsp ****
make -k all 
'Finished building libraries'
16:34:51 **** Auto Build of configuration Debug for project br0101 ****
make all 
'Building file: ../src/helloworld.c'
'Invoking: MicroBlaze gcc compiler'
mb-gcc -Wall -O0 -g3 -c -fmessage-length=0 -I../../br0101_bsp/microblaze_0/include -mxl-barrel-shift -mxl-pattern-compare -mcpu=v8.50.c -mno-xl-soft-mul -Wl,--no-relax -ffunction-sections -fdata-sections -MMD -MP -MF"src/helloworld.d" -MT"src/helloworld.d" -o "src/helloworld.o" "../src/helloworld.c"
../src/helloworld.c: In function 'main':
../src/helloworld.c:44:16: warning: unused variable 'i' [-Wunused-variable]
'Finished building: ../src/helloworld.c'
' '
'Building target: br0101.elf'
'Invoking: MicroBlaze gcc linker'
mb-gcc -Wl,-T -Wl,../src/lscript.ld -L../../br0101_bsp/microblaze_0/lib -mxl-barrel-shift -mxl-pattern-compare -mcpu=v8.50.c -mno-xl-soft-mul -Wl,--no-relax -Wl,--gc-sections -o "br0101.elf"  ./src/helloworld.o ./src/platform.o   -Wl,--start-group,-lxil,-lgcc,-lc,--end-group
'Finished building target: br0101.elf'
' '
'Invoking: MicroBlaze Print Size'
mb-size br0101.elf  |tee "br0101.elf.size"
   text	   data	    bss	    dec	    hex	filename
   5594	    312	   2086	   7992	   1f38	br0101.elf
'Finished building: br0101.elf.size'
' '
'Invoking: Xilinx ELF Check'
elfcheck br0101.elf -hw ../../microblaze_hw_platform/system.xml -pe microblaze_0  |tee "br0101.elf.elfcheck"
elfcheck
Xilinx EDK 14.7 Build EDK_P.20131013
Copyright (c) 1995-2012 Xilinx, Inc.  All rights reserved.

Command Line: elfcheck -hw ../../microblaze_hw_platform/system.xml -pe
microblaze_0 br0101.elf 

ELF file	: br0101.elf
elfcheck passed.
'Finished building: br0101.elf.elfcheck'
' '
16:35:06 **** Auto Build of project br0101_bsp ****
make -k all 
'Finished building libraries'
16:35:42 **** Auto Build of configuration Debug for project br0101 ****
make all 
'Building file: ../src/helloworld.c'
'Invoking: MicroBlaze gcc compiler'
mb-gcc -Wall -O0 -g3 -c -fmessage-length=0 -I../../br0101_bsp/microblaze_0/include -mxl-barrel-shift -mxl-pattern-compare -mcpu=v8.50.c -mno-xl-soft-mul -Wl,--no-relax -ffunction-sections -fdata-sections -MMD -MP -MF"src/helloworld.d" -MT"src/helloworld.d" -o "src/helloworld.o" "../src/helloworld.c"
../src/helloworld.c: In function 'main':
../src/helloworld.c:44:16: warning: unused variable 'i' [-Wunused-variable]
'Finished building: ../src/helloworld.c'
' '
'Building target: br0101.elf'
'Invoking: MicroBlaze gcc linker'
mb-gcc -Wl,-T -Wl,../src/lscript.ld -L../../br0101_bsp/microblaze_0/lib -mxl-barrel-shift -mxl-pattern-compare -mcpu=v8.50.c -mno-xl-soft-mul -Wl,--no-relax -Wl,--gc-sections -o "br0101.elf"  ./src/helloworld.o ./src/platform.o   -Wl,--start-group,-lxil,-lgcc,-lc,--end-group
'Finished building target: br0101.elf'
' '
'Invoking: MicroBlaze Print Size'
mb-size br0101.elf  |tee "br0101.elf.size"
   text	   data	    bss	    dec	    hex	filename
   5610	    312	   2086	   8008	   1f48	br0101.elf
'Finished building: br0101.elf.size'
' '
'Invoking: Xilinx ELF Check'
elfcheck br0101.elf -hw ../../microblaze_hw_platform/system.xml -pe microblaze_0  |tee "br0101.elf.elfcheck"
elfcheck
Xilinx EDK 14.7 Build EDK_P.20131013
Copyright (c) 1995-2012 Xilinx, Inc.  All rights reserved.

Command Line: elfcheck -hw ../../microblaze_hw_platform/system.xml -pe
microblaze_0 br0101.elf 

ELF file	: br0101.elf
elfcheck passed.
'Finished building: br0101.elf.elfcheck'
' '
16:36:17 **** Auto Build of project br0101_bsp ****
make -k all 
'Finished building libraries'
16:36:51 **** Auto Build of configuration Debug for project br0101 ****
make all 
'Building file: ../src/helloworld.c'
'Invoking: MicroBlaze gcc compiler'
mb-gcc -Wall -O0 -g3 -c -fmessage-length=0 -I../../br0101_bsp/microblaze_0/include -mxl-barrel-shift -mxl-pattern-compare -mcpu=v8.50.c -mno-xl-soft-mul -Wl,--no-relax -ffunction-sections -fdata-sections -MMD -MP -MF"src/helloworld.d" -MT"src/helloworld.d" -o "src/helloworld.o" "../src/helloworld.c"
../src/helloworld.c: In function 'main':
../src/helloworld.c:44:16: warning: unused variable 'i' [-Wunused-variable]
'Finished building: ../src/helloworld.c'
' '
'Building target: br0101.elf'
'Invoking: MicroBlaze gcc linker'
mb-gcc -Wl,-T -Wl,../src/lscript.ld -L../../br0101_bsp/microblaze_0/lib -mxl-barrel-shift -mxl-pattern-compare -mcpu=v8.50.c -mno-xl-soft-mul -Wl,--no-relax -Wl,--gc-sections -o "br0101.elf"  ./src/helloworld.o ./src/platform.o   -Wl,--start-group,-lxil,-lgcc,-lc,--end-group
'Finished building target: br0101.elf'
' '
'Invoking: MicroBlaze Print Size'
mb-size br0101.elf  |tee "br0101.elf.size"
   text	   data	    bss	    dec	    hex	filename
   5570	    312	   2086	   7968	   1f20	br0101.elf
'Finished building: br0101.elf.size'
' '
'Invoking: Xilinx ELF Check'
elfcheck br0101.elf -hw ../../microblaze_hw_platform/system.xml -pe microblaze_0  |tee "br0101.elf.elfcheck"
elfcheck
Xilinx EDK 14.7 Build EDK_P.20131013
Copyright (c) 1995-2012 Xilinx, Inc.  All rights reserved.

Command Line: elfcheck -hw ../../microblaze_hw_platform/system.xml -pe
microblaze_0 br0101.elf 

ELF file	: br0101.elf
elfcheck passed.
'Finished building: br0101.elf.elfcheck'
' '
16:37:05 **** Auto Build of project br0101_bsp ****
make -k all 
'Finished building libraries'
16:38:28 **** Auto Build of configuration Debug for project br0101 ****
make all 
'Building file: ../src/helloworld.c'
'Invoking: MicroBlaze gcc compiler'
mb-gcc -Wall -O0 -g3 -c -fmessage-length=0 -I../../br0101_bsp/microblaze_0/include -mxl-barrel-shift -mxl-pattern-compare -mcpu=v8.50.c -mno-xl-soft-mul -Wl,--no-relax -ffunction-sections -fdata-sections -MMD -MP -MF"src/helloworld.d" -MT"src/helloworld.d" -o "src/helloworld.o" "../src/helloworld.c"
../src/helloworld.c: In function 'main':
../src/helloworld.c:44:16: warning: unused variable 'i' [-Wunused-variable]
'Finished building: ../src/helloworld.c'
' '
'Building target: br0101.elf'
'Invoking: MicroBlaze gcc linker'
mb-gcc -Wl,-T -Wl,../src/lscript.ld -L../../br0101_bsp/microblaze_0/lib -mxl-barrel-shift -mxl-pattern-compare -mcpu=v8.50.c -mno-xl-soft-mul -Wl,--no-relax -Wl,--gc-sections -o "br0101.elf"  ./src/helloworld.o ./src/platform.o   -Wl,--start-group,-lxil,-lgcc,-lc,--end-group
'Finished building target: br0101.elf'
' '
'Invoking: MicroBlaze Print Size'
mb-size br0101.elf  |tee "br0101.elf.size"
   text	   data	    bss	    dec	    hex	filename
   5554	    312	   2086	   7952	   1f10	br0101.elf
'Finished building: br0101.elf.size'
' '
'Invoking: Xilinx ELF Check'
elfcheck br0101.elf -hw ../../microblaze_hw_platform/system.xml -pe microblaze_0  |tee "br0101.elf.elfcheck"
elfcheck
Xilinx EDK 14.7 Build EDK_P.20131013
Copyright (c) 1995-2012 Xilinx, Inc.  All rights reserved.

Command Line: elfcheck -hw ../../microblaze_hw_platform/system.xml -pe
microblaze_0 br0101.elf 

ELF file	: br0101.elf
elfcheck passed.
'Finished building: br0101.elf.elfcheck'
' '
16:38:42 **** Auto Build of project br0101_bsp ****
make -k all 
'Finished building libraries'
16:39:08 **** Auto Build of configuration Debug for project br0101 ****
make all 
'Building file: ../src/helloworld.c'
'Invoking: MicroBlaze gcc compiler'
mb-gcc -Wall -O0 -g3 -c -fmessage-length=0 -I../../br0101_bsp/microblaze_0/include -mxl-barrel-shift -mxl-pattern-compare -mcpu=v8.50.c -mno-xl-soft-mul -Wl,--no-relax -ffunction-sections -fdata-sections -MMD -MP -MF"src/helloworld.d" -MT"src/helloworld.d" -o "src/helloworld.o" "../src/helloworld.c"
../src/helloworld.c: In function 'main':
../src/helloworld.c:44:16: warning: unused variable 'i' [-Wunused-variable]
'Finished building: ../src/helloworld.c'
' '
'Building target: br0101.elf'
'Invoking: MicroBlaze gcc linker'
mb-gcc -Wl,-T -Wl,../src/lscript.ld -L../../br0101_bsp/microblaze_0/lib -mxl-barrel-shift -mxl-pattern-compare -mcpu=v8.50.c -mno-xl-soft-mul -Wl,--no-relax -Wl,--gc-sections -o "br0101.elf"  ./src/helloworld.o ./src/platform.o   -Wl,--start-group,-lxil,-lgcc,-lc,--end-group
'Finished building target: br0101.elf'
' '
'Invoking: MicroBlaze Print Size'
mb-size br0101.elf  |tee "br0101.elf.size"
   text	   data	    bss	    dec	    hex	filename
   5570	    312	   2086	   7968	   1f20	br0101.elf
'Finished building: br0101.elf.size'
' '
'Invoking: Xilinx ELF Check'
elfcheck br0101.elf -hw ../../microblaze_hw_platform/system.xml -pe microblaze_0  |tee "br0101.elf.elfcheck"
elfcheck
Xilinx EDK 14.7 Build EDK_P.20131013
Copyright (c) 1995-2012 Xilinx, Inc.  All rights reserved.

Command Line: elfcheck -hw ../../microblaze_hw_platform/system.xml -pe
microblaze_0 br0101.elf 

ELF file	: br0101.elf
elfcheck passed.
'Finished building: br0101.elf.elfcheck'
' '
16:39:58 **** Auto Build of configuration Debug for project br0101 ****
make all 
'Building file: ../src/helloworld.c'
'Invoking: MicroBlaze gcc compiler'
mb-gcc -Wall -O0 -g3 -c -fmessage-length=0 -I../../br0101_bsp/microblaze_0/include -mxl-barrel-shift -mxl-pattern-compare -mcpu=v8.50.c -mno-xl-soft-mul -Wl,--no-relax -ffunction-sections -fdata-sections -MMD -MP -MF"src/helloworld.d" -MT"src/helloworld.d" -o "src/helloworld.o" "../src/helloworld.c"
../src/helloworld.c: In function 'main':
../src/helloworld.c:44:16: warning: unused variable 'i' [-Wunused-variable]
'Finished building: ../src/helloworld.c'
' '
'Building target: br0101.elf'
'Invoking: MicroBlaze gcc linker'
mb-gcc -Wl,-T -Wl,../src/lscript.ld -L../../br0101_bsp/microblaze_0/lib -mxl-barrel-shift -mxl-pattern-compare -mcpu=v8.50.c -mno-xl-soft-mul -Wl,--no-relax -Wl,--gc-sections -o "br0101.elf"  ./src/helloworld.o ./src/platform.o   -Wl,--start-group,-lxil,-lgcc,-lc,--end-group
'Finished building target: br0101.elf'
' '
'Invoking: MicroBlaze Print Size'
mb-size br0101.elf  |tee "br0101.elf.size"
   text	   data	    bss	    dec	    hex	filename
   5722	    312	   2086	   8120	   1fb8	br0101.elf
'Finished building: br0101.elf.size'
' '
'Invoking: Xilinx ELF Check'
elfcheck br0101.elf -hw ../../microblaze_hw_platform/system.xml -pe microblaze_0  |tee "br0101.elf.elfcheck"
elfcheck
Xilinx EDK 14.7 Build EDK_P.20131013
Copyright (c) 1995-2012 Xilinx, Inc.  All rights reserved.

Command Line: elfcheck -hw ../../microblaze_hw_platform/system.xml -pe
microblaze_0 br0101.elf 

ELF file	: br0101.elf
elfcheck passed.
'Finished building: br0101.elf.elfcheck'
' '
16:40:12 **** Auto Build of project br0101_bsp ****
make -k all 
'Finished building libraries'
16:40:57 **** Auto Build of project br0101_bsp ****
make -k all 
'Finished building libraries'
