09:46:56 **** Build of project br0101_bsp ****
make -k all 
libgen -hw ../microblaze_hw_platform/system.xml\
	       -lp C:/edk_user_repository/MyProcessorIPLib\
	       -pe microblaze_0 \
	       -log libgen.log \
	       system.mss
libgen
Xilinx EDK 14.7 Build EDK_P.20131013
Copyright (c) 1995-2012 Xilinx, Inc.  All rights reserved.

Command Line: libgen -hw ../microblaze_hw_platform/system.xml -lp
C:/edk_user_repository/MyProcessorIPLib -pe microblaze_0 -log libgen.log
system.mss 


Staging source files.
Running DRCs.
Running generate.
Running post_generate.
Running include - 'make -s include "COMPILER=mb-gcc" "ARCHIVER=mb-ar"
"COMPILER_FLAGS=-mno-xl-soft-mul -mxl-barrel-shift -mxl-pattern-compare
-mcpu=v8.50.c  -O2 -c" "EXTRA_COMPILER_FLAGS=-g -ffunction-sections
-fdata-sections"'.

Running libs - 'make -s libs "COMPILER=mb-gcc" "ARCHIVER=mb-ar"
"COMPILER_FLAGS=-mno-xl-soft-mul -mxl-barrel-shift -mxl-pattern-compare
-mcpu=v8.50.c  -O2 -c" "EXTRA_COMPILER_FLAGS=-g -ffunction-sections
-fdata-sections"'.
Compiling common
Compiling standalone
Compiling bram
Compiling uartlite
Compiling plb_dac
Compiling intc
Compiling cpu
Running execs_generate.
Finished building libraries
09:47:10 **** Build of configuration Debug for project br0101 ****
make all 
Building file: ../src/helloworld.c
Invoking: MicroBlaze gcc compiler
mb-gcc -Wall -O0 -g3 -c -fmessage-length=0 -I../../br0101_bsp/microblaze_0/include -mxl-barrel-shift -mxl-pattern-compare -mcpu=v8.50.c -mno-xl-soft-mul -Wl,--no-relax -ffunction-sections -fdata-sections -MMD -MP -MF"src/helloworld.d" -MT"src/helloworld.d" -o "src/helloworld.o" "../src/helloworld.c"
Finished building: ../src/helloworld.c
 
Building file: ../src/platform.c
Invoking: MicroBlaze gcc compiler
mb-gcc -Wall -O0 -g3 -c -fmessage-length=0 -I../../br0101_bsp/microblaze_0/include -mxl-barrel-shift -mxl-pattern-compare -mcpu=v8.50.c -mno-xl-soft-mul -Wl,--no-relax -ffunction-sections -fdata-sections -MMD -MP -MF"src/platform.d" -MT"src/platform.d" -o "src/platform.o" "../src/platform.c"
Finished building: ../src/platform.c
 
Building target: br0101.elf
Invoking: MicroBlaze gcc linker
mb-gcc -Wl,-T -Wl,../src/lscript.ld -L../../br0101_bsp/microblaze_0/lib -mxl-barrel-shift -mxl-pattern-compare -mcpu=v8.50.c -mno-xl-soft-mul -Wl,--no-relax -Wl,--gc-sections -o "br0101.elf"  ./src/helloworld.o ./src/platform.o   -Wl,--start-group,-lxil,-lgcc,-lc,--end-group
Finished building target: br0101.elf
 
Invoking: MicroBlaze Print Size
mb-size br0101.elf  |tee "br0101.elf.size"
   text	   data	    bss	    dec	    hex	filename
   2430	    308	   2084	   4822	   12d6	br0101.elf
Finished building: br0101.elf.size
 
Invoking: Xilinx ELF Check
elfcheck br0101.elf -hw ../../microblaze_hw_platform/system.xml -pe microblaze_0  |tee "br0101.elf.elfcheck"
elfcheck
Xilinx EDK 14.7 Build EDK_P.20131013
Copyright (c) 1995-2012 Xilinx, Inc.  All rights reserved.

Command Line: elfcheck -hw ../../microblaze_hw_platform/system.xml -pe
microblaze_0 br0101.elf 

ELF file	: br0101.elf
elfcheck passed.
Finished building: br0101.elf.elfcheck
 
09:50:31 **** Auto Build of configuration Debug for project br0101 ****
make all 
Building file: ../src/helloworld.c
Invoking: MicroBlaze gcc compiler
mb-gcc -Wall -O0 -g3 -c -fmessage-length=0 -I../../br0101_bsp/microblaze_0/include -mxl-barrel-shift -mxl-pattern-compare -mcpu=v8.50.c -mno-xl-soft-mul -Wl,--no-relax -ffunction-sections -fdata-sections -MMD -MP -MF"src/helloworld.d" -MT"src/helloworld.d" -o "src/helloworld.o" "../src/helloworld.c"
../src/helloworld.c: In function 'testDACBasic':
../src/helloworld.c:52:2: error: unknown type name 'u32'
../src/helloworld.c:54:5: warning: implicit declaration of function 'PLB_DAC_mWriteReg' [-Wimplicit-function-declaration]
../src/helloworld.c:54:23: error: 'XPAR_PLB_DAC_0_BASEADDR' undeclared (first use in this function)
../src/helloworld.c:54:23: note: each undeclared identifier is reported only once for each function it appears in
../src/helloworld.c:54:48: error: 'PLB_DAC_SLV_REG0_OFFSET' undeclared (first use in this function)
../src/helloworld.c:57:48: error: 'PLB_DAC_SLV_REG1_OFFSET' undeclared (first use in this function)
../src/helloworld.c:82:5: warning: 'return' with a value, in function returning void [enabled by default]
make: *** [src/helloworld.o] ´íÎó 1
09:50:44 **** Auto Build of configuration Debug for project br0101 ****
make all 
Building file: ../src/helloworld.c
Invoking: MicroBlaze gcc compiler
mb-gcc -Wall -O0 -g3 -c -fmessage-length=0 -I../../br0101_bsp/microblaze_0/include -mxl-barrel-shift -mxl-pattern-compare -mcpu=v8.50.c -mno-xl-soft-mul -Wl,--no-relax -ffunction-sections -fdata-sections -MMD -MP -MF"src/helloworld.d" -MT"src/helloworld.d" -o "src/helloworld.o" "../src/helloworld.c"
../src/helloworld.c: In function 'testDACBasic':
../src/helloworld.c:85:5: warning: 'return' with a value, in function returning void [enabled by default]
Finished building: ../src/helloworld.c
 
Building target: br0101.elf
Invoking: MicroBlaze gcc linker
mb-gcc -Wl,-T -Wl,../src/lscript.ld -L../../br0101_bsp/microblaze_0/lib -mxl-barrel-shift -mxl-pattern-compare -mcpu=v8.50.c -mno-xl-soft-mul -Wl,--no-relax -Wl,--gc-sections -o "br0101.elf"  ./src/helloworld.o ./src/platform.o   -Wl,--start-group,-lxil,-lgcc,-lc,--end-group
Finished building target: br0101.elf
 
Invoking: MicroBlaze Print Size
mb-size br0101.elf  |tee "br0101.elf.size"
   text	   data	    bss	    dec	    hex	filename
   2430	    308	   2084	   4822	   12d6	br0101.elf
Finished building: br0101.elf.size
 
Invoking: Xilinx ELF Check
elfcheck br0101.elf -hw ../../microblaze_hw_platform/system.xml -pe microblaze_0  |tee "br0101.elf.elfcheck"
elfcheck
Xilinx EDK 14.7 Build EDK_P.20131013
Copyright (c) 1995-2012 Xilinx, Inc.  All rights reserved.

Command Line: elfcheck -hw ../../microblaze_hw_platform/system.xml -pe
microblaze_0 br0101.elf 

ELF file	: br0101.elf
elfcheck passed.
Finished building: br0101.elf.elfcheck
 
10:40:03 **** Auto Build of configuration Debug for project br0101 ****
make all 
Building file: ../src/helloworld.c
Invoking: MicroBlaze gcc compiler
mb-gcc -Wall -O0 -g3 -c -fmessage-length=0 -I../../br0101_bsp/microblaze_0/include -mxl-barrel-shift -mxl-pattern-compare -mcpu=v8.50.c -mno-xl-soft-mul -Wl,--no-relax -ffunction-sections -fdata-sections -MMD -MP -MF"src/helloworld.d" -MT"src/helloworld.d" -o "src/helloworld.o" "../src/helloworld.c"
../src/helloworld.c: In function 'printDACTestInfo':
../src/helloworld.c:68:2: error: expected ';' before 'switch'
../src/helloworld.c: In function 'testDACBasic':
../src/helloworld.c:128:5: warning: 'return' with a value, in function returning void [enabled by default]
make: *** [src/helloworld.o] ´íÎó 1
10:40:22 **** Auto Build of configuration Debug for project br0101 ****
make all 
Building file: ../src/helloworld.c
Invoking: MicroBlaze gcc compiler
mb-gcc -Wall -O0 -g3 -c -fmessage-length=0 -I../../br0101_bsp/microblaze_0/include -mxl-barrel-shift -mxl-pattern-compare -mcpu=v8.50.c -mno-xl-soft-mul -Wl,--no-relax -ffunction-sections -fdata-sections -MMD -MP -MF"src/helloworld.d" -MT"src/helloworld.d" -o "src/helloworld.o" "../src/helloworld.c"
../src/helloworld.c: In function 'printDACTestInfo':
../src/helloworld.c:91:2: warning: implicit declaration of function 'xli_printf' [-Wimplicit-function-declaration]
../src/helloworld.c: In function 'testDACBasic':
../src/helloworld.c:128:5: warning: 'return' with a value, in function returning void [enabled by default]
Finished building: ../src/helloworld.c
 
Building target: br0101.elf
Invoking: MicroBlaze gcc linker
mb-gcc -Wl,-T -Wl,../src/lscript.ld -L../../br0101_bsp/microblaze_0/lib -mxl-barrel-shift -mxl-pattern-compare -mcpu=v8.50.c -mno-xl-soft-mul -Wl,--no-relax -Wl,--gc-sections -o "br0101.elf"  ./src/helloworld.o ./src/platform.o   -Wl,--start-group,-lxil,-lgcc,-lc,--end-group
Finished building target: br0101.elf
 
Invoking: MicroBlaze Print Size
mb-size br0101.elf  |tee "br0101.elf.size"
   text	   data	    bss	    dec	    hex	filename
   2790	    308	   2084	   5182	   143e	br0101.elf
Finished building: br0101.elf.size
 
Invoking: Xilinx ELF Check
elfcheck br0101.elf -hw ../../microblaze_hw_platform/system.xml -pe microblaze_0  |tee "br0101.elf.elfcheck"
elfcheck
Xilinx EDK 14.7 Build EDK_P.20131013
Copyright (c) 1995-2012 Xilinx, Inc.  All rights reserved.

Command Line: elfcheck -hw ../../microblaze_hw_platform/system.xml -pe
microblaze_0 br0101.elf 

ELF file	: br0101.elf
elfcheck passed.
Finished building: br0101.elf.elfcheck
 
10:40:48 **** Auto Build of configuration Debug for project br0101 ****
make all 
Building file: ../src/helloworld.c
Invoking: MicroBlaze gcc compiler
mb-gcc -Wall -O0 -g3 -c -fmessage-length=0 -I../../br0101_bsp/microblaze_0/include -mxl-barrel-shift -mxl-pattern-compare -mcpu=v8.50.c -mno-xl-soft-mul -Wl,--no-relax -ffunction-sections -fdata-sections -MMD -MP -MF"src/helloworld.d" -MT"src/helloworld.d" -o "src/helloworld.o" "../src/helloworld.c"
../src/helloworld.c: In function 'printDACTestInfo':
../src/helloworld.c:91:2: warning: implicit declaration of function 'xli_printf' [-Wimplicit-function-declaration]
Finished building: ../src/helloworld.c
 
Building target: br0101.elf
Invoking: MicroBlaze gcc linker
mb-gcc -Wl,-T -Wl,../src/lscript.ld -L../../br0101_bsp/microblaze_0/lib -mxl-barrel-shift -mxl-pattern-compare -mcpu=v8.50.c -mno-xl-soft-mul -Wl,--no-relax -Wl,--gc-sections -o "br0101.elf"  ./src/helloworld.o ./src/platform.o   -Wl,--start-group,-lxil,-lgcc,-lc,--end-group
Finished building target: br0101.elf
 
Invoking: MicroBlaze Print Size
mb-size br0101.elf  |tee "br0101.elf.size"
   text	   data	    bss	    dec	    hex	filename
   2790	    308	   2084	   5182	   143e	br0101.elf
Finished building: br0101.elf.size
 
Invoking: Xilinx ELF Check
elfcheck br0101.elf -hw ../../microblaze_hw_platform/system.xml -pe microblaze_0  |tee "br0101.elf.elfcheck"
elfcheck
Xilinx EDK 14.7 Build EDK_P.20131013
Copyright (c) 1995-2012 Xilinx, Inc.  All rights reserved.

Command Line: elfcheck -hw ../../microblaze_hw_platform/system.xml -pe
microblaze_0 br0101.elf 

ELF file	: br0101.elf
elfcheck passed.
Finished building: br0101.elf.elfcheck
 
10:43:31 **** Auto Build of configuration Debug for project br0101 ****
make all 
Building file: ../src/helloworld.c
Invoking: MicroBlaze gcc compiler
mb-gcc -Wall -O0 -g3 -c -fmessage-length=0 -I../../br0101_bsp/microblaze_0/include -mxl-barrel-shift -mxl-pattern-compare -mcpu=v8.50.c -mno-xl-soft-mul -Wl,--no-relax -ffunction-sections -fdata-sections -MMD -MP -MF"src/helloworld.d" -MT"src/helloworld.d" -o "src/helloworld.o" "../src/helloworld.c"
../src/helloworld.c: In function 'printDACTestInfo':
../src/helloworld.c:91:2: warning: implicit declaration of function 'xli_printf' [-Wimplicit-function-declaration]
Finished building: ../src/helloworld.c
 
Building target: br0101.elf
Invoking: MicroBlaze gcc linker
mb-gcc -Wl,-T -Wl,../src/lscript.ld -L../../br0101_bsp/microblaze_0/lib -mxl-barrel-shift -mxl-pattern-compare -mcpu=v8.50.c -mno-xl-soft-mul -Wl,--no-relax -Wl,--gc-sections -o "br0101.elf"  ./src/helloworld.o ./src/platform.o   -Wl,--start-group,-lxil,-lgcc,-lc,--end-group
Finished building target: br0101.elf
 
Invoking: MicroBlaze Print Size
mb-size br0101.elf  |tee "br0101.elf.size"
   text	   data	    bss	    dec	    hex	filename
   2790	    308	   2084	   5182	   143e	br0101.elf
Finished building: br0101.elf.size
 
Invoking: Xilinx ELF Check
elfcheck br0101.elf -hw ../../microblaze_hw_platform/system.xml -pe microblaze_0  |tee "br0101.elf.elfcheck"
elfcheck
Xilinx EDK 14.7 Build EDK_P.20131013
Copyright (c) 1995-2012 Xilinx, Inc.  All rights reserved.

Command Line: elfcheck -hw ../../microblaze_hw_platform/system.xml -pe
microblaze_0 br0101.elf 

ELF file	: br0101.elf
elfcheck passed.
Finished building: br0101.elf.elfcheck
 
10:58:54 **** Auto Build of configuration Debug for project br0101 ****
make all 
Building file: ../src/helloworld.c
Invoking: MicroBlaze gcc compiler
mb-gcc -Wall -O0 -g3 -c -fmessage-length=0 -I../../br0101_bsp/microblaze_0/include -mxl-barrel-shift -mxl-pattern-compare -mcpu=v8.50.c -mno-xl-soft-mul -Wl,--no-relax -ffunction-sections -fdata-sections -MMD -MP -MF"src/helloworld.d" -MT"src/helloworld.d" -o "src/helloworld.o" "../src/helloworld.c"
../src/helloworld.c: In function 'printDACTestInfo':
../src/helloworld.c:106:2: warning: implicit declaration of function 'xli_printf' [-Wimplicit-function-declaration]
Finished building: ../src/helloworld.c
 
Building target: br0101.elf
Invoking: MicroBlaze gcc linker
mb-gcc -Wl,-T -Wl,../src/lscript.ld -L../../br0101_bsp/microblaze_0/lib -mxl-barrel-shift -mxl-pattern-compare -mcpu=v8.50.c -mno-xl-soft-mul -Wl,--no-relax -Wl,--gc-sections -o "br0101.elf"  ./src/helloworld.o ./src/platform.o   -Wl,--start-group,-lxil,-lgcc,-lc,--end-group
./src/helloworld.o:(.rodata+0x4c): undefined reference to `genSqrWave'
./src/helloworld.o:(.rodata+0x50): undefined reference to `genSinWave'
collect2: ld returned 1 exit status
make: *** [br0101.elf] ´íÎó 1
10:59:22 **** Auto Build of configuration Debug for project br0101 ****
make all 
Building file: ../src/helloworld.c
Invoking: MicroBlaze gcc compiler
mb-gcc -Wall -O0 -g3 -c -fmessage-length=0 -I../../br0101_bsp/microblaze_0/include -mxl-barrel-shift -mxl-pattern-compare -mcpu=v8.50.c -mno-xl-soft-mul -Wl,--no-relax -ffunction-sections -fdata-sections -MMD -MP -MF"src/helloworld.d" -MT"src/helloworld.d" -o "src/helloworld.o" "../src/helloworld.c"
../src/helloworld.c: In function 'printDACTestInfo':
../src/helloworld.c:106:2: warning: implicit declaration of function 'xli_printf' [-Wimplicit-function-declaration]
Finished building: ../src/helloworld.c
 
Building target: br0101.elf
Invoking: MicroBlaze gcc linker
mb-gcc -Wl,-T -Wl,../src/lscript.ld -L../../br0101_bsp/microblaze_0/lib -mxl-barrel-shift -mxl-pattern-compare -mcpu=v8.50.c -mno-xl-soft-mul -Wl,--no-relax -Wl,--gc-sections -o "br0101.elf"  ./src/helloworld.o ./src/platform.o   -Wl,--start-group,-lxil,-lgcc,-lc,--end-group
Finished building target: br0101.elf
 
Invoking: MicroBlaze Print Size
mb-size br0101.elf  |tee "br0101.elf.size"
   text	   data	    bss	    dec	    hex	filename
   3042	    308	   2090	   5440	   1540	br0101.elf
Finished building: br0101.elf.size
 
Invoking: Xilinx ELF Check
elfcheck br0101.elf -hw ../../microblaze_hw_platform/system.xml -pe microblaze_0  |tee "br0101.elf.elfcheck"
elfcheck
Xilinx EDK 14.7 Build EDK_P.20131013
Copyright (c) 1995-2012 Xilinx, Inc.  All rights reserved.

Command Line: elfcheck -hw ../../microblaze_hw_platform/system.xml -pe
microblaze_0 br0101.elf 

ELF file	: br0101.elf
elfcheck passed.
Finished building: br0101.elf.elfcheck
 
10:59:48 **** Auto Build of configuration Debug for project br0101 ****
make all 
Building file: ../src/helloworld.c
Invoking: MicroBlaze gcc compiler
mb-gcc -Wall -O0 -g3 -c -fmessage-length=0 -I../../br0101_bsp/microblaze_0/include -mxl-barrel-shift -mxl-pattern-compare -mcpu=v8.50.c -mno-xl-soft-mul -Wl,--no-relax -ffunction-sections -fdata-sections -MMD -MP -MF"src/helloworld.d" -MT"src/helloworld.d" -o "src/helloworld.o" "../src/helloworld.c"
../src/helloworld.c: In function 'printDACTestInfo':
../src/helloworld.c:108:2: warning: implicit declaration of function 'xli_printf' [-Wimplicit-function-declaration]
Finished building: ../src/helloworld.c
 
Building target: br0101.elf
Invoking: MicroBlaze gcc linker
mb-gcc -Wl,-T -Wl,../src/lscript.ld -L../../br0101_bsp/microblaze_0/lib -mxl-barrel-shift -mxl-pattern-compare -mcpu=v8.50.c -mno-xl-soft-mul -Wl,--no-relax -Wl,--gc-sections -o "br0101.elf"  ./src/helloworld.o ./src/platform.o   -Wl,--start-group,-lxil,-lgcc,-lc,--end-group
./src/helloworld.o: In function `printDACTestInfo':
F:\Programs\Verilog\FPGA_Group\test_br0101\workspace\br0101\Debug/../src/helloworld.c:108: undefined reference to `xli_printf'
collect2: ld returned 1 exit status
make: *** [br0101.elf] ´íÎó 1
11:00:38 **** Auto Build of configuration Debug for project br0101 ****
make all 
Building file: ../src/helloworld.c
Invoking: MicroBlaze gcc compiler
mb-gcc -Wall -O0 -g3 -c -fmessage-length=0 -I../../br0101_bsp/microblaze_0/include -mxl-barrel-shift -mxl-pattern-compare -mcpu=v8.50.c -mno-xl-soft-mul -Wl,--no-relax -ffunction-sections -fdata-sections -MMD -MP -MF"src/helloworld.d" -MT"src/helloworld.d" -o "src/helloworld.o" "../src/helloworld.c"
Finished building: ../src/helloworld.c
 
Building target: br0101.elf
Invoking: MicroBlaze gcc linker
mb-gcc -Wl,-T -Wl,../src/lscript.ld -L../../br0101_bsp/microblaze_0/lib -mxl-barrel-shift -mxl-pattern-compare -mcpu=v8.50.c -mno-xl-soft-mul -Wl,--no-relax -Wl,--gc-sections -o "br0101.elf"  ./src/helloworld.o ./src/platform.o   -Wl,--start-group,-lxil,-lgcc,-lc,--end-group
Finished building target: br0101.elf
 
Invoking: MicroBlaze Print Size
mb-size br0101.elf  |tee "br0101.elf.size"
   text	   data	    bss	    dec	    hex	filename
   6582	    312	   2080	   8974	   230e	br0101.elf
Finished building: br0101.elf.size
 
Invoking: Xilinx ELF Check
elfcheck br0101.elf -hw ../../microblaze_hw_platform/system.xml -pe microblaze_0  |tee "br0101.elf.elfcheck"
elfcheck
Xilinx EDK 14.7 Build EDK_P.20131013
Copyright (c) 1995-2012 Xilinx, Inc.  All rights reserved.

Command Line: elfcheck -hw ../../microblaze_hw_platform/system.xml -pe
microblaze_0 br0101.elf 

ELF file	: br0101.elf
elfcheck passed.
Finished building: br0101.elf.elfcheck
 
