MO saw_wave_gen NULL ../../hdl/verilog/user_logic.v vlg42/saw__wave__gen.bin 1504868526
MO sine_wave_gen NULL ../../hdl/verilog/user_logic.v vlg0E/sine__wave__gen.bin 1504868527
MO user_logic NULL ../../hdl/verilog/user_logic.v vlg08/user__logic.bin 1504868526
AR plb_dac imp F:/Programs/Verilog/FPGA_Group/test_br0101/microblaze/pcores/plb_dac_v2_00_a/hdl/vhdl/plb_dac.vhd sub00/vhpl01 1504868546
MO rect_wave_gen NULL ../../hdl/verilog/user_logic.v vlg01/rect__wave__gen.bin 1504868526
EN plb_dac NULL F:/Programs/Verilog/FPGA_Group/test_br0101/microblaze/pcores/plb_dac_v2_00_a/hdl/vhdl/plb_dac.vhd sub00/vhpl00 1504868545
