V3 8
FL F:/Programs/Verilog/FPGA_Group/test_br0101/microblaze/pcores/plb_dac_v2_00_a/hdl/vhdl/plb_dac.vhd 2017/08/27.09:11:50 P.20131013
EN work/plb_dac 1504868545 \
      FL F:/Programs/Verilog/FPGA_Group/test_br0101/microblaze/pcores/plb_dac_v2_00_a/hdl/vhdl/plb_dac.vhd \
      PB ieee/std_logic_1164 1381692176 PB ieee/std_logic_arith 1381692177 \
      PB ieee/STD_LOGIC_UNSIGNED 1381692179 LB proc_common_v3_00_a \
      PB proc_common_v3_00_a/proc_common_pkg 1504868524 \
      PB proc_common_v3_00_a/ipif_pkg 1504868538 \
      EN proc_common_v3_00_a/soft_reset 1504868531 LB plbv46_slave_single_v1_01_a \
      EN plbv46_slave_single_v1_01_a/plbv46_slave_single 1504868543
AR work/plb_dac/IMP 1504868546 \
      FL F:/Programs/Verilog/FPGA_Group/test_br0101/microblaze/pcores/plb_dac_v2_00_a/hdl/vhdl/plb_dac.vhd \
      EN work/plb_dac 1504868545 \
      CP plbv46_slave_single_v1_01_a/plbv46_slave_single \
      CP proc_common_v3_00_a/soft_reset CP user_logic
