Release 14.7 - xst P.20131013 (nt)
Copyright (c) 1995-2013 Xilinx, Inc.  All rights reserved.
--> Parameter TMPDIR set to xst/projnav.tmp


Total REAL time to Xst completion: 1.00 secs
Total CPU time to Xst completion: 0.72 secs
 
--> Parameter xsthdpdir set to xst


Total REAL time to Xst completion: 1.00 secs
Total CPU time to Xst completion: 0.72 secs
 
--> Reading design: plb_dac.prj

TABLE OF CONTENTS
  1) Synthesis Options Summary
  2) HDL Compilation
  3) Design Hierarchy Analysis
  4) HDL Analysis
  5) HDL Synthesis
     5.1) HDL Synthesis Report
  6) Advanced HDL Synthesis
     6.1) Advanced HDL Synthesis Report
  7) Low Level Synthesis
  8) Partition Report
  9) Final Report
	9.1) Device utilization summary
	9.2) Partition Resource Summary
	9.3) TIMING REPORT


=========================================================================
*                      Synthesis Options Summary                        *
=========================================================================
---- Source Parameters
Input File Name                    : "plb_dac.prj"
Input Format                       : mixed
Ignore Synthesis Constraint File   : NO

---- Target Parameters
Output File Name                   : "plb_dac"
Output Format                      : NGC
Target Device                      : xc4vsx55-10-ff1148

---- Source Options
Top Module Name                    : plb_dac
Automatic FSM Extraction           : YES
FSM Encoding Algorithm             : Auto
Safe Implementation                : No
FSM Style                          : LUT
RAM Extraction                     : Yes
RAM Style                          : Auto
ROM Extraction                     : Yes
Mux Style                          : Auto
Decoder Extraction                 : YES
Priority Encoder Extraction        : Yes
Shift Register Extraction          : YES
Logical Shifter Extraction         : YES
XOR Collapsing                     : YES
ROM Style                          : Auto
Mux Extraction                     : Yes
Resource Sharing                   : YES
Asynchronous To Synchronous        : NO
Use DSP Block                      : Auto
Automatic Register Balancing       : No

---- Target Options
Add IO Buffers                     : YES
Global Maximum Fanout              : 100000
Add Generic Clock Buffer(BUFG)     : 32
Number of Regional Clock Buffers   : 32
Register Duplication               : YES
Slice Packing                      : YES
Optimize Instantiated Primitives   : NO
Use Clock Enable                   : Auto
Use Synchronous Set                : Auto
Use Synchronous Reset              : Auto
Pack IO Registers into IOBs        : Auto
Equivalent register Removal        : YES

---- General Options
Optimization Goal                  : Speed
Optimization Effort                : 1
Power Reduction                    : NO
Keep Hierarchy                     : No
Netlist Hierarchy                  : As_Optimized
RTL Output                         : Yes
Global Optimization                : AllClockNets
Read Cores                         : YES
Write Timing Constraints           : NO
Cross Clock Analysis               : NO
Hierarchy Separator                : /
Bus Delimiter                      : <>
Case Specifier                     : Maintain
Slice Utilization Ratio            : 100
BRAM Utilization Ratio             : 100
DSP48 Utilization Ratio            : 100
Verilog 2001                       : YES
Auto BRAM Packing                  : NO
Slice Utilization Ratio Delta      : 5

---- Other Options
Cores Search Directories           : {"ipcore_dir"  }

=========================================================================


=========================================================================
*                          HDL Compilation                              *
=========================================================================
Compiling vhdl file "G:/Xilinx/14.7/ISE_DS/EDK/hw/XilinxProcessorIPLib/pcores/proc_common_v3_00_a/hdl/vhdl/proc_common_pkg.vhd" in Library proc_common_v3_00_a.
Architecture proc_common_pkg of Entity proc_common_pkg is up to date.
Compiling vhdl file "G:/Xilinx/14.7/ISE_DS/EDK/hw/XilinxProcessorIPLib/pcores/proc_common_v3_00_a/hdl/vhdl/or_muxcy.vhd" in Library proc_common_v3_00_a.
Architecture implementation of Entity or_muxcy is up to date.
Compiling vhdl file "G:/Xilinx/14.7/ISE_DS/EDK/hw/XilinxProcessorIPLib/pcores/proc_common_v3_00_a/hdl/vhdl/family_support.vhd" in Library proc_common_v3_00_a.
Architecture family_support of Entity family_support is up to date.
Compiling vhdl file "G:/Xilinx/14.7/ISE_DS/EDK/hw/XilinxProcessorIPLib/pcores/proc_common_v3_00_a/hdl/vhdl/counter_f.vhd" in Library proc_common_v3_00_a.
Architecture imp of Entity counter_f is up to date.
Compiling vhdl file "G:/Xilinx/14.7/ISE_DS/EDK/hw/XilinxProcessorIPLib/pcores/proc_common_v3_00_a/hdl/vhdl/soft_reset.vhd" in Library proc_common_v3_00_a.
Architecture implementation of Entity soft_reset is up to date.
Compiling vhdl file "G:/Xilinx/14.7/ISE_DS/EDK/hw/XilinxProcessorIPLib/pcores/proc_common_v3_00_a/hdl/vhdl/pselect_f.vhd" in Library proc_common_v3_00_a.
Architecture imp of Entity pselect_f is up to date.
Compiling vhdl file "G:/Xilinx/14.7/ISE_DS/EDK/hw/XilinxProcessorIPLib/pcores/proc_common_v3_00_a/hdl/vhdl/or_gate128.vhd" in Library proc_common_v3_00_a.
Architecture imp of Entity or_gate128 is up to date.
Compiling vhdl file "G:/Xilinx/14.7/ISE_DS/EDK/hw/XilinxProcessorIPLib/pcores/proc_common_v3_00_a/hdl/vhdl/ipif_pkg.vhd" in Library proc_common_v3_00_a.
Architecture ipif_pkg of Entity ipif_pkg is up to date.
Compiling vhdl file "G:/Xilinx/14.7/ISE_DS/EDK/hw/XilinxProcessorIPLib/pcores/plbv46_slave_single_v1_01_a/hdl/vhdl/plb_address_decoder.vhd" in Library plbv46_slave_single_v1_01_a.
Architecture imp of Entity plb_address_decoder is up to date.
Compiling vhdl file "G:/Xilinx/14.7/ISE_DS/EDK/hw/XilinxProcessorIPLib/pcores/plbv46_slave_single_v1_01_a/hdl/vhdl/plb_slave_attachment.vhd" in Library plbv46_slave_single_v1_01_a.
Architecture implementation of Entity plb_slave_attachment is up to date.
Compiling vhdl file "G:/Xilinx/14.7/ISE_DS/EDK/hw/XilinxProcessorIPLib/pcores/plbv46_slave_single_v1_01_a/hdl/vhdl/plbv46_slave_single.vhd" in Library plbv46_slave_single_v1_01_a.
Architecture implementation of Entity plbv46_slave_single is up to date.
Compiling vhdl file "F:/Programs/Verilog/FPGA_Group/test_br0101/microblaze/pcores/plb_dac_v3_00_a/hdl/vhdl/plb_dac.vhd" in Library work.
Architecture imp of Entity plb_dac is up to date.
Compiling verilog file "ipcore_dir/ip_dds.v" in library work
Compiling verilog file "ipcore_dir/bram_arb.v" in library work
Module <ip_dds> compiled
Compiling verilog file "../../hdl/verilog/user_logic.v" in library work
Module <bram_arb> compiled
Module <user_logic> compiled
No errors in compilation
Analysis of file <"plb_dac.prj"> succeeded.
 

=========================================================================
*                     Design Hierarchy Analysis                         *
=========================================================================
Analyzing hierarchy for entity <plb_dac> in library <work> (architecture <imp>) with generics.
	C_BASEADDR = "11111111111111111111111111111111"
	C_FAMILY = "virtex6"
	C_HIGHADDR = "00000000000000000000000000000000"
	C_INCLUDE_DPHASE_TIMER = 1
	C_MEM0_BASEADDR = "11111111111111111111111111111111"
	C_MEM0_HIGHADDR = "00000000000000000000000000000000"
	C_SPLB_AWIDTH = 32
	C_SPLB_CLK_PERIOD_PS = 10000
	C_SPLB_DWIDTH = 128
	C_SPLB_MID_WIDTH = 3
	C_SPLB_NATIVE_DWIDTH = 32
	C_SPLB_NUM_MASTERS = 8
	C_SPLB_P2P = 0
	C_SPLB_SMALLEST_MASTER = 32
	C_SPLB_SUPPORT_BURSTS = 0
	DAC_WIDTH = 10

Analyzing hierarchy for entity <plbv46_slave_single> in library <plbv46_slave_single_v1_01_a> (architecture <implementation>) with generics.
	C_ARD_ADDR_RANGE_ARRAY = ("0000000000000000000000000000000011111111111111111111111111111111",
	                          "0000000000000000000000000000000011111111111111111111111111111111",
	                          "0000000000000000000000000000000011111111111111111111111111111111",
	                          "0000000000000000000000000000000011111111111111111111111111111111",
	                          "0000000000000000000000000000000011111111111111111111111111111111",
	                          "0000000000000000000000000000000000000000000000000000000000000000")
	C_ARD_NUM_CE_ARRAY = (8,1,1)
	C_BUS2CORE_CLK_RATIO = 1
	C_FAMILY = "virtex6"
	C_INCLUDE_DPHASE_TIMER = 1
	C_SIPIF_DWIDTH = 32
	C_SPLB_AWIDTH = 32
	C_SPLB_DWIDTH = 128
	C_SPLB_MID_WIDTH = 3
	C_SPLB_NUM_MASTERS = 8
	C_SPLB_P2P = 0

Analyzing hierarchy for entity <soft_reset> in library <proc_common_v3_00_a> (architecture <implementation>) with generics.
	C_RESET_WIDTH = 4
	C_SIPIF_DWIDTH = 32

Analyzing hierarchy for module <user_logic> in library <work> with parameters.
	C_NUM_MEM = "00000000000000000000000000000001"
	C_NUM_REG = "00000000000000000000000000000111"
	C_SLV_AWIDTH = "00000000000000000000000000100000"
	C_SLV_DWIDTH = "00000000000000000000000000100000"
	DAC_WIDTH = "00000000000000000000000000001010"
	PHASE_WIDTH = "00000000000000000000000000010000"

Analyzing hierarchy for entity <plb_slave_attachment> in library <plbv46_slave_single_v1_01_a> (architecture <implementation>) with generics.
	C_ARD_ADDR_RANGE_ARRAY = ("0000000000000000000000000000000011111111111111111111111111111111",
	                          "0000000000000000000000000000000011111111111111111111111111111111",
	                          "0000000000000000000000000000000011111111111111111111111111111111",
	                          "0000000000000000000000000000000011111111111111111111111111111111",
	                          "0000000000000000000000000000000011111111111111111111111111111111",
	                          "0000000000000000000000000000000000000000000000000000000000000000")
	C_ARD_NUM_CE_ARRAY = (8,1,1)
	C_BUS2CORE_CLK_RATIO = 1
	C_DPHASE_TIMEOUT = 128
	C_FAMILY = "virtex6"
	C_INCLUDE_DPHASE_TIMER = 1
	C_IPIF_ABUS_WIDTH = 32
	C_IPIF_DBUS_WIDTH = 32
	C_PLB_MID_WIDTH = 3
	C_PLB_NUM_MASTERS = 8
	C_SPLB_P2P = 0

Analyzing hierarchy for entity <plb_address_decoder> in library <plbv46_slave_single_v1_01_a> (architecture <IMP>) with generics.
	C_ARD_ADDR_RANGE_ARRAY = ("0000000000000000000000000000000011111111111111111111111111111111",
	                          "0000000000000000000000000000000011111111111111111111111111111111",
	                          "0000000000000000000000000000000011111111111111111111111111111111",
	                          "0000000000000000000000000000000011111111111111111111111111111111",
	                          "0000000000000000000000000000000011111111111111111111111111111111",
	                          "0000000000000000000000000000000000000000000000000000000000000000")
	C_ARD_NUM_CE_ARRAY = (8,1,1)
	C_BUS_AWIDTH = 32
	C_FAMILY = "nofamily"
	C_SPLB_P2P = 0

Analyzing hierarchy for entity <counter_f> in library <proc_common_v3_00_a> (architecture <imp>) with generics.
	C_FAMILY = "nofamily"
	C_NUM_BITS = 8

Analyzing hierarchy for entity <pselect_f> in library <proc_common_v3_00_a> (architecture <imp>) with generics.
	C_AB = 32
	C_AW = 32
	C_BAR = "11111111111111111111111111111111"
	C_FAMILY = "nofamily"

Analyzing hierarchy for entity <pselect_f> in library <proc_common_v3_00_a> (architecture <imp>) with generics.
	C_AB = 3
	C_AW = 3
	C_BAR = "000"
	C_FAMILY = "nofamily"

Analyzing hierarchy for entity <pselect_f> in library <proc_common_v3_00_a> (architecture <imp>) with generics.
	C_AB = 3
	C_AW = 3
	C_BAR = "001"
	C_FAMILY = "nofamily"

Analyzing hierarchy for entity <pselect_f> in library <proc_common_v3_00_a> (architecture <imp>) with generics.
	C_AB = 3
	C_AW = 3
	C_BAR = "010"
	C_FAMILY = "nofamily"

Analyzing hierarchy for entity <pselect_f> in library <proc_common_v3_00_a> (architecture <imp>) with generics.
	C_AB = 3
	C_AW = 3
	C_BAR = "011"
	C_FAMILY = "nofamily"

Analyzing hierarchy for entity <pselect_f> in library <proc_common_v3_00_a> (architecture <imp>) with generics.
	C_AB = 3
	C_AW = 3
	C_BAR = "100"
	C_FAMILY = "nofamily"

Analyzing hierarchy for entity <pselect_f> in library <proc_common_v3_00_a> (architecture <imp>) with generics.
	C_AB = 3
	C_AW = 3
	C_BAR = "101"
	C_FAMILY = "nofamily"

Analyzing hierarchy for entity <pselect_f> in library <proc_common_v3_00_a> (architecture <imp>) with generics.
	C_AB = 3
	C_AW = 3
	C_BAR = "110"
	C_FAMILY = "nofamily"

Analyzing hierarchy for entity <pselect_f> in library <proc_common_v3_00_a> (architecture <imp>) with generics.
	C_AB = 3
	C_AW = 3
	C_BAR = "111"
	C_FAMILY = "nofamily"

Analyzing hierarchy for entity <pselect_f> in library <proc_common_v3_00_a> (architecture <imp>) with generics.
	C_AB = 0
	C_AW = 32
	C_BAR = "11111111111111111111111111111111"
	C_FAMILY = "nofamily"

Analyzing hierarchy for entity <or_gate128> in library <proc_common_v3_00_a> (architecture <imp>) with generics.
	C_BUS_WIDTH = 1
	C_OR_WIDTH = 3
	C_USE_LUT_OR = false

Analyzing hierarchy for entity <or_muxcy> in library <proc_common_v3_00_a> (architecture <implementation>) with generics.
	C_NUM_BITS = 3


=========================================================================
*                            HDL Analysis                               *
=========================================================================
Analyzing generic Entity <plb_dac> in library <work> (Architecture <imp>).
	C_BASEADDR = "11111111111111111111111111111111"
	C_FAMILY = "virtex6"
	C_HIGHADDR = "00000000000000000000000000000000"
	C_INCLUDE_DPHASE_TIMER = 1
	C_MEM0_BASEADDR = "11111111111111111111111111111111"
	C_MEM0_HIGHADDR = "00000000000000000000000000000000"
	C_SPLB_AWIDTH = 32
	C_SPLB_CLK_PERIOD_PS = 10000
	C_SPLB_DWIDTH = 128
	C_SPLB_MID_WIDTH = 3
	C_SPLB_NATIVE_DWIDTH = 32
	C_SPLB_NUM_MASTERS = 8
	C_SPLB_P2P = 0
	C_SPLB_SMALLEST_MASTER = 32
	C_SPLB_SUPPORT_BURSTS = 0
	DAC_WIDTH = 10
WARNING:Xst:37 - Detected unknown constraint/property "SIGIS". This constraint/property is not supported by the current software release and will be ignored.
WARNING:Xst:37 - Detected unknown constraint/property "SIGIS". This constraint/property is not supported by the current software release and will be ignored.
WARNING:Xst:753 - "F:/Programs/Verilog/FPGA_Group/test_br0101/microblaze/pcores/plb_dac_v3_00_a/hdl/vhdl/plb_dac.vhd" line 476: Unconnected output port 'Reset2Bus_ToutSup' of component 'soft_reset'.
Entity <plb_dac> analyzed. Unit <plb_dac> generated.

Analyzing generic Entity <plbv46_slave_single> in library <plbv46_slave_single_v1_01_a> (Architecture <implementation>).
	C_ARD_ADDR_RANGE_ARRAY = ("0000000000000000000000000000000011111111111111111111111111111111",
	                          "0000000000000000000000000000000011111111111111111111111111111111",
	                          "0000000000000000000000000000000011111111111111111111111111111111",
	                          "0000000000000000000000000000000011111111111111111111111111111111",
	                          "0000000000000000000000000000000011111111111111111111111111111111",
	                          "0000000000000000000000000000000000000000000000000000000000000000")
	C_ARD_NUM_CE_ARRAY = (8,1,1)
	C_BUS2CORE_CLK_RATIO = 1
	C_FAMILY = "virtex6"
	C_INCLUDE_DPHASE_TIMER = 1
	C_SIPIF_DWIDTH = 32
	C_SPLB_AWIDTH = 32
	C_SPLB_DWIDTH = 128
	C_SPLB_MID_WIDTH = 3
	C_SPLB_NUM_MASTERS = 8
	C_SPLB_P2P = 0
INFO:Xst:1561 - "G:/Xilinx/14.7/ISE_DS/EDK/hw/XilinxProcessorIPLib/pcores/plbv46_slave_single_v1_01_a/hdl/vhdl/plbv46_slave_single.vhd" line 535: Mux is complete : default of case is discarded
Entity <plbv46_slave_single> analyzed. Unit <plbv46_slave_single> generated.

Analyzing generic Entity <plb_slave_attachment> in library <plbv46_slave_single_v1_01_a> (Architecture <implementation>).
	C_ARD_ADDR_RANGE_ARRAY = ("0000000000000000000000000000000011111111111111111111111111111111",
	                          "0000000000000000000000000000000011111111111111111111111111111111",
	                          "0000000000000000000000000000000011111111111111111111111111111111",
	                          "0000000000000000000000000000000011111111111111111111111111111111",
	                          "0000000000000000000000000000000011111111111111111111111111111111",
	                          "0000000000000000000000000000000000000000000000000000000000000000")
	C_ARD_NUM_CE_ARRAY = (8,1,1)
	C_BUS2CORE_CLK_RATIO = 1
	C_DPHASE_TIMEOUT = 128
	C_FAMILY = "virtex6"
	C_INCLUDE_DPHASE_TIMER = 1
	C_IPIF_ABUS_WIDTH = 32
	C_IPIF_DBUS_WIDTH = 32
	C_PLB_MID_WIDTH = 3
	C_PLB_NUM_MASTERS = 8
	C_SPLB_P2P = 0
WARNING:Xst:753 - "G:/Xilinx/14.7/ISE_DS/EDK/hw/XilinxProcessorIPLib/pcores/plbv46_slave_single_v1_01_a/hdl/vhdl/plb_slave_attachment.vhd" line 1201: Unconnected output port 'Count_Out' of component 'counter_f'.
Entity <plb_slave_attachment> analyzed. Unit <plb_slave_attachment> generated.

Analyzing generic Entity <plb_address_decoder> in library <plbv46_slave_single_v1_01_a> (Architecture <IMP>).
	C_ARD_ADDR_RANGE_ARRAY = ("0000000000000000000000000000000011111111111111111111111111111111",
	                          "0000000000000000000000000000000011111111111111111111111111111111",
	                          "0000000000000000000000000000000011111111111111111111111111111111",
	                          "0000000000000000000000000000000011111111111111111111111111111111",
	                          "0000000000000000000000000000000011111111111111111111111111111111",
	                          "0000000000000000000000000000000000000000000000000000000000000000")
	C_ARD_NUM_CE_ARRAY = (8,1,1)
	C_BUS_AWIDTH = 32
	C_FAMILY = "nofamily"
	C_SPLB_P2P = 0
Entity <plb_address_decoder> analyzed. Unit <plb_address_decoder> generated.

Analyzing generic Entity <pselect_f.1> in library <proc_common_v3_00_a> (Architecture <imp>).
	C_AB = 32
	C_AW = 32
	C_BAR = "11111111111111111111111111111111"
	C_FAMILY = "nofamily"
Entity <pselect_f.1> analyzed. Unit <pselect_f.1> generated.

Analyzing generic Entity <pselect_f.2> in library <proc_common_v3_00_a> (Architecture <imp>).
	C_AB = 3
	C_AW = 3
	C_BAR = "000"
	C_FAMILY = "nofamily"
Entity <pselect_f.2> analyzed. Unit <pselect_f.2> generated.

Analyzing generic Entity <pselect_f.3> in library <proc_common_v3_00_a> (Architecture <imp>).
	C_AB = 3
	C_AW = 3
	C_BAR = "001"
	C_FAMILY = "nofamily"
Entity <pselect_f.3> analyzed. Unit <pselect_f.3> generated.

Analyzing generic Entity <pselect_f.4> in library <proc_common_v3_00_a> (Architecture <imp>).
	C_AB = 3
	C_AW = 3
	C_BAR = "010"
	C_FAMILY = "nofamily"
Entity <pselect_f.4> analyzed. Unit <pselect_f.4> generated.

Analyzing generic Entity <pselect_f.5> in library <proc_common_v3_00_a> (Architecture <imp>).
	C_AB = 3
	C_AW = 3
	C_BAR = "011"
	C_FAMILY = "nofamily"
Entity <pselect_f.5> analyzed. Unit <pselect_f.5> generated.

Analyzing generic Entity <pselect_f.6> in library <proc_common_v3_00_a> (Architecture <imp>).
	C_AB = 3
	C_AW = 3
	C_BAR = "100"
	C_FAMILY = "nofamily"
Entity <pselect_f.6> analyzed. Unit <pselect_f.6> generated.

Analyzing generic Entity <pselect_f.7> in library <proc_common_v3_00_a> (Architecture <imp>).
	C_AB = 3
	C_AW = 3
	C_BAR = "101"
	C_FAMILY = "nofamily"
Entity <pselect_f.7> analyzed. Unit <pselect_f.7> generated.

Analyzing generic Entity <pselect_f.8> in library <proc_common_v3_00_a> (Architecture <imp>).
	C_AB = 3
	C_AW = 3
	C_BAR = "110"
	C_FAMILY = "nofamily"
Entity <pselect_f.8> analyzed. Unit <pselect_f.8> generated.

Analyzing generic Entity <pselect_f.9> in library <proc_common_v3_00_a> (Architecture <imp>).
	C_AB = 3
	C_AW = 3
	C_BAR = "111"
	C_FAMILY = "nofamily"
Entity <pselect_f.9> analyzed. Unit <pselect_f.9> generated.

Analyzing generic Entity <pselect_f.10> in library <proc_common_v3_00_a> (Architecture <imp>).
	C_AB = 0
	C_AW = 32
	C_BAR = "11111111111111111111111111111111"
	C_FAMILY = "nofamily"
Entity <pselect_f.10> analyzed. Unit <pselect_f.10> generated.

Analyzing generic Entity <or_gate128> in library <proc_common_v3_00_a> (Architecture <imp>).
	C_BUS_WIDTH = 1
	C_OR_WIDTH = 3
	C_USE_LUT_OR = false
Entity <or_gate128> analyzed. Unit <or_gate128> generated.

Analyzing generic Entity <or_muxcy> in library <proc_common_v3_00_a> (Architecture <implementation>).
	C_NUM_BITS = 3
Entity <or_muxcy> analyzed. Unit <or_muxcy> generated.

Analyzing generic Entity <counter_f> in library <proc_common_v3_00_a> (Architecture <imp>).
	C_FAMILY = "nofamily"
	C_NUM_BITS = 8
Entity <counter_f> analyzed. Unit <counter_f> generated.

Analyzing generic Entity <soft_reset> in library <proc_common_v3_00_a> (Architecture <implementation>).
	C_RESET_WIDTH = 4
	C_SIPIF_DWIDTH = 32
    Set user-defined property "INIT =  0" for instance <RESET_FLOPS[0].RST_FLOPS> in unit <soft_reset>.
    Set user-defined property "INIT =  0" for instance <RESET_FLOPS[1].RST_FLOPS> in unit <soft_reset>.
    Set user-defined property "INIT =  0" for instance <RESET_FLOPS[2].RST_FLOPS> in unit <soft_reset>.
    Set user-defined property "INIT =  0" for instance <RESET_FLOPS[3].RST_FLOPS> in unit <soft_reset>.
    Set user-defined property "INIT =  0" for instance <FF_WRACK> in unit <soft_reset>.
Entity <soft_reset> analyzed. Unit <soft_reset> generated.

Analyzing module <user_logic> in library <work>.
	C_NUM_MEM = 32'sb00000000000000000000000000000001
	C_NUM_REG = 32'sb00000000000000000000000000000111
	C_SLV_AWIDTH = 32'sb00000000000000000000000000100000
	C_SLV_DWIDTH = 32'sb00000000000000000000000000100000
	DAC_WIDTH = 32'sb00000000000000000000000000001010
	PHASE_WIDTH = 32'sb00000000000000000000000000010000
INFO:Xst:1433 - Contents of array <slv_reg3> may be accessed with an index that exceeds the array size. This could cause simulation mismatch.
INFO:Xst:1433 - Contents of array <slv_reg3> may be accessed with an index that exceeds the array size. This could cause simulation mismatch.
WARNING:Xst:2211 - "ipcore_dir/ip_dds.v" line 433: Instantiating black box module <ip_dds>.
WARNING:Xst:2211 - "ipcore_dir/bram_arb.v" line 450: Instantiating black box module <bram_arb>.
Module <user_logic> is correct for synthesis.
 
    Set user-defined property "SYN_BLACK_BOX =  1" for instance <ip_dds_q> in unit <user_logic>.
    Set user-defined property "SYN_NOPRUNE =  1" for instance <ip_dds_q> in unit <user_logic>.
    Set property "SYN_NOPRUNE = 1" for unit <ip_dds>.

=========================================================================
*                           HDL Synthesis                               *
=========================================================================

Performing bidirectional port resolution...
INFO:Xst:2679 - Register <byte_index> in unit <user_logic> has a constant value of 100 during circuit operation. The register is replaced by logic.

Synthesizing Unit <counter_f>.
    Related source file is "G:/Xilinx/14.7/ISE_DS/EDK/hw/XilinxProcessorIPLib/pcores/proc_common_v3_00_a/hdl/vhdl/counter_f.vhd".
    Found 9-bit register for signal <icount_out>.
    Found 9-bit subtractor for signal <icount_out$sub0000> created at line 297.
    Summary:
	inferred   9 D-type flip-flop(s).
	inferred   1 Adder/Subtractor(s).
Unit <counter_f> synthesized.


Synthesizing Unit <pselect_f_1>.
    Related source file is "G:/Xilinx/14.7/ISE_DS/EDK/hw/XilinxProcessorIPLib/pcores/proc_common_v3_00_a/hdl/vhdl/pselect_f.vhd".
Unit <pselect_f_1> synthesized.


Synthesizing Unit <pselect_f_2>.
    Related source file is "G:/Xilinx/14.7/ISE_DS/EDK/hw/XilinxProcessorIPLib/pcores/proc_common_v3_00_a/hdl/vhdl/pselect_f.vhd".
Unit <pselect_f_2> synthesized.


Synthesizing Unit <pselect_f_3>.
    Related source file is "G:/Xilinx/14.7/ISE_DS/EDK/hw/XilinxProcessorIPLib/pcores/proc_common_v3_00_a/hdl/vhdl/pselect_f.vhd".
Unit <pselect_f_3> synthesized.


Synthesizing Unit <pselect_f_4>.
    Related source file is "G:/Xilinx/14.7/ISE_DS/EDK/hw/XilinxProcessorIPLib/pcores/proc_common_v3_00_a/hdl/vhdl/pselect_f.vhd".
Unit <pselect_f_4> synthesized.


Synthesizing Unit <pselect_f_5>.
    Related source file is "G:/Xilinx/14.7/ISE_DS/EDK/hw/XilinxProcessorIPLib/pcores/proc_common_v3_00_a/hdl/vhdl/pselect_f.vhd".
Unit <pselect_f_5> synthesized.


Synthesizing Unit <pselect_f_6>.
    Related source file is "G:/Xilinx/14.7/ISE_DS/EDK/hw/XilinxProcessorIPLib/pcores/proc_common_v3_00_a/hdl/vhdl/pselect_f.vhd".
Unit <pselect_f_6> synthesized.


Synthesizing Unit <pselect_f_7>.
    Related source file is "G:/Xilinx/14.7/ISE_DS/EDK/hw/XilinxProcessorIPLib/pcores/proc_common_v3_00_a/hdl/vhdl/pselect_f.vhd".
Unit <pselect_f_7> synthesized.


Synthesizing Unit <pselect_f_8>.
    Related source file is "G:/Xilinx/14.7/ISE_DS/EDK/hw/XilinxProcessorIPLib/pcores/proc_common_v3_00_a/hdl/vhdl/pselect_f.vhd".
Unit <pselect_f_8> synthesized.


Synthesizing Unit <pselect_f_9>.
    Related source file is "G:/Xilinx/14.7/ISE_DS/EDK/hw/XilinxProcessorIPLib/pcores/proc_common_v3_00_a/hdl/vhdl/pselect_f.vhd".
Unit <pselect_f_9> synthesized.


Synthesizing Unit <pselect_f_10>.
    Related source file is "G:/Xilinx/14.7/ISE_DS/EDK/hw/XilinxProcessorIPLib/pcores/proc_common_v3_00_a/hdl/vhdl/pselect_f.vhd".
WARNING:Xst:647 - Input <A> is never used. This port will be preserved and left unconnected if it belongs to a top-level block or it belongs to a sub-block and the hierarchy of this sub-block is preserved.
Unit <pselect_f_10> synthesized.


Synthesizing Unit <or_muxcy>.
    Related source file is "G:/Xilinx/14.7/ISE_DS/EDK/hw/XilinxProcessorIPLib/pcores/proc_common_v3_00_a/hdl/vhdl/or_muxcy.vhd".
Unit <or_muxcy> synthesized.


Synthesizing Unit <soft_reset>.
    Related source file is "G:/Xilinx/14.7/ISE_DS/EDK/hw/XilinxProcessorIPLib/pcores/proc_common_v3_00_a/hdl/vhdl/soft_reset.vhd".
WARNING:Xst:647 - Input <Bus2IP_Data<0:27>> is never used. This port will be preserved and left unconnected if it belongs to a top-level block or it belongs to a sub-block and the hierarchy of this sub-block is preserved.
WARNING:Xst:647 - Input <Bus2IP_BE<0:2>> is never used. This port will be preserved and left unconnected if it belongs to a top-level block or it belongs to a sub-block and the hierarchy of this sub-block is preserved.
WARNING:Xst:1780 - Signal <error_reply> is never used or assigned. This unconnected signal will be trimmed during the optimization process.
    Found 1-bit register for signal <reset_trig>.
    Found 1-bit register for signal <sw_rst_cond_d1>.
    Summary:
	inferred   2 D-type flip-flop(s).
Unit <soft_reset> synthesized.


Synthesizing Unit <user_logic>.
    Related source file is "../../hdl/verilog/user_logic.v".
WARNING:Xst:647 - Input <Bus2IP_RNW> is never used. This port will be preserved and left unconnected if it belongs to a top-level block or it belongs to a sub-block and the hierarchy of this sub-block is preserved.
WARNING:Xst:647 - Input <Bus2IP_Addr> is never used. This port will be preserved and left unconnected if it belongs to a top-level block or it belongs to a sub-block and the hierarchy of this sub-block is preserved.
WARNING:Xst:647 - Input <Bus2IP_CS<0>> is never used. This port will be preserved and left unconnected if it belongs to a top-level block or it belongs to a sub-block and the hierarchy of this sub-block is preserved.
WARNING:Xst:646 - Signal <unsigned_sine_data> is assigned but never used. This unconnected signal will be trimmed during the optimization process.
WARNING:Xst:1780 - Signal <spi_start_flag> is never used or assigned. This unconnected signal will be trimmed during the optimization process.
WARNING:Xst:1780 - Signal <bram_wea> is never used or assigned. This unconnected signal will be trimmed during the optimization process.
WARNING:Xst:1780 - Signal <bram_addr> is never used or assigned. This unconnected signal will be trimmed during the optimization process.
    Found finite state machine <FSM_0> for signal <state_reg>.
    -----------------------------------------------------------------------
    | States             | 5                                              |
    | Transitions        | 13                                             |
    | Inputs             | 5                                              |
    | Outputs            | 7                                              |
    | Clock              | Bus2IP_Clk                (rising_edge)        |
    | Reset              | Bus2IP_Reset              (positive)           |
    | Reset type         | synchronous                                    |
    | Reset State        | 000                                            |
    | Encoding           | automatic                                      |
    | Implementation     | LUT                                            |
    -----------------------------------------------------------------------
    Found 1-bit 32-to-1 multiplexer for signal <$varindex0000> created at line 392.
    Found 5-bit adder carry out for signal <COND_283$addsub0000>.
    Found 1-bit register for signal <cs_reg>.
    Found 1-bit register for signal <dac_clk_reg>.
    Found 10-bit register for signal <dac_data_reg>.
    Found 1-bit register for signal <dac_en>.
    Found 1-bit register for signal <Mtridata_sdio_reg_o>.
    Found 1-bit register for signal <Mtrien_sdio_reg_o>.
    Found 16-bit comparator less for signal <rect_data$cmp_lt0000> created at line 470.
    Found 1-bit register for signal <reset_reg>.
    Found 1-bit register for signal <sclk_reg>.
    Found 1-bit tristate buffer for signal <sdio_reg_o>.
    Found 1-bit register for signal <sdio_reg_t>.
    Found 32-bit register for signal <slv_reg0>.
    Found 32-bit register for signal <slv_reg1>.
    Found 32-bit register for signal <slv_reg2>.
    Found 32-bit register for signal <slv_reg3>.
    Found 5-bit comparator greatequal for signal <slv_reg3_16$cmp_ge0000> created at line 258.
    Found 5-bit comparator less for signal <slv_reg3_16$cmp_lt0000> created at line 258.
    Found 32-bit register for signal <slv_reg4>.
    Found 32-bit register for signal <slv_reg5>.
    Found 32-bit register for signal <slv_reg6>.
    Found 5-bit register for signal <spi_cnt>.
    Found 5-bit adder for signal <spi_cnt$addsub0000>.
    Found 1-bit register for signal <spi_state>.
    Found 16-bit adder for signal <step_ctl>.
    Summary:
	inferred   1 Finite State Machine(s).
	inferred 248 D-type flip-flop(s).
	inferred   3 Adder/Subtractor(s).
	inferred   3 Comparator(s).
	inferred   1 Multiplexer(s).
	inferred   1 Tristate(s).
Unit <user_logic> synthesized.


Synthesizing Unit <or_gate128>.
    Related source file is "G:/Xilinx/14.7/ISE_DS/EDK/hw/XilinxProcessorIPLib/pcores/proc_common_v3_00_a/hdl/vhdl/or_gate128.vhd".
WARNING:Xst:1780 - Signal <test> is never used or assigned. This unconnected signal will be trimmed during the optimization process.
Unit <or_gate128> synthesized.


Synthesizing Unit <plb_address_decoder>.
    Related source file is "G:/Xilinx/14.7/ISE_DS/EDK/hw/XilinxProcessorIPLib/pcores/plbv46_slave_single_v1_01_a/hdl/vhdl/plb_address_decoder.vhd".
WARNING:Xst:647 - Input <Bus_RNW_Erly> is never used. This port will be preserved and left unconnected if it belongs to a top-level block or it belongs to a sub-block and the hierarchy of this sub-block is preserved.
WARNING:Xst:647 - Input <Address_In_Erly> is never used. This port will be preserved and left unconnected if it belongs to a top-level block or it belongs to a sub-block and the hierarchy of this sub-block is preserved.
WARNING:Xst:647 - Input <Address_Valid_Erly> is never used. This port will be preserved and left unconnected if it belongs to a top-level block or it belongs to a sub-block and the hierarchy of this sub-block is preserved.
WARNING:Xst:646 - Signal <cs_s_h_clr> is assigned but never used. This unconnected signal will be trimmed during the optimization process.
WARNING:Xst:1780 - Signal <cs_out_s_h1<0:1>> is never used or assigned. This unconnected signal will be trimmed during the optimization process.
WARNING:Xst:1780 - Signal <cs_out_s_h0<0>> is never used or assigned. This unconnected signal will be trimmed during the optimization process.
WARNING:Xst:1780 - Signal <cs_out_s_h0<2>> is never used or assigned. This unconnected signal will be trimmed during the optimization process.
WARNING:Xst:1780 - Signal <cs_out_s_h<1:2>> is never used or assigned. This unconnected signal will be trimmed during the optimization process.
WARNING:Xst:646 - Signal <cs_ce_clr> is assigned but never used. This unconnected signal will be trimmed during the optimization process.
WARNING:Xst:646 - Signal <addr_out_s_h<3:4>> is assigned but never used. This unconnected signal will be trimmed during the optimization process.
WARNING:Xst:646 - Signal <addr_match_clr> is assigned but never used. This unconnected signal will be trimmed during the optimization process.
    Found 5-bit register for signal <addr_out_s_h>.
    Found 3-bit register for signal <cs_out_i>.
    Found 1-bit register for signal <cs_out_s_h<0>>.
    Found 1-bit register for signal <cs_out_s_h0<1>>.
    Found 1-bit register for signal <cs_out_s_h1<2>>.
    Found 1-bit register for signal <decode_hit_reg>.
    Found 10-bit register for signal <rdce_out_i>.
    Found 1-bit register for signal <rnw_s_h>.
    Found 10-bit register for signal <wrce_out_i>.
    Summary:
	inferred  33 D-type flip-flop(s).
Unit <plb_address_decoder> synthesized.


Synthesizing Unit <plb_slave_attachment>.
    Related source file is "G:/Xilinx/14.7/ISE_DS/EDK/hw/XilinxProcessorIPLib/pcores/plbv46_slave_single_v1_01_a/hdl/vhdl/plb_slave_attachment.vhd".
WARNING:Xst:647 - Input <PLB_UABus> is never used. This port will be preserved and left unconnected if it belongs to a top-level block or it belongs to a sub-block and the hierarchy of this sub-block is preserved.
WARNING:Xst:1780 - Signal <valid_plb_type> is never used or assigned. This unconnected signal will be trimmed during the optimization process.
WARNING:Xst:1780 - Signal <valid_plb_size> is never used or assigned. This unconnected signal will be trimmed during the optimization process.
WARNING:Xst:646 - Signal <start_data_phase> is assigned but never used. This unconnected signal will be trimmed during the optimization process.
WARNING:Xst:1780 - Signal <sl_wrdack_ns> is never used or assigned. This unconnected signal will be trimmed during the optimization process.
WARNING:Xst:1780 - Signal <sl_wrcomp_ns> is never used or assigned. This unconnected signal will be trimmed during the optimization process.
WARNING:Xst:1780 - Signal <sl_wait_ns> is never used or assigned. This unconnected signal will be trimmed during the optimization process.
WARNING:Xst:1780 - Signal <sl_rddack_ns> is never used or assigned. This unconnected signal will be trimmed during the optimization process.
WARNING:Xst:1780 - Signal <sl_rdcomp_ns> is never used or assigned. This unconnected signal will be trimmed during the optimization process.
WARNING:Xst:1780 - Signal <sl_data_ack> is never used or assigned. This unconnected signal will be trimmed during the optimization process.
WARNING:Xst:1780 - Signal <set_sl_busy_ns> is never used or assigned. This unconnected signal will be trimmed during the optimization process.
WARNING:Xst:1780 - Signal <rd_ce_ld_enable> is never used or assigned. This unconnected signal will be trimmed during the optimization process.
WARNING:Xst:1780 - Signal <clear_sl_rd_busy_ns> is never used or assigned. This unconnected signal will be trimmed during the optimization process.
WARNING:Xst:1780 - Signal <clear_sl_rd_busy> is never used or assigned. This unconnected signal will be trimmed during the optimization process.
WARNING:Xst:1780 - Signal <clear_sl_busy_ns> is never used or assigned. This unconnected signal will be trimmed during the optimization process.
WARNING:Xst:1780 - Signal <clear_rd_ce> is never used or assigned. This unconnected signal will be trimmed during the optimization process.
    Register <sl_rdcomp_i> equivalent to <rd_clear_sl_busy> has been removed
    Register <sl_rddack_i> equivalent to <rd_clear_sl_busy> has been removed
    Register <sl_addrack_i> equivalent to <set_sl_busy> has been removed
    Register <sl_wrdack_i> equivalent to <sl_wrcomp_i> has been removed
    Register <wr_clear_sl_busy> equivalent to <sl_wrcomp_i> has been removed
    Found 1-bit register for signal <addr_cntl_cs<0>>.
    Found 1-bit register for signal <addr_cycle_flush>.
    Found 32-bit register for signal <bus2ip_addr_i>.
    Found 4-bit register for signal <bus2ip_be_i>.
    Found 1-bit register for signal <bus2ip_rnw_i>.
    Found 1-bit register for signal <data_timeout>.
    Found 3-bit register for signal <master_id>.
    Found 32-bit register for signal <plb_abus_reg>.
    Found 4-bit register for signal <plb_be_reg>.
    Found 3-bit register for signal <plb_masterid_reg>.
    Found 1-bit register for signal <plb_pavalid_reg>.
    Found 1-bit register for signal <plb_rnw_reg>.
    Found 4-bit register for signal <plb_size_reg>.
    Found 3-bit register for signal <plb_type_reg>.
    Found 32-bit register for signal <plb_wrdbus_reg>.
    Found 1-bit register for signal <rd_clear_sl_busy>.
    Found 1-bit register for signal <set_sl_busy>.
    Found 1-bit register for signal <sl_busy>.
    Found 8-bit register for signal <sl_mbusy_i>.
    Found 8-bit register for signal <sl_mrderr_i>.
    Found 8-bit register for signal <sl_mwrerr_i>.
    Found 32-bit register for signal <sl_rddbus_i>.
    Found 1-bit register for signal <sl_rearbitrate_i>.
    Found 1-bit register for signal <sl_wrcomp_i>.
    Summary:
	inferred 184 D-type flip-flop(s).
Unit <plb_slave_attachment> synthesized.


Synthesizing Unit <plbv46_slave_single>.
    Related source file is "G:/Xilinx/14.7/ISE_DS/EDK/hw/XilinxProcessorIPLib/pcores/plbv46_slave_single_v1_01_a/hdl/vhdl/plbv46_slave_single.vhd".
WARNING:Xst:647 - Input <PLB_wrPrim> is never used. This port will be preserved and left unconnected if it belongs to a top-level block or it belongs to a sub-block and the hierarchy of this sub-block is preserved.
WARNING:Xst:647 - Input <PLB_MSize> is never used. This port will be preserved and left unconnected if it belongs to a top-level block or it belongs to a sub-block and the hierarchy of this sub-block is preserved.
WARNING:Xst:647 - Input <PLB_rdBurst> is never used. This port will be preserved and left unconnected if it belongs to a top-level block or it belongs to a sub-block and the hierarchy of this sub-block is preserved.
WARNING:Xst:647 - Input <PLB_SAValid> is never used. This port will be preserved and left unconnected if it belongs to a top-level block or it belongs to a sub-block and the hierarchy of this sub-block is preserved.
WARNING:Xst:647 - Input <PLB_wrPendReq> is never used. This port will be preserved and left unconnected if it belongs to a top-level block or it belongs to a sub-block and the hierarchy of this sub-block is preserved.
WARNING:Xst:647 - Input <PLB_wrPendPri> is never used. This port will be preserved and left unconnected if it belongs to a top-level block or it belongs to a sub-block and the hierarchy of this sub-block is preserved.
WARNING:Xst:647 - Input <PLB_rdPendReq> is never used. This port will be preserved and left unconnected if it belongs to a top-level block or it belongs to a sub-block and the hierarchy of this sub-block is preserved.
WARNING:Xst:647 - Input <PLB_rdPendPri> is never used. This port will be preserved and left unconnected if it belongs to a top-level block or it belongs to a sub-block and the hierarchy of this sub-block is preserved.
WARNING:Xst:647 - Input <PLB_busLock> is never used. This port will be preserved and left unconnected if it belongs to a top-level block or it belongs to a sub-block and the hierarchy of this sub-block is preserved.
WARNING:Xst:647 - Input <PLB_wrDBus<32:127>> is never used. This port will be preserved and left unconnected if it belongs to a top-level block or it belongs to a sub-block and the hierarchy of this sub-block is preserved.
WARNING:Xst:647 - Input <PLB_reqPri> is never used. This port will be preserved and left unconnected if it belongs to a top-level block or it belongs to a sub-block and the hierarchy of this sub-block is preserved.
WARNING:Xst:647 - Input <PLB_lockErr> is never used. This port will be preserved and left unconnected if it belongs to a top-level block or it belongs to a sub-block and the hierarchy of this sub-block is preserved.
WARNING:Xst:647 - Input <PLB_wrBurst> is never used. This port will be preserved and left unconnected if it belongs to a top-level block or it belongs to a sub-block and the hierarchy of this sub-block is preserved.
WARNING:Xst:647 - Input <PLB_TAttribute> is never used. This port will be preserved and left unconnected if it belongs to a top-level block or it belongs to a sub-block and the hierarchy of this sub-block is preserved.
WARNING:Xst:647 - Input <PLB_rdPrim> is never used. This port will be preserved and left unconnected if it belongs to a top-level block or it belongs to a sub-block and the hierarchy of this sub-block is preserved.
WARNING:Xst:647 - Input <PLB_abort> is never used. This port will be preserved and left unconnected if it belongs to a top-level block or it belongs to a sub-block and the hierarchy of this sub-block is preserved.
    Found 4-bit 4-to-1 multiplexer for signal <plb_be_muxed>.
    Summary:
	inferred   4 Multiplexer(s).
Unit <plbv46_slave_single> synthesized.


Synthesizing Unit <plb_dac>.
    Related source file is "F:/Programs/Verilog/FPGA_Group/test_br0101/microblaze/pcores/plb_dac_v3_00_a/hdl/vhdl/plb_dac.vhd".
WARNING:Xst:646 - Signal <ipif_Bus2IP_WrCE<7>> is assigned but never used. This unconnected signal will be trimmed during the optimization process.
WARNING:Xst:646 - Signal <ipif_Bus2IP_WrCE<9>> is assigned but never used. This unconnected signal will be trimmed during the optimization process.
WARNING:Xst:646 - Signal <ipif_Bus2IP_RdCE<7:9>> is assigned but never used. This unconnected signal will be trimmed during the optimization process.
Unit <plb_dac> synthesized.

INFO:Xst:1767 - HDL ADVISOR - Resource sharing has identified that some arithmetic operations in this design can share the same physical resources for reduced device utilization. For improved clock frequency you may try to disable resource sharing.

=========================================================================
HDL Synthesis Report

Macro Statistics
# Adders/Subtractors                                   : 4
 16-bit adder                                          : 1
 5-bit adder                                           : 1
 5-bit adder carry out                                 : 1
 9-bit subtractor                                      : 1
# Registers                                            : 312
 1-bit register                                        : 298
 10-bit register                                       : 1
 3-bit register                                        : 3
 32-bit register                                       : 4
 4-bit register                                        : 3
 5-bit register                                        : 2
 9-bit register                                        : 1
# Comparators                                          : 3
 16-bit comparator less                                : 1
 5-bit comparator greatequal                           : 1
 5-bit comparator less                                 : 1
# Multiplexers                                         : 2
 1-bit 32-to-1 multiplexer                             : 1
 4-bit 4-to-1 multiplexer                              : 1
# Tristates                                            : 1
 1-bit tristate buffer                                 : 1

=========================================================================

=========================================================================
*                       Advanced HDL Synthesis                          *
=========================================================================

Analyzing FSM <FSM_0> for best encoding.
Optimizing FSM <USER_LOGIC_I/state_reg/FSM> on signal <state_reg[1:3]> with gray encoding.
-------------------
 State | Encoding
-------------------
 000   | 000
 001   | 001
 010   | 011
 011   | 010
 100   | 110
-------------------
Reading core <ipcore_dir/ip_dds.ngc>.
Reading core <ipcore_dir/bram_arb.ngc>.
Loading core <ip_dds> for timing and area information for instance <ip_dds_q>.
Loading core <bram_arb> for timing and area information for instance <bram_arb_1>.
WARNING:Xst:1290 - Hierarchical block <MEM_DECODE_GEN[0].PER_CE_GEN[7].MULTIPLE_CES_THIS_CS_GEN.CE_I> is unconnected in block <I_DECODER>.
   It will be removed from the design.
WARNING:Xst:2677 - Node <addr_out_s_h_4> of sequential type is unconnected in block <I_DECODER>.
WARNING:Xst:2677 - Node <addr_out_s_h_3> of sequential type is unconnected in block <I_DECODER>.
WARNING:Xst:2677 - Node <addr_out_s_h_4> of sequential type is unconnected in block <plb_address_decoder>.
WARNING:Xst:2677 - Node <addr_out_s_h_3> of sequential type is unconnected in block <plb_address_decoder>.

=========================================================================
Advanced HDL Synthesis Report

Macro Statistics
# FSMs                                                 : 1
# Adders/Subtractors                                   : 4
 16-bit adder                                          : 1
 5-bit adder                                           : 1
 5-bit adder carry out                                 : 1
 9-bit subtractor                                      : 1
# Registers                                            : 479
 Flip-Flops                                            : 479
# Comparators                                          : 3
 16-bit comparator less                                : 1
 5-bit comparator greatequal                           : 1
 5-bit comparator less                                 : 1
# Multiplexers                                         : 2
 1-bit 32-to-1 multiplexer                             : 1
 4-bit 4-to-1 multiplexer                              : 1

=========================================================================

=========================================================================
*                         Low Level Synthesis                           *
=========================================================================
WARNING:Xst:1989 - Unit <plb_address_decoder>: instances <MEM_DECODE_GEN[0].GEN_PLB_SHARED.MEM_SELECT_I>, <MEM_DECODE_GEN[1].GEN_PLB_SHARED.MEM_SELECT_I> of unit <pselect_f_1> are equivalent, second instance is removed
INFO:Xst:2261 - The FF/Latch <cs_out_s_h0_1> in Unit <plb_address_decoder> is equivalent to the following FF/Latch, which will be removed : <cs_out_s_h_0> 
INFO:Xst:2261 - The FF/Latch <cs_out_i_0> in Unit <plb_address_decoder> is equivalent to the following FF/Latch, which will be removed : <cs_out_i_1> 
INFO:Xst:2261 - The FF/Latch <addr_cntl_cs_0> in Unit <plb_slave_attachment> is equivalent to the following FF/Latch, which will be removed : <addr_cycle_flush> 

Optimizing unit <plb_dac> ...

Optimizing unit <counter_f> ...

Optimizing unit <soft_reset> ...

Optimizing unit <plb_address_decoder> ...

Optimizing unit <plb_slave_attachment> ...
WARNING:Xst:2677 - Node <PLBV46_SLAVE_SINGLE_I/I_SLAVE_ATTACHMENT/I_DECODER/wrce_out_i_9> of sequential type is unconnected in block <plb_dac>.
WARNING:Xst:2677 - Node <PLBV46_SLAVE_SINGLE_I/I_SLAVE_ATTACHMENT/I_DECODER/rdce_out_i_8> of sequential type is unconnected in block <plb_dac>.
WARNING:Xst:2677 - Node <PLBV46_SLAVE_SINGLE_I/I_SLAVE_ATTACHMENT/I_DECODER/rdce_out_i_9> of sequential type is unconnected in block <plb_dac>.
WARNING:Xst:2677 - Node <PLBV46_SLAVE_SINGLE_I/I_SLAVE_ATTACHMENT/I_DECODER/wrce_out_i_7> of sequential type is unconnected in block <plb_dac>.
WARNING:Xst:2677 - Node <PLBV46_SLAVE_SINGLE_I/I_SLAVE_ATTACHMENT/I_DECODER/rdce_out_i_7> of sequential type is unconnected in block <plb_dac>.
WARNING:Xst:2677 - Node <PLBV46_SLAVE_SINGLE_I/I_SLAVE_ATTACHMENT/bus2ip_addr_i_0> of sequential type is unconnected in block <plb_dac>.
WARNING:Xst:2677 - Node <PLBV46_SLAVE_SINGLE_I/I_SLAVE_ATTACHMENT/bus2ip_addr_i_1> of sequential type is unconnected in block <plb_dac>.
WARNING:Xst:2677 - Node <PLBV46_SLAVE_SINGLE_I/I_SLAVE_ATTACHMENT/bus2ip_addr_i_2> of sequential type is unconnected in block <plb_dac>.
WARNING:Xst:2677 - Node <PLBV46_SLAVE_SINGLE_I/I_SLAVE_ATTACHMENT/bus2ip_addr_i_3> of sequential type is unconnected in block <plb_dac>.
WARNING:Xst:2677 - Node <PLBV46_SLAVE_SINGLE_I/I_SLAVE_ATTACHMENT/bus2ip_addr_i_4> of sequential type is unconnected in block <plb_dac>.
WARNING:Xst:2677 - Node <PLBV46_SLAVE_SINGLE_I/I_SLAVE_ATTACHMENT/bus2ip_addr_i_5> of sequential type is unconnected in block <plb_dac>.
WARNING:Xst:2677 - Node <PLBV46_SLAVE_SINGLE_I/I_SLAVE_ATTACHMENT/bus2ip_addr_i_6> of sequential type is unconnected in block <plb_dac>.
WARNING:Xst:2677 - Node <PLBV46_SLAVE_SINGLE_I/I_SLAVE_ATTACHMENT/bus2ip_addr_i_7> of sequential type is unconnected in block <plb_dac>.
WARNING:Xst:2677 - Node <PLBV46_SLAVE_SINGLE_I/I_SLAVE_ATTACHMENT/bus2ip_addr_i_8> of sequential type is unconnected in block <plb_dac>.
WARNING:Xst:2677 - Node <PLBV46_SLAVE_SINGLE_I/I_SLAVE_ATTACHMENT/bus2ip_addr_i_9> of sequential type is unconnected in block <plb_dac>.
WARNING:Xst:2677 - Node <PLBV46_SLAVE_SINGLE_I/I_SLAVE_ATTACHMENT/bus2ip_addr_i_10> of sequential type is unconnected in block <plb_dac>.
WARNING:Xst:2677 - Node <PLBV46_SLAVE_SINGLE_I/I_SLAVE_ATTACHMENT/bus2ip_addr_i_11> of sequential type is unconnected in block <plb_dac>.
WARNING:Xst:2677 - Node <PLBV46_SLAVE_SINGLE_I/I_SLAVE_ATTACHMENT/bus2ip_addr_i_12> of sequential type is unconnected in block <plb_dac>.
WARNING:Xst:2677 - Node <PLBV46_SLAVE_SINGLE_I/I_SLAVE_ATTACHMENT/bus2ip_addr_i_13> of sequential type is unconnected in block <plb_dac>.
WARNING:Xst:2677 - Node <PLBV46_SLAVE_SINGLE_I/I_SLAVE_ATTACHMENT/bus2ip_addr_i_14> of sequential type is unconnected in block <plb_dac>.
WARNING:Xst:2677 - Node <PLBV46_SLAVE_SINGLE_I/I_SLAVE_ATTACHMENT/bus2ip_addr_i_15> of sequential type is unconnected in block <plb_dac>.
WARNING:Xst:2677 - Node <PLBV46_SLAVE_SINGLE_I/I_SLAVE_ATTACHMENT/bus2ip_addr_i_16> of sequential type is unconnected in block <plb_dac>.
WARNING:Xst:2677 - Node <PLBV46_SLAVE_SINGLE_I/I_SLAVE_ATTACHMENT/bus2ip_addr_i_17> of sequential type is unconnected in block <plb_dac>.
WARNING:Xst:2677 - Node <PLBV46_SLAVE_SINGLE_I/I_SLAVE_ATTACHMENT/bus2ip_addr_i_18> of sequential type is unconnected in block <plb_dac>.
WARNING:Xst:2677 - Node <PLBV46_SLAVE_SINGLE_I/I_SLAVE_ATTACHMENT/bus2ip_addr_i_19> of sequential type is unconnected in block <plb_dac>.
WARNING:Xst:2677 - Node <PLBV46_SLAVE_SINGLE_I/I_SLAVE_ATTACHMENT/bus2ip_addr_i_20> of sequential type is unconnected in block <plb_dac>.
WARNING:Xst:2677 - Node <PLBV46_SLAVE_SINGLE_I/I_SLAVE_ATTACHMENT/bus2ip_addr_i_21> of sequential type is unconnected in block <plb_dac>.
WARNING:Xst:2677 - Node <PLBV46_SLAVE_SINGLE_I/I_SLAVE_ATTACHMENT/bus2ip_addr_i_22> of sequential type is unconnected in block <plb_dac>.
WARNING:Xst:2677 - Node <PLBV46_SLAVE_SINGLE_I/I_SLAVE_ATTACHMENT/bus2ip_addr_i_23> of sequential type is unconnected in block <plb_dac>.
WARNING:Xst:2677 - Node <PLBV46_SLAVE_SINGLE_I/I_SLAVE_ATTACHMENT/bus2ip_addr_i_24> of sequential type is unconnected in block <plb_dac>.
WARNING:Xst:2677 - Node <PLBV46_SLAVE_SINGLE_I/I_SLAVE_ATTACHMENT/bus2ip_addr_i_25> of sequential type is unconnected in block <plb_dac>.
WARNING:Xst:2677 - Node <PLBV46_SLAVE_SINGLE_I/I_SLAVE_ATTACHMENT/bus2ip_addr_i_26> of sequential type is unconnected in block <plb_dac>.
WARNING:Xst:2677 - Node <PLBV46_SLAVE_SINGLE_I/I_SLAVE_ATTACHMENT/bus2ip_addr_i_27> of sequential type is unconnected in block <plb_dac>.
WARNING:Xst:2677 - Node <PLBV46_SLAVE_SINGLE_I/I_SLAVE_ATTACHMENT/bus2ip_addr_i_28> of sequential type is unconnected in block <plb_dac>.
WARNING:Xst:2677 - Node <PLBV46_SLAVE_SINGLE_I/I_SLAVE_ATTACHMENT/bus2ip_addr_i_29> of sequential type is unconnected in block <plb_dac>.
WARNING:Xst:2677 - Node <PLBV46_SLAVE_SINGLE_I/I_SLAVE_ATTACHMENT/bus2ip_addr_i_30> of sequential type is unconnected in block <plb_dac>.
WARNING:Xst:2677 - Node <PLBV46_SLAVE_SINGLE_I/I_SLAVE_ATTACHMENT/bus2ip_addr_i_31> of sequential type is unconnected in block <plb_dac>.

Mapping all equations...
Building and optimizing final netlist ...
Found area constraint ratio of 100 (+ 5) on block plb_dac, actual ratio is 2.

Final Macro Processing ...

=========================================================================
Final Register Report

Macro Statistics
# Registers                                            : 442
 Flip-Flops                                            : 442

=========================================================================

=========================================================================
*                           Partition Report                            *
=========================================================================

Partition Implementation Status
-------------------------------

  No Partitions were found in this design.

-------------------------------

=========================================================================
*                            Final Report                               *
=========================================================================
Final Results
RTL Top Level Output File Name     : plb_dac.ngr
Top Level Output File Name         : plb_dac
Output Format                      : NGC
Optimization Goal                  : Speed
Keep Hierarchy                     : No

Design Statistics
# IOs                              : 451

Cell Usage :
# BELS                             : 999
#      GND                         : 3
#      INV                         : 5
#      LUT1                        : 16
#      LUT2                        : 103
#      LUT2_D                      : 2
#      LUT3                        : 254
#      LUT4                        : 357
#      LUT4_D                      : 2
#      LUT4_L                      : 12
#      MUXCY                       : 40
#      MUXF5                       : 100
#      MUXF6                       : 40
#      MUXF7                       : 20
#      MUXF8                       : 10
#      VCC                         : 3
#      XORCY                       : 32
# FlipFlops/Latches                : 512
#      FD                          : 51
#      FDE                         : 38
#      FDR                         : 144
#      FDR_1                       : 1
#      FDRE                        : 249
#      FDRS                        : 6
#      FDRS_1                      : 9
#      FDRSE                       : 5
#      FDS                         : 9
# RAMS                             : 37
#      RAMB16                      : 37
# Clock Buffers                    : 1
#      BUFGP                       : 1
# IO Buffers                       : 288
#      IBUF                        : 94
#      OBUF                        : 193
#      OBUFT                       : 1
=========================================================================

Device utilization summary:
---------------------------

Selected Device : 4vsx55ff1148-10 

 Number of Slices:                      548  out of  24576     2%  
 Number of Slice Flip Flops:            512  out of  49152     1%  
 Number of 4 input LUTs:                751  out of  49152     1%  
 Number of IOs:                         451
 Number of bonded IOBs:                 289  out of    640    45%  
 Number of FIFO16/RAMB16s:               37  out of    320    11%  
    Number used as RAMB16s:              37
 Number of GCLKs:                         1  out of     32     3%  

---------------------------
Partition Resource Summary:
---------------------------

  No Partitions were found in this design.

---------------------------


=========================================================================
TIMING REPORT

NOTE: THESE TIMING NUMBERS ARE ONLY A SYNTHESIS ESTIMATE.
      FOR ACCURATE TIMING INFORMATION PLEASE REFER TO THE TRACE REPORT
      GENERATED AFTER PLACE-and-ROUTE.

Clock Information:
------------------
-----------------------------------+------------------------------------------------------------------------------------------------------------------------------------------------------+-------+
Clock Signal                       | Clock buffer(FF name)                                                                                                                                | Load  |
-----------------------------------+------------------------------------------------------------------------------------------------------------------------------------------------------+-------+
SPLB_Clk                           | BUFGP                                                                                                                                                | 549   |
USER_LOGIC_I/bram_arb_1/N1         | NONE(USER_LOGIC_I/bram_arb_1/U0/xst_blk_mem_generator/gnativebmg.native_blk_mem_gen/valid.cstr/ramloop[33].ram.r/v4_init.ram/SP.CASCADED_PRIM.C_SP_T)| 36    |
-----------------------------------+------------------------------------------------------------------------------------------------------------------------------------------------------+-------+
INFO:Xst:2169 - HDL ADVISOR - Some clock signals were not automatically buffered by XST with BUFG/BUFR resources. Please use the buffer_type constraint in order to insert these buffers to the clock signals to help prevent skew problems.

Asynchronous Control Signals Information:
----------------------------------------
---------------------------------------------------------------------------------------------------------------------------------------------------------------------------------------------------------------------------------------------------------------------------------------------------+------------------------------------------------------------------------------------------------------------------------------------------------------+-------+
Control Signal                                                                                                                                                                                                                                                                                     | Buffer(FF name)                                                                                                                                      | Load  |
---------------------------------------------------------------------------------------------------------------------------------------------------------------------------------------------------------------------------------------------------------------------------------------------------+------------------------------------------------------------------------------------------------------------------------------------------------------+-------+
USER_LOGIC_I/bram_arb_1/N1(USER_LOGIC_I/bram_arb_1/XST_GND:G)                                                                                                                                                                                                                                      | NONE(USER_LOGIC_I/bram_arb_1/U0/xst_blk_mem_generator/gnativebmg.native_blk_mem_gen/valid.cstr/ramloop[0].ram.r/v4_init.ram/SP.SINGLE_PRIM.SP)       | 136   |
USER_LOGIC_I/bram_arb_1/U0/xst_blk_mem_generator/gnativebmg.native_blk_mem_gen/valid.cstr/ramloop[32].ram.r/v4_init.ram/cascadeina_tmp(USER_LOGIC_I/bram_arb_1/U0/xst_blk_mem_generator/gnativebmg.native_blk_mem_gen/valid.cstr/ramloop[32].ram.r/v4_init.ram/SP.CASCADED_PRIM.C_SP_B:CASCADEOUTA)| NONE(USER_LOGIC_I/bram_arb_1/U0/xst_blk_mem_generator/gnativebmg.native_blk_mem_gen/valid.cstr/ramloop[32].ram.r/v4_init.ram/SP.CASCADED_PRIM.C_SP_T)| 2     |
USER_LOGIC_I/bram_arb_1/U0/xst_blk_mem_generator/gnativebmg.native_blk_mem_gen/valid.cstr/ramloop[32].ram.r/v4_init.ram/cascadeinb_tmp(USER_LOGIC_I/bram_arb_1/U0/xst_blk_mem_generator/gnativebmg.native_blk_mem_gen/valid.cstr/ramloop[32].ram.r/v4_init.ram/SP.CASCADED_PRIM.C_SP_B:CASCADEOUTB)| NONE(USER_LOGIC_I/bram_arb_1/U0/xst_blk_mem_generator/gnativebmg.native_blk_mem_gen/valid.cstr/ramloop[32].ram.r/v4_init.ram/SP.CASCADED_PRIM.C_SP_T)| 2     |
USER_LOGIC_I/bram_arb_1/U0/xst_blk_mem_generator/gnativebmg.native_blk_mem_gen/valid.cstr/ramloop[33].ram.r/v4_init.ram/cascadeina_tmp(USER_LOGIC_I/bram_arb_1/U0/xst_blk_mem_generator/gnativebmg.native_blk_mem_gen/valid.cstr/ramloop[33].ram.r/v4_init.ram/SP.CASCADED_PRIM.C_SP_B:CASCADEOUTA)| NONE(USER_LOGIC_I/bram_arb_1/U0/xst_blk_mem_generator/gnativebmg.native_blk_mem_gen/valid.cstr/ramloop[33].ram.r/v4_init.ram/SP.CASCADED_PRIM.C_SP_T)| 2     |
USER_LOGIC_I/bram_arb_1/U0/xst_blk_mem_generator/gnativebmg.native_blk_mem_gen/valid.cstr/ramloop[33].ram.r/v4_init.ram/cascadeinb_tmp(USER_LOGIC_I/bram_arb_1/U0/xst_blk_mem_generator/gnativebmg.native_blk_mem_gen/valid.cstr/ramloop[33].ram.r/v4_init.ram/SP.CASCADED_PRIM.C_SP_B:CASCADEOUTB)| NONE(USER_LOGIC_I/bram_arb_1/U0/xst_blk_mem_generator/gnativebmg.native_blk_mem_gen/valid.cstr/ramloop[33].ram.r/v4_init.ram/SP.CASCADED_PRIM.C_SP_T)| 2     |
---------------------------------------------------------------------------------------------------------------------------------------------------------------------------------------------------------------------------------------------------------------------------------------------------+------------------------------------------------------------------------------------------------------------------------------------------------------+-------+

Timing Summary:
---------------
Speed Grade: -10

   Minimum period: 10.374ns (Maximum Frequency: 96.397MHz)
   Minimum input arrival time before clock: 5.862ns
   Maximum output required time after clock: 5.634ns
   Maximum combinational path delay: No path found

Timing Detail:
--------------
All values displayed in nanoseconds (ns)

=========================================================================
Timing constraint: Default period analysis for Clock 'SPLB_Clk'
  Clock period: 10.374ns (frequency: 96.397MHz)
  Total number of paths / destination ports: 9764 / 1795
-------------------------------------------------------------------------
Delay:               5.187ns (Levels of Logic = 7)
  Source:            USER_LOGIC_I/bram_arb_1/U0/xst_blk_mem_generator/gnativebmg.native_blk_mem_gen/valid.cstr/ramloop[28].ram.r/v4_init.ram/SP.SINGLE_PRIM.SP (RAM)
  Destination:       USER_LOGIC_I/dac_data_reg_1 (FF)
  Source Clock:      SPLB_Clk rising
  Destination Clock: SPLB_Clk falling

  Data Path: USER_LOGIC_I/bram_arb_1/U0/xst_blk_mem_generator/gnativebmg.native_blk_mem_gen/valid.cstr/ramloop[28].ram.r/v4_init.ram/SP.SINGLE_PRIM.SP to USER_LOGIC_I/dac_data_reg_1
                                Gate     Net
    Cell:in->out      fanout   Delay   Delay  Logical Name (Net Name)
    ----------------------------------------  ------------
     RAMB16:CLKA->DOPA0    1   2.100   0.585  U0/xst_blk_mem_generator/gnativebmg.native_blk_mem_gen/valid.cstr/ramloop[28].ram.r/v4_init.ram/SP.SINGLE_PRIM.SP (U0/xst_blk_mem_generator/gnativebmg.native_blk_mem_gen/valid.cstr/ramloop[28].ram.ram_douta<8>)
     LUT3:I1->O            1   0.195   0.000  U0/xst_blk_mem_generator/gnativebmg.native_blk_mem_gen/valid.cstr/has_mux_a.A/Mmux_dout_mux_732 (U0/xst_blk_mem_generator/gnativebmg.native_blk_mem_gen/valid.cstr/has_mux_a.A/Mmux_dout_mux_732)
     MUXF5:I0->O           1   0.382   0.000  U0/xst_blk_mem_generator/gnativebmg.native_blk_mem_gen/valid.cstr/has_mux_a.A/Mmux_dout_mux_5_f5_7 (U0/xst_blk_mem_generator/gnativebmg.native_blk_mem_gen/valid.cstr/has_mux_a.A/Mmux_dout_mux_5_f58)
     MUXF6:I1->O           1   0.395   0.000  U0/xst_blk_mem_generator/gnativebmg.native_blk_mem_gen/valid.cstr/has_mux_a.A/Mmux_dout_mux_4_f6_7 (U0/xst_blk_mem_generator/gnativebmg.native_blk_mem_gen/valid.cstr/has_mux_a.A/Mmux_dout_mux_4_f68)
     MUXF7:I1->O           1   0.395   0.000  U0/xst_blk_mem_generator/gnativebmg.native_blk_mem_gen/valid.cstr/has_mux_a.A/Mmux_dout_mux_3_f7_7 (U0/xst_blk_mem_generator/gnativebmg.native_blk_mem_gen/valid.cstr/has_mux_a.A/Mmux_dout_mux_3_f78)
     MUXF8:I1->O           1   0.395   0.523  U0/xst_blk_mem_generator/gnativebmg.native_blk_mem_gen/valid.cstr/has_mux_a.A/Mmux_dout_mux_2_f8_7 (douta<8>)
     end scope: 'USER_LOGIC_I/bram_arb_1'
     LUT4:I3->O            1   0.195   0.000  USER_LOGIC_I/dac_data_reg_mux0000<23>371 (USER_LOGIC_I/dac_data_reg_mux0000<23>37)
     FDRS_1:D                  0.022          USER_LOGIC_I/dac_data_reg_1
    ----------------------------------------
    Total                      5.187ns (4.079ns logic, 1.108ns route)
                                       (78.6% logic, 21.4% route)

=========================================================================
Timing constraint: Default OFFSET IN BEFORE for Clock 'SPLB_Clk'
  Total number of paths / destination ports: 572 / 529
-------------------------------------------------------------------------
Offset:              5.862ns (Levels of Logic = 3)
  Source:            SPLB_Rst (PAD)
  Destination:       USER_LOGIC_I/Mtrien_sdio_reg_o (FF)
  Destination Clock: SPLB_Clk rising

  Data Path: SPLB_Rst to USER_LOGIC_I/Mtrien_sdio_reg_o
                                Gate     Net
    Cell:in->out      fanout   Delay   Delay  Logical Name (Net Name)
    ----------------------------------------  ------------
     IBUF:I->O           116   0.965   1.481  SPLB_Rst_IBUF (SPLB_Rst_IBUF)
     LUT2:I0->O          241   0.195   2.126  SOFT_RESET_I/Reset2IP_Reset1 (rst_Bus2IP_Reset)
     LUT4:I0->O            1   0.195   0.360  USER_LOGIC_I/Mtrien_sdio_reg_o_not0001 (USER_LOGIC_I/Mtrien_sdio_reg_o_not0001)
     FDE:CE                    0.540          USER_LOGIC_I/Mtrien_sdio_reg_o
    ----------------------------------------
    Total                      5.862ns (1.895ns logic, 3.967ns route)
                                       (32.3% logic, 67.7% route)

=========================================================================
Timing constraint: Default OFFSET OUT AFTER for Clock 'SPLB_Clk'
  Total number of paths / destination ports: 190 / 177
-------------------------------------------------------------------------
Offset:              5.634ns (Levels of Logic = 2)
  Source:            USER_LOGIC_I/dac_en (FF)
  Destination:       S_DCLKIO (PAD)
  Source Clock:      SPLB_Clk rising

  Data Path: USER_LOGIC_I/dac_en to S_DCLKIO
                                Gate     Net
    Cell:in->out      fanout   Delay   Delay  Logical Name (Net Name)
    ----------------------------------------  ------------
     FDR:C->Q             12   0.360   0.745  USER_LOGIC_I/dac_en (USER_LOGIC_I/dac_en)
     LUT2:I0->O            2   0.195   0.377  USER_LOGIC_I/IP2DAC_DCLKIO1 (S_Clkout_OBUF)
     OBUF:I->O                 3.957          S_DCLKIO_OBUF (S_DCLKIO)
    ----------------------------------------
    Total                      5.634ns (4.512ns logic, 1.122ns route)
                                       (80.1% logic, 19.9% route)

=========================================================================
WARNING:Xst:616 - Invalid property "SYN_BLACK_BOX 1": Did not attach to USER_LOGIC_I/ip_dds_q.
WARNING:Xst:616 - Invalid property "SYN_NOPRUNE 1": Did not attach to USER_LOGIC_I/ip_dds_q.


Total REAL time to Xst completion: 31.00 secs
Total CPU time to Xst completion: 30.76 secs
 
--> 

Total memory usage is 544508 kilobytes

Number of errors   :    0 (   0 filtered)
Number of warnings :  109 (   0 filtered)
Number of infos    :    9 (   0 filtered)

