--------------------------------------------------------------------------------
Release 14.7 Trace  (nt)
Copyright (c) 1995-2013 Xilinx, Inc.  All rights reserved.

G:\Xilinx\14.7\ISE_DS\ISE\bin\nt\unwrapped\trce.exe -intstyle ise -v 3 -s 10 -n
3 -fastpaths -xml plb_dac.twx plb_dac.ncd -o plb_dac.twr plb_dac.pcf

Design file:              plb_dac.ncd
Physical constraint file: plb_dac.pcf
Device,package,speed:     xc4vsx55,ff1148,-10 (PRODUCTION 1.71 2013-10-13, STEPPING level 1)
Report level:             verbose report

Environment Variable      Effect 
--------------------      ------ 
NONE                      No environment variables were set
--------------------------------------------------------------------------------

INFO:Timing:2698 - No timing constraints found, doing default enumeration.
INFO:Timing:3412 - To improve timing, see the Timing Closure User Guide (UG612).
INFO:Timing:2752 - To get complete path coverage, use the unconstrained paths 
   option. All paths that are not constrained will be reported in the 
   unconstrained paths section(s) of the report.
INFO:Timing:3339 - The clock-to-out numbers in this timing report are based on 
   a 50 Ohm transmission line loading model.  For the details of this model, 
   and for more information on accounting for different loading conditions, 
   please see the device datasheet.



Data Sheet report:
-----------------
All values displayed in nanoseconds (ns)

Setup/Hold to clock SPLB_Clk
---------------+------------+------------+------------------+--------+
               |Max Setup to|Max Hold to |                  | Clock  |
Source         | clk (edge) | clk (edge) |Internal Clock(s) | Phase  |
---------------+------------+------------+------------------+--------+
PLB_ABus<0>    |   -2.982(R)|    4.522(R)|SPLB_Clk_BUFGP    |   0.000|
PLB_ABus<1>    |   -2.768(R)|    4.326(R)|SPLB_Clk_BUFGP    |   0.000|
PLB_ABus<2>    |   -2.780(R)|    4.338(R)|SPLB_Clk_BUFGP    |   0.000|
PLB_ABus<3>    |   -2.770(R)|    4.329(R)|SPLB_Clk_BUFGP    |   0.000|
PLB_ABus<4>    |   -2.927(R)|    4.472(R)|SPLB_Clk_BUFGP    |   0.000|
PLB_ABus<5>    |   -2.683(R)|    4.247(R)|SPLB_Clk_BUFGP    |   0.000|
PLB_ABus<6>    |   -2.743(R)|    4.293(R)|SPLB_Clk_BUFGP    |   0.000|
PLB_ABus<7>    |   -2.644(R)|    4.205(R)|SPLB_Clk_BUFGP    |   0.000|
PLB_ABus<8>    |   -2.756(R)|    4.313(R)|SPLB_Clk_BUFGP    |   0.000|
PLB_ABus<9>    |   -2.964(R)|    4.503(R)|SPLB_Clk_BUFGP    |   0.000|
PLB_ABus<10>   |   -2.769(R)|    4.324(R)|SPLB_Clk_BUFGP    |   0.000|
PLB_ABus<11>   |   -2.923(R)|    4.469(R)|SPLB_Clk_BUFGP    |   0.000|
PLB_ABus<12>   |   -2.937(R)|    4.487(R)|SPLB_Clk_BUFGP    |   0.000|
PLB_ABus<13>   |   -2.936(R)|    4.486(R)|SPLB_Clk_BUFGP    |   0.000|
PLB_ABus<14>   |   -2.944(R)|    4.494(R)|SPLB_Clk_BUFGP    |   0.000|
PLB_ABus<15>   |   -2.806(R)|    4.364(R)|SPLB_Clk_BUFGP    |   0.000|
PLB_ABus<16>   |   -2.810(R)|    4.366(R)|SPLB_Clk_BUFGP    |   0.000|
PLB_ABus<17>   |   -3.016(R)|    4.558(R)|SPLB_Clk_BUFGP    |   0.000|
PLB_ABus<18>   |   -2.811(R)|    4.368(R)|SPLB_Clk_BUFGP    |   0.000|
PLB_ABus<19>   |   -2.961(R)|    4.507(R)|SPLB_Clk_BUFGP    |   0.000|
PLB_ABus<20>   |   -2.732(R)|    4.288(R)|SPLB_Clk_BUFGP    |   0.000|
PLB_ABus<21>   |   -2.917(R)|    4.459(R)|SPLB_Clk_BUFGP    |   0.000|
PLB_ABus<22>   |   -2.739(R)|    4.294(R)|SPLB_Clk_BUFGP    |   0.000|
PLB_ABus<23>   |   -2.652(R)|    4.215(R)|SPLB_Clk_BUFGP    |   0.000|
PLB_ABus<24>   |   -2.696(R)|    4.253(R)|SPLB_Clk_BUFGP    |   0.000|
PLB_ABus<25>   |   -2.947(R)|    4.486(R)|SPLB_Clk_BUFGP    |   0.000|
PLB_ABus<26>   |   -2.927(R)|    4.458(R)|SPLB_Clk_BUFGP    |   0.000|
PLB_ABus<27>   |   -2.709(R)|    4.262(R)|SPLB_Clk_BUFGP    |   0.000|
PLB_ABus<28>   |   -0.377(R)|    3.709(R)|SPLB_Clk_BUFGP    |   0.000|
PLB_ABus<29>   |   -0.143(R)|    3.451(R)|SPLB_Clk_BUFGP    |   0.000|
PLB_ABus<30>   |   -2.753(R)|    4.310(R)|SPLB_Clk_BUFGP    |   0.000|
PLB_ABus<31>   |   -2.756(R)|    4.316(R)|SPLB_Clk_BUFGP    |   0.000|
PLB_BE<0>      |   -1.903(R)|    3.381(R)|SPLB_Clk_BUFGP    |   0.000|
PLB_BE<1>      |   -2.054(R)|    3.524(R)|SPLB_Clk_BUFGP    |   0.000|
PLB_BE<2>      |   -2.194(R)|    3.653(R)|SPLB_Clk_BUFGP    |   0.000|
PLB_BE<3>      |   -1.927(R)|    3.419(R)|SPLB_Clk_BUFGP    |   0.000|
PLB_BE<4>      |   -2.051(R)|    3.515(R)|SPLB_Clk_BUFGP    |   0.000|
PLB_BE<5>      |   -1.806(R)|    3.297(R)|SPLB_Clk_BUFGP    |   0.000|
PLB_BE<6>      |   -2.118(R)|    3.579(R)|SPLB_Clk_BUFGP    |   0.000|
PLB_BE<7>      |   -1.958(R)|    3.447(R)|SPLB_Clk_BUFGP    |   0.000|
PLB_BE<8>      |   -2.281(R)|    3.730(R)|SPLB_Clk_BUFGP    |   0.000|
PLB_BE<9>      |   -1.913(R)|    3.391(R)|SPLB_Clk_BUFGP    |   0.000|
PLB_BE<10>     |   -2.036(R)|    3.507(R)|SPLB_Clk_BUFGP    |   0.000|
PLB_BE<11>     |   -1.990(R)|    3.475(R)|SPLB_Clk_BUFGP    |   0.000|
PLB_BE<12>     |   -2.093(R)|    3.554(R)|SPLB_Clk_BUFGP    |   0.000|
PLB_BE<13>     |   -1.950(R)|    3.425(R)|SPLB_Clk_BUFGP    |   0.000|
PLB_BE<14>     |   -2.071(R)|    3.536(R)|SPLB_Clk_BUFGP    |   0.000|
PLB_BE<15>     |   -1.928(R)|    3.418(R)|SPLB_Clk_BUFGP    |   0.000|
PLB_PAValid    |   -2.395(R)|    3.967(R)|SPLB_Clk_BUFGP    |   0.000|
PLB_RNW        |   -2.148(R)|    3.635(R)|SPLB_Clk_BUFGP    |   0.000|
PLB_masterID<0>|   -2.551(R)|    3.970(R)|SPLB_Clk_BUFGP    |   0.000|
PLB_masterID<1>|   -2.506(R)|    3.928(R)|SPLB_Clk_BUFGP    |   0.000|
PLB_masterID<2>|   -1.660(R)|    3.150(R)|SPLB_Clk_BUFGP    |   0.000|
PLB_size<0>    |   -1.704(R)|    3.191(R)|SPLB_Clk_BUFGP    |   0.000|
PLB_size<1>    |   -1.967(R)|    3.432(R)|SPLB_Clk_BUFGP    |   0.000|
PLB_size<2>    |   -1.674(R)|    3.157(R)|SPLB_Clk_BUFGP    |   0.000|
PLB_size<3>    |   -1.721(R)|    3.202(R)|SPLB_Clk_BUFGP    |   0.000|
PLB_type<0>    |   -2.655(R)|    4.210(R)|SPLB_Clk_BUFGP    |   0.000|
PLB_type<1>    |   -2.647(R)|    4.205(R)|SPLB_Clk_BUFGP    |   0.000|
PLB_type<2>    |   -2.503(R)|    4.070(R)|SPLB_Clk_BUFGP    |   0.000|
PLB_wrDBus<0>  |   -1.732(R)|    3.273(R)|SPLB_Clk_BUFGP    |   0.000|
PLB_wrDBus<1>  |   -1.742(R)|    3.282(R)|SPLB_Clk_BUFGP    |   0.000|
PLB_wrDBus<2>  |   -1.971(R)|    3.472(R)|SPLB_Clk_BUFGP    |   0.000|
PLB_wrDBus<3>  |   -1.716(R)|    3.237(R)|SPLB_Clk_BUFGP    |   0.000|
PLB_wrDBus<4>  |   -1.939(R)|    3.444(R)|SPLB_Clk_BUFGP    |   0.000|
PLB_wrDBus<5>  |   -1.671(R)|    3.196(R)|SPLB_Clk_BUFGP    |   0.000|
PLB_wrDBus<6>  |   -1.728(R)|    3.270(R)|SPLB_Clk_BUFGP    |   0.000|
PLB_wrDBus<7>  |   -1.620(R)|    3.169(R)|SPLB_Clk_BUFGP    |   0.000|
PLB_wrDBus<8>  |   -1.897(R)|    3.400(R)|SPLB_Clk_BUFGP    |   0.000|
PLB_wrDBus<9>  |   -1.589(R)|    3.115(R)|SPLB_Clk_BUFGP    |   0.000|
PLB_wrDBus<10> |   -1.608(R)|    3.136(R)|SPLB_Clk_BUFGP    |   0.000|
PLB_wrDBus<11> |   -1.791(R)|    3.306(R)|SPLB_Clk_BUFGP    |   0.000|
PLB_wrDBus<12> |   -1.909(R)|    3.412(R)|SPLB_Clk_BUFGP    |   0.000|
PLB_wrDBus<13> |   -1.917(R)|    3.421(R)|SPLB_Clk_BUFGP    |   0.000|
PLB_wrDBus<14> |   -2.094(R)|    3.592(R)|SPLB_Clk_BUFGP    |   0.000|
PLB_wrDBus<15> |   -1.867(R)|    3.384(R)|SPLB_Clk_BUFGP    |   0.000|
PLB_wrDBus<16> |   -2.398(R)|    3.843(R)|SPLB_Clk_BUFGP    |   0.000|
PLB_wrDBus<17> |   -2.364(R)|    3.811(R)|SPLB_Clk_BUFGP    |   0.000|
PLB_wrDBus<18> |   -1.892(R)|    3.403(R)|SPLB_Clk_BUFGP    |   0.000|
PLB_wrDBus<19> |   -2.140(R)|    3.631(R)|SPLB_Clk_BUFGP    |   0.000|
PLB_wrDBus<20> |   -1.848(R)|    3.368(R)|SPLB_Clk_BUFGP    |   0.000|
PLB_wrDBus<21> |   -2.352(R)|    3.831(R)|SPLB_Clk_BUFGP    |   0.000|
PLB_wrDBus<22> |   -2.531(R)|    3.949(R)|SPLB_Clk_BUFGP    |   0.000|
PLB_wrDBus<23> |   -2.497(R)|    3.918(R)|SPLB_Clk_BUFGP    |   0.000|
PLB_wrDBus<24> |   -1.784(R)|    3.228(R)|SPLB_Clk_BUFGP    |   0.000|
PLB_wrDBus<25> |   -2.207(R)|    3.622(R)|SPLB_Clk_BUFGP    |   0.000|
PLB_wrDBus<26> |   -2.224(R)|    3.630(R)|SPLB_Clk_BUFGP    |   0.000|
PLB_wrDBus<27> |   -1.959(R)|    3.391(R)|SPLB_Clk_BUFGP    |   0.000|
PLB_wrDBus<28> |   -2.589(R)|    4.004(R)|SPLB_Clk_BUFGP    |   0.000|
PLB_wrDBus<29> |   -2.540(R)|    3.959(R)|SPLB_Clk_BUFGP    |   0.000|
PLB_wrDBus<30> |   -2.193(R)|    3.602(R)|SPLB_Clk_BUFGP    |   0.000|
PLB_wrDBus<31> |   -2.247(R)|    3.651(R)|SPLB_Clk_BUFGP    |   0.000|
SPLB_Rst       |    3.841(R)|    3.231(R)|SPLB_Clk_BUFGP    |   0.000|
               |    2.367(F)|    0.484(F)|SPLB_Clk_BUFGP    |   0.000|
S_Format_I     |    0.033(R)|    2.577(R)|SPLB_Clk_BUFGP    |   0.000|
---------------+------------+------------+------------------+--------+

Clock SPLB_Clk to Pad
--------------+------------+------------------+--------+
              | clk (edge) |                  | Clock  |
Destination   |   to PAD   |Internal Clock(s) | Phase  |
--------------+------------+------------------+--------+
S_ClkMD       |   11.703(R)|SPLB_Clk_BUFGP    |   0.000|
S_Clkout      |   13.751(R)|SPLB_Clk_BUFGP    |   0.000|
S_DCLKIO      |   13.776(R)|SPLB_Clk_BUFGP    |   0.000|
S_Data<0>     |   14.396(R)|SPLB_Clk_BUFGP    |   0.000|
              |   12.987(F)|SPLB_Clk_BUFGP    |   0.000|
S_Data<1>     |   14.869(R)|SPLB_Clk_BUFGP    |   0.000|
              |   13.612(F)|SPLB_Clk_BUFGP    |   0.000|
S_Data<2>     |   14.151(R)|SPLB_Clk_BUFGP    |   0.000|
              |   13.520(F)|SPLB_Clk_BUFGP    |   0.000|
S_Data<3>     |   14.584(R)|SPLB_Clk_BUFGP    |   0.000|
              |   14.256(F)|SPLB_Clk_BUFGP    |   0.000|
S_Data<4>     |   14.696(R)|SPLB_Clk_BUFGP    |   0.000|
              |   13.240(F)|SPLB_Clk_BUFGP    |   0.000|
S_Data<5>     |   14.586(R)|SPLB_Clk_BUFGP    |   0.000|
              |   13.775(F)|SPLB_Clk_BUFGP    |   0.000|
S_Data<6>     |   14.924(R)|SPLB_Clk_BUFGP    |   0.000|
              |   13.797(F)|SPLB_Clk_BUFGP    |   0.000|
S_Data<7>     |   15.014(R)|SPLB_Clk_BUFGP    |   0.000|
              |   14.631(F)|SPLB_Clk_BUFGP    |   0.000|
S_Data<8>     |   14.719(R)|SPLB_Clk_BUFGP    |   0.000|
              |   13.596(F)|SPLB_Clk_BUFGP    |   0.000|
S_Data<9>     |   14.584(R)|SPLB_Clk_BUFGP    |   0.000|
              |   13.358(F)|SPLB_Clk_BUFGP    |   0.000|
S_Format_O    |   11.834(R)|SPLB_Clk_BUFGP    |   0.000|
S_Format_T    |   11.428(R)|SPLB_Clk_BUFGP    |   0.000|
S_OpEnI       |   11.826(R)|SPLB_Clk_BUFGP    |   0.000|
S_OpEnQ       |   11.907(R)|SPLB_Clk_BUFGP    |   0.000|
S_PWRDN       |   11.202(R)|SPLB_Clk_BUFGP    |   0.000|
S_PinMD       |   11.963(R)|SPLB_Clk_BUFGP    |   0.000|
Sl_MBusy<0>   |   11.240(R)|SPLB_Clk_BUFGP    |   0.000|
Sl_MBusy<1>   |   10.919(R)|SPLB_Clk_BUFGP    |   0.000|
Sl_MBusy<2>   |   11.029(R)|SPLB_Clk_BUFGP    |   0.000|
Sl_MBusy<3>   |   11.206(R)|SPLB_Clk_BUFGP    |   0.000|
Sl_MBusy<4>   |   10.975(R)|SPLB_Clk_BUFGP    |   0.000|
Sl_MBusy<5>   |   10.847(R)|SPLB_Clk_BUFGP    |   0.000|
Sl_MBusy<6>   |   11.117(R)|SPLB_Clk_BUFGP    |   0.000|
Sl_MBusy<7>   |   11.045(R)|SPLB_Clk_BUFGP    |   0.000|
Sl_MRdErr<0>  |   11.067(R)|SPLB_Clk_BUFGP    |   0.000|
Sl_MRdErr<1>  |   10.686(R)|SPLB_Clk_BUFGP    |   0.000|
Sl_MRdErr<2>  |   10.808(R)|SPLB_Clk_BUFGP    |   0.000|
Sl_MRdErr<3>  |   10.674(R)|SPLB_Clk_BUFGP    |   0.000|
Sl_MRdErr<4>  |   10.831(R)|SPLB_Clk_BUFGP    |   0.000|
Sl_MRdErr<5>  |   10.670(R)|SPLB_Clk_BUFGP    |   0.000|
Sl_MRdErr<6>  |   11.001(R)|SPLB_Clk_BUFGP    |   0.000|
Sl_MRdErr<7>  |   11.142(R)|SPLB_Clk_BUFGP    |   0.000|
Sl_MWrErr<0>  |   11.688(R)|SPLB_Clk_BUFGP    |   0.000|
Sl_MWrErr<1>  |   10.892(R)|SPLB_Clk_BUFGP    |   0.000|
Sl_MWrErr<2>  |   10.615(R)|SPLB_Clk_BUFGP    |   0.000|
Sl_MWrErr<3>  |   10.394(R)|SPLB_Clk_BUFGP    |   0.000|
Sl_MWrErr<4>  |   10.855(R)|SPLB_Clk_BUFGP    |   0.000|
Sl_MWrErr<5>  |   10.442(R)|SPLB_Clk_BUFGP    |   0.000|
Sl_MWrErr<6>  |   10.447(R)|SPLB_Clk_BUFGP    |   0.000|
Sl_MWrErr<7>  |   10.410(R)|SPLB_Clk_BUFGP    |   0.000|
Sl_addrAck    |   11.833(R)|SPLB_Clk_BUFGP    |   0.000|
Sl_rdComp     |   11.980(R)|SPLB_Clk_BUFGP    |   0.000|
Sl_rdDAck     |   11.621(R)|SPLB_Clk_BUFGP    |   0.000|
Sl_rdDBus<0>  |   11.785(R)|SPLB_Clk_BUFGP    |   0.000|
Sl_rdDBus<1>  |   12.459(R)|SPLB_Clk_BUFGP    |   0.000|
Sl_rdDBus<2>  |   12.195(R)|SPLB_Clk_BUFGP    |   0.000|
Sl_rdDBus<3>  |   12.586(R)|SPLB_Clk_BUFGP    |   0.000|
Sl_rdDBus<4>  |   11.931(R)|SPLB_Clk_BUFGP    |   0.000|
Sl_rdDBus<5>  |   11.919(R)|SPLB_Clk_BUFGP    |   0.000|
Sl_rdDBus<6>  |   12.360(R)|SPLB_Clk_BUFGP    |   0.000|
Sl_rdDBus<7>  |   11.979(R)|SPLB_Clk_BUFGP    |   0.000|
Sl_rdDBus<8>  |   12.389(R)|SPLB_Clk_BUFGP    |   0.000|
Sl_rdDBus<9>  |   12.154(R)|SPLB_Clk_BUFGP    |   0.000|
Sl_rdDBus<10> |   12.063(R)|SPLB_Clk_BUFGP    |   0.000|
Sl_rdDBus<11> |   12.562(R)|SPLB_Clk_BUFGP    |   0.000|
Sl_rdDBus<12> |   12.047(R)|SPLB_Clk_BUFGP    |   0.000|
Sl_rdDBus<13> |   12.213(R)|SPLB_Clk_BUFGP    |   0.000|
Sl_rdDBus<14> |   12.728(R)|SPLB_Clk_BUFGP    |   0.000|
Sl_rdDBus<15> |   12.225(R)|SPLB_Clk_BUFGP    |   0.000|
Sl_rdDBus<16> |   12.568(R)|SPLB_Clk_BUFGP    |   0.000|
Sl_rdDBus<17> |   12.134(R)|SPLB_Clk_BUFGP    |   0.000|
Sl_rdDBus<18> |   13.122(R)|SPLB_Clk_BUFGP    |   0.000|
Sl_rdDBus<19> |   12.452(R)|SPLB_Clk_BUFGP    |   0.000|
Sl_rdDBus<20> |   12.240(R)|SPLB_Clk_BUFGP    |   0.000|
Sl_rdDBus<21> |   12.363(R)|SPLB_Clk_BUFGP    |   0.000|
Sl_rdDBus<22> |   12.397(R)|SPLB_Clk_BUFGP    |   0.000|
Sl_rdDBus<23> |   12.871(R)|SPLB_Clk_BUFGP    |   0.000|
Sl_rdDBus<24> |   12.101(R)|SPLB_Clk_BUFGP    |   0.000|
Sl_rdDBus<25> |   13.550(R)|SPLB_Clk_BUFGP    |   0.000|
Sl_rdDBus<26> |   12.041(R)|SPLB_Clk_BUFGP    |   0.000|
Sl_rdDBus<27> |   11.909(R)|SPLB_Clk_BUFGP    |   0.000|
Sl_rdDBus<28> |   12.205(R)|SPLB_Clk_BUFGP    |   0.000|
Sl_rdDBus<29> |   12.654(R)|SPLB_Clk_BUFGP    |   0.000|
Sl_rdDBus<30> |   12.425(R)|SPLB_Clk_BUFGP    |   0.000|
Sl_rdDBus<31> |   12.607(R)|SPLB_Clk_BUFGP    |   0.000|
Sl_rdDBus<32> |   12.175(R)|SPLB_Clk_BUFGP    |   0.000|
Sl_rdDBus<33> |   12.271(R)|SPLB_Clk_BUFGP    |   0.000|
Sl_rdDBus<34> |   12.406(R)|SPLB_Clk_BUFGP    |   0.000|
Sl_rdDBus<35> |   12.506(R)|SPLB_Clk_BUFGP    |   0.000|
Sl_rdDBus<36> |   12.079(R)|SPLB_Clk_BUFGP    |   0.000|
Sl_rdDBus<37> |   12.133(R)|SPLB_Clk_BUFGP    |   0.000|
Sl_rdDBus<38> |   11.860(R)|SPLB_Clk_BUFGP    |   0.000|
Sl_rdDBus<39> |   11.722(R)|SPLB_Clk_BUFGP    |   0.000|
Sl_rdDBus<40> |   13.085(R)|SPLB_Clk_BUFGP    |   0.000|
Sl_rdDBus<41> |   12.170(R)|SPLB_Clk_BUFGP    |   0.000|
Sl_rdDBus<42> |   12.435(R)|SPLB_Clk_BUFGP    |   0.000|
Sl_rdDBus<43> |   12.481(R)|SPLB_Clk_BUFGP    |   0.000|
Sl_rdDBus<44> |   12.989(R)|SPLB_Clk_BUFGP    |   0.000|
Sl_rdDBus<45> |   13.123(R)|SPLB_Clk_BUFGP    |   0.000|
Sl_rdDBus<46> |   12.165(R)|SPLB_Clk_BUFGP    |   0.000|
Sl_rdDBus<47> |   12.337(R)|SPLB_Clk_BUFGP    |   0.000|
Sl_rdDBus<48> |   12.498(R)|SPLB_Clk_BUFGP    |   0.000|
Sl_rdDBus<49> |   11.876(R)|SPLB_Clk_BUFGP    |   0.000|
Sl_rdDBus<50> |   13.374(R)|SPLB_Clk_BUFGP    |   0.000|
Sl_rdDBus<51> |   12.914(R)|SPLB_Clk_BUFGP    |   0.000|
Sl_rdDBus<52> |   12.037(R)|SPLB_Clk_BUFGP    |   0.000|
Sl_rdDBus<53> |   12.628(R)|SPLB_Clk_BUFGP    |   0.000|
Sl_rdDBus<54> |   12.655(R)|SPLB_Clk_BUFGP    |   0.000|
Sl_rdDBus<55> |   12.796(R)|SPLB_Clk_BUFGP    |   0.000|
Sl_rdDBus<56> |   12.302(R)|SPLB_Clk_BUFGP    |   0.000|
Sl_rdDBus<57> |   13.350(R)|SPLB_Clk_BUFGP    |   0.000|
Sl_rdDBus<58> |   12.831(R)|SPLB_Clk_BUFGP    |   0.000|
Sl_rdDBus<59> |   13.312(R)|SPLB_Clk_BUFGP    |   0.000|
Sl_rdDBus<60> |   12.415(R)|SPLB_Clk_BUFGP    |   0.000|
Sl_rdDBus<61> |   12.722(R)|SPLB_Clk_BUFGP    |   0.000|
Sl_rdDBus<62> |   12.424(R)|SPLB_Clk_BUFGP    |   0.000|
Sl_rdDBus<63> |   12.450(R)|SPLB_Clk_BUFGP    |   0.000|
Sl_rdDBus<64> |   12.627(R)|SPLB_Clk_BUFGP    |   0.000|
Sl_rdDBus<65> |   12.585(R)|SPLB_Clk_BUFGP    |   0.000|
Sl_rdDBus<66> |   12.236(R)|SPLB_Clk_BUFGP    |   0.000|
Sl_rdDBus<67> |   12.317(R)|SPLB_Clk_BUFGP    |   0.000|
Sl_rdDBus<68> |   12.349(R)|SPLB_Clk_BUFGP    |   0.000|
Sl_rdDBus<69> |   12.100(R)|SPLB_Clk_BUFGP    |   0.000|
Sl_rdDBus<70> |   12.446(R)|SPLB_Clk_BUFGP    |   0.000|
Sl_rdDBus<71> |   12.353(R)|SPLB_Clk_BUFGP    |   0.000|
Sl_rdDBus<72> |   12.648(R)|SPLB_Clk_BUFGP    |   0.000|
Sl_rdDBus<73> |   12.617(R)|SPLB_Clk_BUFGP    |   0.000|
Sl_rdDBus<74> |   12.176(R)|SPLB_Clk_BUFGP    |   0.000|
Sl_rdDBus<75> |   12.423(R)|SPLB_Clk_BUFGP    |   0.000|
Sl_rdDBus<76> |   13.165(R)|SPLB_Clk_BUFGP    |   0.000|
Sl_rdDBus<77> |   12.448(R)|SPLB_Clk_BUFGP    |   0.000|
Sl_rdDBus<78> |   12.538(R)|SPLB_Clk_BUFGP    |   0.000|
Sl_rdDBus<79> |   12.431(R)|SPLB_Clk_BUFGP    |   0.000|
Sl_rdDBus<80> |   12.759(R)|SPLB_Clk_BUFGP    |   0.000|
Sl_rdDBus<81> |   12.360(R)|SPLB_Clk_BUFGP    |   0.000|
Sl_rdDBus<82> |   13.160(R)|SPLB_Clk_BUFGP    |   0.000|
Sl_rdDBus<83> |   12.708(R)|SPLB_Clk_BUFGP    |   0.000|
Sl_rdDBus<84> |   12.353(R)|SPLB_Clk_BUFGP    |   0.000|
Sl_rdDBus<85> |   12.888(R)|SPLB_Clk_BUFGP    |   0.000|
Sl_rdDBus<86> |   12.876(R)|SPLB_Clk_BUFGP    |   0.000|
Sl_rdDBus<87> |   13.123(R)|SPLB_Clk_BUFGP    |   0.000|
Sl_rdDBus<88> |   11.773(R)|SPLB_Clk_BUFGP    |   0.000|
Sl_rdDBus<89> |   13.800(R)|SPLB_Clk_BUFGP    |   0.000|
Sl_rdDBus<90> |   13.142(R)|SPLB_Clk_BUFGP    |   0.000|
Sl_rdDBus<91> |   12.362(R)|SPLB_Clk_BUFGP    |   0.000|
Sl_rdDBus<92> |   11.939(R)|SPLB_Clk_BUFGP    |   0.000|
Sl_rdDBus<93> |   12.481(R)|SPLB_Clk_BUFGP    |   0.000|
Sl_rdDBus<94> |   12.682(R)|SPLB_Clk_BUFGP    |   0.000|
Sl_rdDBus<95> |   12.646(R)|SPLB_Clk_BUFGP    |   0.000|
Sl_rdDBus<96> |   12.011(R)|SPLB_Clk_BUFGP    |   0.000|
Sl_rdDBus<97> |   12.525(R)|SPLB_Clk_BUFGP    |   0.000|
Sl_rdDBus<98> |   12.409(R)|SPLB_Clk_BUFGP    |   0.000|
Sl_rdDBus<99> |   12.772(R)|SPLB_Clk_BUFGP    |   0.000|
Sl_rdDBus<100>|   12.192(R)|SPLB_Clk_BUFGP    |   0.000|
Sl_rdDBus<101>|   12.064(R)|SPLB_Clk_BUFGP    |   0.000|
Sl_rdDBus<102>|   12.136(R)|SPLB_Clk_BUFGP    |   0.000|
Sl_rdDBus<103>|   12.283(R)|SPLB_Clk_BUFGP    |   0.000|
Sl_rdDBus<104>|   12.835(R)|SPLB_Clk_BUFGP    |   0.000|
Sl_rdDBus<105>|   12.883(R)|SPLB_Clk_BUFGP    |   0.000|
Sl_rdDBus<106>|   12.444(R)|SPLB_Clk_BUFGP    |   0.000|
Sl_rdDBus<107>|   12.294(R)|SPLB_Clk_BUFGP    |   0.000|
Sl_rdDBus<108>|   11.774(R)|SPLB_Clk_BUFGP    |   0.000|
Sl_rdDBus<109>|   13.376(R)|SPLB_Clk_BUFGP    |   0.000|
Sl_rdDBus<110>|   12.745(R)|SPLB_Clk_BUFGP    |   0.000|
Sl_rdDBus<111>|   12.184(R)|SPLB_Clk_BUFGP    |   0.000|
Sl_rdDBus<112>|   13.006(R)|SPLB_Clk_BUFGP    |   0.000|
Sl_rdDBus<113>|   12.336(R)|SPLB_Clk_BUFGP    |   0.000|
Sl_rdDBus<114>|   12.944(R)|SPLB_Clk_BUFGP    |   0.000|
Sl_rdDBus<115>|   13.169(R)|SPLB_Clk_BUFGP    |   0.000|
Sl_rdDBus<116>|   12.088(R)|SPLB_Clk_BUFGP    |   0.000|
Sl_rdDBus<117>|   12.623(R)|SPLB_Clk_BUFGP    |   0.000|
Sl_rdDBus<118>|   12.623(R)|SPLB_Clk_BUFGP    |   0.000|
Sl_rdDBus<119>|   13.051(R)|SPLB_Clk_BUFGP    |   0.000|
Sl_rdDBus<120>|   12.184(R)|SPLB_Clk_BUFGP    |   0.000|
Sl_rdDBus<121>|   13.766(R)|SPLB_Clk_BUFGP    |   0.000|
Sl_rdDBus<122>|   12.871(R)|SPLB_Clk_BUFGP    |   0.000|
Sl_rdDBus<123>|   13.726(R)|SPLB_Clk_BUFGP    |   0.000|
Sl_rdDBus<124>|   11.853(R)|SPLB_Clk_BUFGP    |   0.000|
Sl_rdDBus<125>|   12.484(R)|SPLB_Clk_BUFGP    |   0.000|
Sl_rdDBus<126>|   12.796(R)|SPLB_Clk_BUFGP    |   0.000|
Sl_rdDBus<127>|   12.871(R)|SPLB_Clk_BUFGP    |   0.000|
Sl_rearbitrate|   10.684(R)|SPLB_Clk_BUFGP    |   0.000|
Sl_wrComp     |   12.040(R)|SPLB_Clk_BUFGP    |   0.000|
Sl_wrDAck     |   11.771(R)|SPLB_Clk_BUFGP    |   0.000|
--------------+------------+------------------+--------+

Clock to Setup on destination clock SPLB_Clk
---------------+---------+---------+---------+---------+
               | Src:Rise| Src:Fall| Src:Rise| Src:Fall|
Source Clock   |Dest:Rise|Dest:Rise|Dest:Fall|Dest:Fall|
---------------+---------+---------+---------+---------+
SPLB_Clk       |    8.649|         |    6.230|    4.776|
---------------+---------+---------+---------+---------+


Analysis completed Fri Oct 06 18:10:59 2017 
--------------------------------------------------------------------------------

Trace Settings:
-------------------------
Trace Settings 

Peak Memory Usage: 328 MB



