--------------------------------------------------------------------------------
Release 14.7 Trace  (nt)
Copyright (c) 1995-2013 Xilinx, Inc.  All rights reserved.

G:\Xilinx\14.7\ISE_DS\ISE\bin\nt\unwrapped\trce.exe -intstyle ise -v 3 -s 10 -n
3 -fastpaths -xml plb_dac.twx plb_dac.ncd -o plb_dac.twr plb_dac.pcf

Design file:              plb_dac.ncd
Physical constraint file: plb_dac.pcf
Device,package,speed:     xc4vsx55,ff1148,-10 (PRODUCTION 1.71 2013-10-13, STEPPING level 1)
Report level:             verbose report

Environment Variable      Effect 
--------------------      ------ 
NONE                      No environment variables were set
--------------------------------------------------------------------------------

INFO:Timing:2698 - No timing constraints found, doing default enumeration.
INFO:Timing:3412 - To improve timing, see the Timing Closure User Guide (UG612).
INFO:Timing:2752 - To get complete path coverage, use the unconstrained paths 
   option. All paths that are not constrained will be reported in the 
   unconstrained paths section(s) of the report.
INFO:Timing:3339 - The clock-to-out numbers in this timing report are based on 
   a 50 Ohm transmission line loading model.  For the details of this model, 
   and for more information on accounting for different loading conditions, 
   please see the device datasheet.



Data Sheet report:
-----------------
All values displayed in nanoseconds (ns)

Setup/Hold to clock SPLB_Clk
---------------+------------+------------+------------------+--------+
               |Max Setup to|Max Hold to |                  | Clock  |
Source         | clk (edge) | clk (edge) |Internal Clock(s) | Phase  |
---------------+------------+------------+------------------+--------+
PLB_ABus<0>    |   -2.965(R)|    4.505(R)|SPLB_Clk_BUFGP    |   0.000|
PLB_ABus<1>    |   -2.743(R)|    4.304(R)|SPLB_Clk_BUFGP    |   0.000|
PLB_ABus<2>    |   -2.809(R)|    4.364(R)|SPLB_Clk_BUFGP    |   0.000|
PLB_ABus<3>    |   -2.542(R)|    4.121(R)|SPLB_Clk_BUFGP    |   0.000|
PLB_ABus<4>    |   -2.757(R)|    4.314(R)|SPLB_Clk_BUFGP    |   0.000|
PLB_ABus<5>    |   -2.940(R)|    4.485(R)|SPLB_Clk_BUFGP    |   0.000|
PLB_ABus<6>    |   -2.897(R)|    4.436(R)|SPLB_Clk_BUFGP    |   0.000|
PLB_ABus<7>    |   -2.653(R)|    4.213(R)|SPLB_Clk_BUFGP    |   0.000|
PLB_ABus<8>    |   -2.942(R)|    4.483(R)|SPLB_Clk_BUFGP    |   0.000|
PLB_ABus<9>    |   -2.671(R)|    4.237(R)|SPLB_Clk_BUFGP    |   0.000|
PLB_ABus<10>   |   -2.905(R)|    4.442(R)|SPLB_Clk_BUFGP    |   0.000|
PLB_ABus<11>   |   -2.667(R)|    4.223(R)|SPLB_Clk_BUFGP    |   0.000|
PLB_ABus<12>   |   -2.896(R)|    4.442(R)|SPLB_Clk_BUFGP    |   0.000|
PLB_ABus<13>   |   -2.769(R)|    4.326(R)|SPLB_Clk_BUFGP    |   0.000|
PLB_ABus<14>   |   -2.735(R)|    4.297(R)|SPLB_Clk_BUFGP    |   0.000|
PLB_ABus<15>   |   -2.688(R)|    4.255(R)|SPLB_Clk_BUFGP    |   0.000|
PLB_ABus<16>   |   -2.917(R)|    4.465(R)|SPLB_Clk_BUFGP    |   0.000|
PLB_ABus<17>   |   -2.620(R)|    4.190(R)|SPLB_Clk_BUFGP    |   0.000|
PLB_ABus<18>   |   -2.767(R)|    4.326(R)|SPLB_Clk_BUFGP    |   0.000|
PLB_ABus<19>   |   -2.797(R)|    4.354(R)|SPLB_Clk_BUFGP    |   0.000|
PLB_ABus<20>   |   -2.896(R)|    4.439(R)|SPLB_Clk_BUFGP    |   0.000|
PLB_ABus<21>   |   -2.953(R)|    4.489(R)|SPLB_Clk_BUFGP    |   0.000|
PLB_ABus<22>   |   -2.918(R)|    4.461(R)|SPLB_Clk_BUFGP    |   0.000|
PLB_ABus<23>   |   -2.547(R)|    4.119(R)|SPLB_Clk_BUFGP    |   0.000|
PLB_ABus<24>   |   -2.535(R)|    4.108(R)|SPLB_Clk_BUFGP    |   0.000|
PLB_ABus<25>   |   -2.745(R)|    4.302(R)|SPLB_Clk_BUFGP    |   0.000|
PLB_ABus<26>   |   -2.568(R)|    4.130(R)|SPLB_Clk_BUFGP    |   0.000|
PLB_ABus<27>   |   -2.733(R)|    4.285(R)|SPLB_Clk_BUFGP    |   0.000|
PLB_ABus<28>   |   -0.153(R)|    3.946(R)|SPLB_Clk_BUFGP    |   0.000|
PLB_ABus<29>   |   -0.025(R)|    4.147(R)|SPLB_Clk_BUFGP    |   0.000|
PLB_ABus<30>   |   -2.944(R)|    4.478(R)|SPLB_Clk_BUFGP    |   0.000|
PLB_ABus<31>   |   -2.937(R)|    4.475(R)|SPLB_Clk_BUFGP    |   0.000|
PLB_BE<0>      |   -1.860(R)|    3.343(R)|SPLB_Clk_BUFGP    |   0.000|
PLB_BE<1>      |   -2.132(R)|    3.590(R)|SPLB_Clk_BUFGP    |   0.000|
PLB_BE<2>      |   -1.722(R)|    3.218(R)|SPLB_Clk_BUFGP    |   0.000|
PLB_BE<3>      |   -1.862(R)|    3.369(R)|SPLB_Clk_BUFGP    |   0.000|
PLB_BE<4>      |   -1.877(R)|    3.362(R)|SPLB_Clk_BUFGP    |   0.000|
PLB_BE<5>      |   -1.864(R)|    3.351(R)|SPLB_Clk_BUFGP    |   0.000|
PLB_BE<6>      |   -1.837(R)|    3.326(R)|SPLB_Clk_BUFGP    |   0.000|
PLB_BE<7>      |   -1.778(R)|    3.289(R)|SPLB_Clk_BUFGP    |   0.000|
PLB_BE<8>      |   -1.755(R)|    3.246(R)|SPLB_Clk_BUFGP    |   0.000|
PLB_BE<9>      |   -2.070(R)|    3.537(R)|SPLB_Clk_BUFGP    |   0.000|
PLB_BE<10>     |   -1.894(R)|    3.379(R)|SPLB_Clk_BUFGP    |   0.000|
PLB_BE<11>     |   -1.939(R)|    3.437(R)|SPLB_Clk_BUFGP    |   0.000|
PLB_BE<12>     |   -2.006(R)|    3.480(R)|SPLB_Clk_BUFGP    |   0.000|
PLB_BE<13>     |   -1.748(R)|    3.239(R)|SPLB_Clk_BUFGP    |   0.000|
PLB_BE<14>     |   -2.139(R)|    3.599(R)|SPLB_Clk_BUFGP    |   0.000|
PLB_BE<15>     |   -2.051(R)|    3.542(R)|SPLB_Clk_BUFGP    |   0.000|
PLB_PAValid    |   -2.154(R)|    3.743(R)|SPLB_Clk_BUFGP    |   0.000|
PLB_RNW        |   -2.136(R)|    3.620(R)|SPLB_Clk_BUFGP    |   0.000|
PLB_masterID<0>|   -2.531(R)|    3.956(R)|SPLB_Clk_BUFGP    |   0.000|
PLB_masterID<1>|   -2.302(R)|    3.745(R)|SPLB_Clk_BUFGP    |   0.000|
PLB_masterID<2>|   -1.608(R)|    3.095(R)|SPLB_Clk_BUFGP    |   0.000|
PLB_size<0>    |   -1.882(R)|    3.359(R)|SPLB_Clk_BUFGP    |   0.000|
PLB_size<1>    |   -1.701(R)|    3.196(R)|SPLB_Clk_BUFGP    |   0.000|
PLB_size<2>    |   -1.690(R)|    3.182(R)|SPLB_Clk_BUFGP    |   0.000|
PLB_size<3>    |   -1.688(R)|    3.182(R)|SPLB_Clk_BUFGP    |   0.000|
PLB_type<0>    |   -2.412(R)|    3.991(R)|SPLB_Clk_BUFGP    |   0.000|
PLB_type<1>    |   -2.500(R)|    4.071(R)|SPLB_Clk_BUFGP    |   0.000|
PLB_type<2>    |   -2.492(R)|    4.061(R)|SPLB_Clk_BUFGP    |   0.000|
PLB_wrDBus<0>  |   -1.624(R)|    3.155(R)|SPLB_Clk_BUFGP    |   0.000|
PLB_wrDBus<1>  |   -1.937(R)|    3.444(R)|SPLB_Clk_BUFGP    |   0.000|
PLB_wrDBus<2>  |   -1.711(R)|    3.232(R)|SPLB_Clk_BUFGP    |   0.000|
PLB_wrDBus<3>  |   -1.990(R)|    3.489(R)|SPLB_Clk_BUFGP    |   0.000|
PLB_wrDBus<4>  |   -1.568(R)|    3.117(R)|SPLB_Clk_BUFGP    |   0.000|
PLB_wrDBus<5>  |   -1.933(R)|    3.453(R)|SPLB_Clk_BUFGP    |   0.000|
PLB_wrDBus<6>  |   -1.924(R)|    3.434(R)|SPLB_Clk_BUFGP    |   0.000|
PLB_wrDBus<7>  |   -1.657(R)|    3.187(R)|SPLB_Clk_BUFGP    |   0.000|
PLB_wrDBus<8>  |   -1.850(R)|    3.381(R)|SPLB_Clk_BUFGP    |   0.000|
PLB_wrDBus<9>  |   -1.689(R)|    3.232(R)|SPLB_Clk_BUFGP    |   0.000|
PLB_wrDBus<10> |   -1.887(R)|    3.412(R)|SPLB_Clk_BUFGP    |   0.000|
PLB_wrDBus<11> |   -1.897(R)|    3.422(R)|SPLB_Clk_BUFGP    |   0.000|
PLB_wrDBus<12> |   -1.693(R)|    3.233(R)|SPLB_Clk_BUFGP    |   0.000|
PLB_wrDBus<13> |   -1.947(R)|    3.469(R)|SPLB_Clk_BUFGP    |   0.000|
PLB_wrDBus<14> |   -1.622(R)|    3.188(R)|SPLB_Clk_BUFGP    |   0.000|
PLB_wrDBus<15> |   -1.646(R)|    3.211(R)|SPLB_Clk_BUFGP    |   0.000|
PLB_wrDBus<16> |   -2.410(R)|    3.879(R)|SPLB_Clk_BUFGP    |   0.000|
PLB_wrDBus<17> |   -1.929(R)|    3.439(R)|SPLB_Clk_BUFGP    |   0.000|
PLB_wrDBus<18> |   -2.148(R)|    3.636(R)|SPLB_Clk_BUFGP    |   0.000|
PLB_wrDBus<19> |   -1.912(R)|    3.420(R)|SPLB_Clk_BUFGP    |   0.000|
PLB_wrDBus<20> |   -1.980(R)|    3.487(R)|SPLB_Clk_BUFGP    |   0.000|
PLB_wrDBus<21> |   -1.995(R)|    3.498(R)|SPLB_Clk_BUFGP    |   0.000|
PLB_wrDBus<22> |   -1.938(R)|    3.430(R)|SPLB_Clk_BUFGP    |   0.000|
PLB_wrDBus<23> |   -1.855(R)|    3.352(R)|SPLB_Clk_BUFGP    |   0.000|
PLB_wrDBus<24> |   -1.963(R)|    3.476(R)|SPLB_Clk_BUFGP    |   0.000|
PLB_wrDBus<25> |   -1.959(R)|    3.475(R)|SPLB_Clk_BUFGP    |   0.000|
PLB_wrDBus<26> |   -1.923(R)|    3.429(R)|SPLB_Clk_BUFGP    |   0.000|
PLB_wrDBus<27> |   -2.180(R)|    3.667(R)|SPLB_Clk_BUFGP    |   0.000|
PLB_wrDBus<28> |   -2.609(R)|    4.021(R)|SPLB_Clk_BUFGP    |   0.000|
PLB_wrDBus<29> |   -2.585(R)|    3.998(R)|SPLB_Clk_BUFGP    |   0.000|
PLB_wrDBus<30> |   -2.202(R)|    3.657(R)|SPLB_Clk_BUFGP    |   0.000|
PLB_wrDBus<31> |   -2.387(R)|    3.827(R)|SPLB_Clk_BUFGP    |   0.000|
SPLB_Rst       |    4.078(R)|    3.207(R)|SPLB_Clk_BUFGP    |   0.000|
               |    2.978(F)|    0.572(F)|SPLB_Clk_BUFGP    |   0.000|
S_Format_I     |    0.410(R)|    2.594(R)|SPLB_Clk_BUFGP    |   0.000|
---------------+------------+------------+------------------+--------+

Clock SPLB_Clk to Pad
--------------+------------+------------------+--------+
              | clk (edge) |                  | Clock  |
Destination   |   to PAD   |Internal Clock(s) | Phase  |
--------------+------------+------------------+--------+
S_ClkMD       |   11.951(R)|SPLB_Clk_BUFGP    |   0.000|
S_Clkout      |   14.432(R)|SPLB_Clk_BUFGP    |   0.000|
S_DCLKIO      |   14.236(R)|SPLB_Clk_BUFGP    |   0.000|
S_Data<0>     |   13.155(R)|SPLB_Clk_BUFGP    |   0.000|
              |   12.442(F)|SPLB_Clk_BUFGP    |   0.000|
S_Data<1>     |   14.053(R)|SPLB_Clk_BUFGP    |   0.000|
              |   13.671(F)|SPLB_Clk_BUFGP    |   0.000|
S_Data<2>     |   13.491(R)|SPLB_Clk_BUFGP    |   0.000|
              |   13.933(F)|SPLB_Clk_BUFGP    |   0.000|
S_Data<3>     |   13.810(R)|SPLB_Clk_BUFGP    |   0.000|
              |   13.318(F)|SPLB_Clk_BUFGP    |   0.000|
S_Data<4>     |   14.702(R)|SPLB_Clk_BUFGP    |   0.000|
              |   13.982(F)|SPLB_Clk_BUFGP    |   0.000|
S_Data<5>     |   14.188(R)|SPLB_Clk_BUFGP    |   0.000|
              |   13.388(F)|SPLB_Clk_BUFGP    |   0.000|
S_Data<6>     |   14.508(R)|SPLB_Clk_BUFGP    |   0.000|
              |   14.230(F)|SPLB_Clk_BUFGP    |   0.000|
S_Data<7>     |   14.758(R)|SPLB_Clk_BUFGP    |   0.000|
              |   14.136(F)|SPLB_Clk_BUFGP    |   0.000|
S_Data<8>     |   14.341(R)|SPLB_Clk_BUFGP    |   0.000|
              |   13.783(F)|SPLB_Clk_BUFGP    |   0.000|
S_Data<9>     |   14.563(R)|SPLB_Clk_BUFGP    |   0.000|
              |   13.618(F)|SPLB_Clk_BUFGP    |   0.000|
S_Format_O    |   11.687(R)|SPLB_Clk_BUFGP    |   0.000|
S_Format_T    |   11.868(R)|SPLB_Clk_BUFGP    |   0.000|
S_OpEnI       |   12.738(R)|SPLB_Clk_BUFGP    |   0.000|
S_OpEnQ       |   12.164(R)|SPLB_Clk_BUFGP    |   0.000|
S_PWRDN       |   11.391(R)|SPLB_Clk_BUFGP    |   0.000|
S_PinMD       |   11.954(R)|SPLB_Clk_BUFGP    |   0.000|
Sl_MBusy<0>   |   10.865(R)|SPLB_Clk_BUFGP    |   0.000|
Sl_MBusy<1>   |   10.916(R)|SPLB_Clk_BUFGP    |   0.000|
Sl_MBusy<2>   |   11.053(R)|SPLB_Clk_BUFGP    |   0.000|
Sl_MBusy<3>   |   11.203(R)|SPLB_Clk_BUFGP    |   0.000|
Sl_MBusy<4>   |   11.244(R)|SPLB_Clk_BUFGP    |   0.000|
Sl_MBusy<5>   |   11.126(R)|SPLB_Clk_BUFGP    |   0.000|
Sl_MBusy<6>   |   10.608(R)|SPLB_Clk_BUFGP    |   0.000|
Sl_MBusy<7>   |   11.133(R)|SPLB_Clk_BUFGP    |   0.000|
Sl_MRdErr<0>  |   11.139(R)|SPLB_Clk_BUFGP    |   0.000|
Sl_MRdErr<1>  |   11.149(R)|SPLB_Clk_BUFGP    |   0.000|
Sl_MRdErr<2>  |   11.032(R)|SPLB_Clk_BUFGP    |   0.000|
Sl_MRdErr<3>  |   10.909(R)|SPLB_Clk_BUFGP    |   0.000|
Sl_MRdErr<4>  |   11.047(R)|SPLB_Clk_BUFGP    |   0.000|
Sl_MRdErr<5>  |   10.859(R)|SPLB_Clk_BUFGP    |   0.000|
Sl_MRdErr<6>  |   11.181(R)|SPLB_Clk_BUFGP    |   0.000|
Sl_MRdErr<7>  |   11.089(R)|SPLB_Clk_BUFGP    |   0.000|
Sl_MWrErr<0>  |   11.592(R)|SPLB_Clk_BUFGP    |   0.000|
Sl_MWrErr<1>  |   10.840(R)|SPLB_Clk_BUFGP    |   0.000|
Sl_MWrErr<2>  |   10.821(R)|SPLB_Clk_BUFGP    |   0.000|
Sl_MWrErr<3>  |   10.834(R)|SPLB_Clk_BUFGP    |   0.000|
Sl_MWrErr<4>  |   10.423(R)|SPLB_Clk_BUFGP    |   0.000|
Sl_MWrErr<5>  |   10.427(R)|SPLB_Clk_BUFGP    |   0.000|
Sl_MWrErr<6>  |   10.422(R)|SPLB_Clk_BUFGP    |   0.000|
Sl_MWrErr<7>  |   10.852(R)|SPLB_Clk_BUFGP    |   0.000|
Sl_addrAck    |   11.650(R)|SPLB_Clk_BUFGP    |   0.000|
Sl_rdComp     |   12.276(R)|SPLB_Clk_BUFGP    |   0.000|
Sl_rdDAck     |   12.340(R)|SPLB_Clk_BUFGP    |   0.000|
Sl_rdDBus<0>  |   12.370(R)|SPLB_Clk_BUFGP    |   0.000|
Sl_rdDBus<1>  |   12.941(R)|SPLB_Clk_BUFGP    |   0.000|
Sl_rdDBus<2>  |   11.690(R)|SPLB_Clk_BUFGP    |   0.000|
Sl_rdDBus<3>  |   12.599(R)|SPLB_Clk_BUFGP    |   0.000|
Sl_rdDBus<4>  |   13.320(R)|SPLB_Clk_BUFGP    |   0.000|
Sl_rdDBus<5>  |   12.573(R)|SPLB_Clk_BUFGP    |   0.000|
Sl_rdDBus<6>  |   12.465(R)|SPLB_Clk_BUFGP    |   0.000|
Sl_rdDBus<7>  |   12.566(R)|SPLB_Clk_BUFGP    |   0.000|
Sl_rdDBus<8>  |   12.207(R)|SPLB_Clk_BUFGP    |   0.000|
Sl_rdDBus<9>  |   11.914(R)|SPLB_Clk_BUFGP    |   0.000|
Sl_rdDBus<10> |   12.077(R)|SPLB_Clk_BUFGP    |   0.000|
Sl_rdDBus<11> |   12.692(R)|SPLB_Clk_BUFGP    |   0.000|
Sl_rdDBus<12> |   11.944(R)|SPLB_Clk_BUFGP    |   0.000|
Sl_rdDBus<13> |   12.615(R)|SPLB_Clk_BUFGP    |   0.000|
Sl_rdDBus<14> |   12.166(R)|SPLB_Clk_BUFGP    |   0.000|
Sl_rdDBus<15> |   11.679(R)|SPLB_Clk_BUFGP    |   0.000|
Sl_rdDBus<16> |   11.914(R)|SPLB_Clk_BUFGP    |   0.000|
Sl_rdDBus<17> |   11.830(R)|SPLB_Clk_BUFGP    |   0.000|
Sl_rdDBus<18> |   12.544(R)|SPLB_Clk_BUFGP    |   0.000|
Sl_rdDBus<19> |   13.508(R)|SPLB_Clk_BUFGP    |   0.000|
Sl_rdDBus<20> |   12.643(R)|SPLB_Clk_BUFGP    |   0.000|
Sl_rdDBus<21> |   12.401(R)|SPLB_Clk_BUFGP    |   0.000|
Sl_rdDBus<22> |   12.317(R)|SPLB_Clk_BUFGP    |   0.000|
Sl_rdDBus<23> |   12.360(R)|SPLB_Clk_BUFGP    |   0.000|
Sl_rdDBus<24> |   12.553(R)|SPLB_Clk_BUFGP    |   0.000|
Sl_rdDBus<25> |   11.944(R)|SPLB_Clk_BUFGP    |   0.000|
Sl_rdDBus<26> |   12.016(R)|SPLB_Clk_BUFGP    |   0.000|
Sl_rdDBus<27> |   12.417(R)|SPLB_Clk_BUFGP    |   0.000|
Sl_rdDBus<28> |   13.409(R)|SPLB_Clk_BUFGP    |   0.000|
Sl_rdDBus<29> |   12.497(R)|SPLB_Clk_BUFGP    |   0.000|
Sl_rdDBus<30> |   12.674(R)|SPLB_Clk_BUFGP    |   0.000|
Sl_rdDBus<31> |   12.512(R)|SPLB_Clk_BUFGP    |   0.000|
Sl_rdDBus<32> |   12.577(R)|SPLB_Clk_BUFGP    |   0.000|
Sl_rdDBus<33> |   13.164(R)|SPLB_Clk_BUFGP    |   0.000|
Sl_rdDBus<34> |   12.030(R)|SPLB_Clk_BUFGP    |   0.000|
Sl_rdDBus<35> |   12.860(R)|SPLB_Clk_BUFGP    |   0.000|
Sl_rdDBus<36> |   13.584(R)|SPLB_Clk_BUFGP    |   0.000|
Sl_rdDBus<37> |   13.385(R)|SPLB_Clk_BUFGP    |   0.000|
Sl_rdDBus<38> |   12.411(R)|SPLB_Clk_BUFGP    |   0.000|
Sl_rdDBus<39> |   12.956(R)|SPLB_Clk_BUFGP    |   0.000|
Sl_rdDBus<40> |   12.573(R)|SPLB_Clk_BUFGP    |   0.000|
Sl_rdDBus<41> |   11.914(R)|SPLB_Clk_BUFGP    |   0.000|
Sl_rdDBus<42> |   12.304(R)|SPLB_Clk_BUFGP    |   0.000|
Sl_rdDBus<43> |   12.764(R)|SPLB_Clk_BUFGP    |   0.000|
Sl_rdDBus<44> |   11.886(R)|SPLB_Clk_BUFGP    |   0.000|
Sl_rdDBus<45> |   12.112(R)|SPLB_Clk_BUFGP    |   0.000|
Sl_rdDBus<46> |   12.575(R)|SPLB_Clk_BUFGP    |   0.000|
Sl_rdDBus<47> |   12.510(R)|SPLB_Clk_BUFGP    |   0.000|
Sl_rdDBus<48> |   12.794(R)|SPLB_Clk_BUFGP    |   0.000|
Sl_rdDBus<49> |   12.100(R)|SPLB_Clk_BUFGP    |   0.000|
Sl_rdDBus<50> |   12.564(R)|SPLB_Clk_BUFGP    |   0.000|
Sl_rdDBus<51> |   13.154(R)|SPLB_Clk_BUFGP    |   0.000|
Sl_rdDBus<52> |   12.571(R)|SPLB_Clk_BUFGP    |   0.000|
Sl_rdDBus<53> |   12.614(R)|SPLB_Clk_BUFGP    |   0.000|
Sl_rdDBus<54> |   12.758(R)|SPLB_Clk_BUFGP    |   0.000|
Sl_rdDBus<55> |   12.534(R)|SPLB_Clk_BUFGP    |   0.000|
Sl_rdDBus<56> |   12.505(R)|SPLB_Clk_BUFGP    |   0.000|
Sl_rdDBus<57> |   12.736(R)|SPLB_Clk_BUFGP    |   0.000|
Sl_rdDBus<58> |   12.975(R)|SPLB_Clk_BUFGP    |   0.000|
Sl_rdDBus<59> |   12.680(R)|SPLB_Clk_BUFGP    |   0.000|
Sl_rdDBus<60> |   11.900(R)|SPLB_Clk_BUFGP    |   0.000|
Sl_rdDBus<61> |   12.237(R)|SPLB_Clk_BUFGP    |   0.000|
Sl_rdDBus<62> |   12.695(R)|SPLB_Clk_BUFGP    |   0.000|
Sl_rdDBus<63> |   12.768(R)|SPLB_Clk_BUFGP    |   0.000|
Sl_rdDBus<64> |   13.259(R)|SPLB_Clk_BUFGP    |   0.000|
Sl_rdDBus<65> |   12.909(R)|SPLB_Clk_BUFGP    |   0.000|
Sl_rdDBus<66> |   12.302(R)|SPLB_Clk_BUFGP    |   0.000|
Sl_rdDBus<67> |   12.765(R)|SPLB_Clk_BUFGP    |   0.000|
Sl_rdDBus<68> |   13.090(R)|SPLB_Clk_BUFGP    |   0.000|
Sl_rdDBus<69> |   13.399(R)|SPLB_Clk_BUFGP    |   0.000|
Sl_rdDBus<70> |   12.490(R)|SPLB_Clk_BUFGP    |   0.000|
Sl_rdDBus<71> |   12.247(R)|SPLB_Clk_BUFGP    |   0.000|
Sl_rdDBus<72> |   11.901(R)|SPLB_Clk_BUFGP    |   0.000|
Sl_rdDBus<73> |   12.075(R)|SPLB_Clk_BUFGP    |   0.000|
Sl_rdDBus<74> |   12.073(R)|SPLB_Clk_BUFGP    |   0.000|
Sl_rdDBus<75> |   12.203(R)|SPLB_Clk_BUFGP    |   0.000|
Sl_rdDBus<76> |   12.148(R)|SPLB_Clk_BUFGP    |   0.000|
Sl_rdDBus<77> |   12.702(R)|SPLB_Clk_BUFGP    |   0.000|
Sl_rdDBus<78> |   12.586(R)|SPLB_Clk_BUFGP    |   0.000|
Sl_rdDBus<79> |   12.065(R)|SPLB_Clk_BUFGP    |   0.000|
Sl_rdDBus<80> |   12.539(R)|SPLB_Clk_BUFGP    |   0.000|
Sl_rdDBus<81> |   12.264(R)|SPLB_Clk_BUFGP    |   0.000|
Sl_rdDBus<82> |   12.438(R)|SPLB_Clk_BUFGP    |   0.000|
Sl_rdDBus<83> |   13.306(R)|SPLB_Clk_BUFGP    |   0.000|
Sl_rdDBus<84> |   12.397(R)|SPLB_Clk_BUFGP    |   0.000|
Sl_rdDBus<85> |   12.533(R)|SPLB_Clk_BUFGP    |   0.000|
Sl_rdDBus<86> |   12.497(R)|SPLB_Clk_BUFGP    |   0.000|
Sl_rdDBus<87> |   12.631(R)|SPLB_Clk_BUFGP    |   0.000|
Sl_rdDBus<88> |   11.851(R)|SPLB_Clk_BUFGP    |   0.000|
Sl_rdDBus<89> |   12.316(R)|SPLB_Clk_BUFGP    |   0.000|
Sl_rdDBus<90> |   12.474(R)|SPLB_Clk_BUFGP    |   0.000|
Sl_rdDBus<91> |   12.260(R)|SPLB_Clk_BUFGP    |   0.000|
Sl_rdDBus<92> |   12.317(R)|SPLB_Clk_BUFGP    |   0.000|
Sl_rdDBus<93> |   12.472(R)|SPLB_Clk_BUFGP    |   0.000|
Sl_rdDBus<94> |   12.049(R)|SPLB_Clk_BUFGP    |   0.000|
Sl_rdDBus<95> |   12.652(R)|SPLB_Clk_BUFGP    |   0.000|
Sl_rdDBus<96> |   13.536(R)|SPLB_Clk_BUFGP    |   0.000|
Sl_rdDBus<97> |   13.203(R)|SPLB_Clk_BUFGP    |   0.000|
Sl_rdDBus<98> |   12.006(R)|SPLB_Clk_BUFGP    |   0.000|
Sl_rdDBus<99> |   13.022(R)|SPLB_Clk_BUFGP    |   0.000|
Sl_rdDBus<100>|   13.207(R)|SPLB_Clk_BUFGP    |   0.000|
Sl_rdDBus<101>|   13.140(R)|SPLB_Clk_BUFGP    |   0.000|
Sl_rdDBus<102>|   12.203(R)|SPLB_Clk_BUFGP    |   0.000|
Sl_rdDBus<103>|   12.693(R)|SPLB_Clk_BUFGP    |   0.000|
Sl_rdDBus<104>|   12.152(R)|SPLB_Clk_BUFGP    |   0.000|
Sl_rdDBus<105>|   12.333(R)|SPLB_Clk_BUFGP    |   0.000|
Sl_rdDBus<106>|   12.035(R)|SPLB_Clk_BUFGP    |   0.000|
Sl_rdDBus<107>|   12.052(R)|SPLB_Clk_BUFGP    |   0.000|
Sl_rdDBus<108>|   12.148(R)|SPLB_Clk_BUFGP    |   0.000|
Sl_rdDBus<109>|   12.486(R)|SPLB_Clk_BUFGP    |   0.000|
Sl_rdDBus<110>|   12.858(R)|SPLB_Clk_BUFGP    |   0.000|
Sl_rdDBus<111>|   12.192(R)|SPLB_Clk_BUFGP    |   0.000|
Sl_rdDBus<112>|   12.122(R)|SPLB_Clk_BUFGP    |   0.000|
Sl_rdDBus<113>|   12.423(R)|SPLB_Clk_BUFGP    |   0.000|
Sl_rdDBus<114>|   12.608(R)|SPLB_Clk_BUFGP    |   0.000|
Sl_rdDBus<115>|   13.305(R)|SPLB_Clk_BUFGP    |   0.000|
Sl_rdDBus<116>|   12.908(R)|SPLB_Clk_BUFGP    |   0.000|
Sl_rdDBus<117>|   12.104(R)|SPLB_Clk_BUFGP    |   0.000|
Sl_rdDBus<118>|   12.429(R)|SPLB_Clk_BUFGP    |   0.000|
Sl_rdDBus<119>|   12.802(R)|SPLB_Clk_BUFGP    |   0.000|
Sl_rdDBus<120>|   12.303(R)|SPLB_Clk_BUFGP    |   0.000|
Sl_rdDBus<121>|   12.472(R)|SPLB_Clk_BUFGP    |   0.000|
Sl_rdDBus<122>|   12.864(R)|SPLB_Clk_BUFGP    |   0.000|
Sl_rdDBus<123>|   11.721(R)|SPLB_Clk_BUFGP    |   0.000|
Sl_rdDBus<124>|   13.666(R)|SPLB_Clk_BUFGP    |   0.000|
Sl_rdDBus<125>|   11.955(R)|SPLB_Clk_BUFGP    |   0.000|
Sl_rdDBus<126>|   12.572(R)|SPLB_Clk_BUFGP    |   0.000|
Sl_rdDBus<127>|   12.690(R)|SPLB_Clk_BUFGP    |   0.000|
Sl_rearbitrate|   10.791(R)|SPLB_Clk_BUFGP    |   0.000|
Sl_wrComp     |   12.182(R)|SPLB_Clk_BUFGP    |   0.000|
Sl_wrDAck     |   12.017(R)|SPLB_Clk_BUFGP    |   0.000|
--------------+------------+------------------+--------+

Clock to Setup on destination clock SPLB_Clk
---------------+---------+---------+---------+---------+
               | Src:Rise| Src:Fall| Src:Rise| Src:Fall|
Source Clock   |Dest:Rise|Dest:Rise|Dest:Fall|Dest:Fall|
---------------+---------+---------+---------+---------+
SPLB_Clk       |    8.916|         |    6.426|    5.475|
---------------+---------+---------+---------+---------+


Analysis completed Thu Oct 05 22:23:05 2017 
--------------------------------------------------------------------------------

Trace Settings:
-------------------------
Trace Settings 

Peak Memory Usage: 327 MB



